00601{"daemon_event_id":1,"daemon_event_name":"init","thread_id":0,"packet_id":0,"source":"cfgs\/dns_subclassification_and_process_response_disable\/pcap\/dns.pcap","alias":"nDPId-test","version":"1.6.0","ndpi_version":"4.9.0-4628-142c8f5","max-flows-per-thread":2048,"max-idle-flows-per-thread":64,"reader-thread-count":1,"flow-scan-interval":10000000,"generic-max-idle-time":600000000,"icmp-max-idle-time":120000000,"udp-max-idle-time":180000000,"tcp-max-idle-time":7560000000,"max-packets-per-flow-to-send":5,"max-packets-per-flow-to-process":32,"max-packets-per-flow-to-analyse":32,"global_ts_usec":0}
00825{"daemon_event_id":4,"daemon_event_name":"status","thread_id":0,"packet_id":1,"source":"cfgs\/dns_subclassification_and_process_response_disable\/pcap\/dns.pcap","alias":"nDPId-test","version":"1.6.0","ndpi_version":"4.9.0-4628-142c8f5","packets-captured":1,"packets-processed":0,"pfring_active":false,"pfring_recv":0,"pfring_drop":0,"pfring_shunt":0,"total-skipped-flows":0,"total-l4-payload-len":0,"total-not-detected-flows":0,"total-guessed-flows":0,"total-detected-flows":0,"total-detection-updates":0,"total-updates":0,"current-active-flows":0,"total-active-flows":0,"total-idle-flows":0,"total-compressions":0,"total-compression-diff":0,"current-compression-diff":0,"global-alloc-count":0,"global-free-count":0,"global-alloc-bytes":0,"global-free-bytes":0,"total-events-serialized":2,"global_ts_usec":1112172654366527}
00815{"flow_event_id":1,"flow_event_name":"new","thread_id":0,"packet_id":1,"source":"cfgs\/dns_subclassification_and_process_response_disable\/pcap\/dns.pcap","alias":"nDPId-test","flow_id":1,"flow_state":"info","flow_src_packets_processed":1,"flow_dst_packets_processed":0,"flow_first_seen":1112172654366527,"flow_src_last_pkt_time":1112172654366527,"flow_dst_last_pkt_time":1112172654366527,"flow_idle_time":200000000,"flow_src_min_l4_payload_len":34,"flow_dst_min_l4_payload_len":0,"flow_src_max_l4_payload_len":34,"flow_dst_max_l4_payload_len":0,"flow_src_tot_l4_payload_len":34,"flow_dst_tot_l4_payload_len":0,"midstream":0,"thread_ts_usec":1112172654366527,"l3_proto":"ip4","src_ip":"192.168.170.20","dst_ip":"192.168.170.8","src_port":53,"dst_port":32795,"l4_proto":"udp","flow_datalink":1,"flow_max_packets":5}
00594{"packet_event_id":2,"packet_event_name":"packet-flow","thread_id":0,"packet_id":1,"source":"cfgs\/dns_subclassification_and_process_response_disable\/pcap\/dns.pcap","alias":"nDPId-test","flow_id":1,"flow_packet_id":1,"flow_src_last_pkt_time":1112172654366527,"flow_dst_last_pkt_time":1112172654366527,"flow_idle_time":200000000,"pkt_datalink":1,"pkt_caplen":76,"pkt_type":2048,"pkt_l3_offset":14,"pkt_l4_offset":34,"pkt_len":76,"pkt_l4_len":42,"thread_ts_usec":1112172654366527,"pkt":"AOAYsQytAMCfMkGMCABFAAA+1TkAAIARkAfAqKoUwKiqCAA1gBsAKryJ3KKBgAABAAAAAAAAA3d3dwFsBmdvb2dsZQNjb20AABwAAQ=="}
01109{"flow_event_id":7,"flow_event_name":"detected","thread_id":0,"packet_id":1,"source":"cfgs\/dns_subclassification_and_process_response_disable\/pcap\/dns.pcap","alias":"nDPId-test","flow_id":1,"flow_state":"info","flow_src_packets_processed":1,"flow_dst_packets_processed":0,"flow_first_seen":1112172654366527,"flow_src_last_pkt_time":1112172654366527,"flow_dst_last_pkt_time":1112172654366527,"flow_idle_time":200000000,"flow_src_min_l4_payload_len":34,"flow_dst_min_l4_payload_len":0,"flow_src_max_l4_payload_len":34,"flow_dst_max_l4_payload_len":0,"flow_src_tot_l4_payload_len":34,"flow_dst_tot_l4_payload_len":0,"midstream":0,"thread_ts_usec":1112172654366527,"l3_proto":"ip4","src_ip":"192.168.170.20","dst_ip":"192.168.170.8","src_port":53,"dst_port":32795,"l4_proto":"udp","ndpi": {"confidence": {"6":"DPI"},"proto":"DNS.Google","proto_id":"5.126","proto_by_ip":"Unknown","proto_by_ip_id":0,"encrypted":0,"breed":"Acceptable","category_id":14,"category":"Network","hostname":"www.l.google.com","dns": {"num_queries":1,"num_answers":0,"reply_code":0,"query_type":28,"rsp_type":0,"rsp_addr":"0.0.0.0"}}}
00590{"packet_event_id":2,"packet_event_name":"packet-flow","thread_id":0,"packet_id":2,"source":"cfgs\/dns_subclassification_and_process_response_disable\/pcap\/dns.pcap","alias":"nDPId-test","flow_id":1,"flow_packet_id":2,"flow_src_last_pkt_time":1112172654366527,"flow_dst_last_pkt_time":1112172695204348,"flow_idle_time":200000000,"pkt_datalink":1,"pkt_caplen":75,"pkt_type":2048,"pkt_l3_offset":14,"pkt_l4_offset":34,"pkt_len":75,"pkt_l4_len":41,"thread_ts_usec":1112172695204348,"pkt":"AMCfMkGMAOAYsQytCABFAAA9AABAAEARZULAqKoIwKiqFIAbADUAKYhhvB8BAAABAAAAAAAAA3d3dwdleGFtcGxlA2NvbQAAHAAB"}
00590{"packet_event_id":2,"packet_event_name":"packet-flow","thread_id":0,"packet_id":3,"source":"cfgs\/dns_subclassification_and_process_response_disable\/pcap\/dns.pcap","alias":"nDPId-test","flow_id":1,"flow_packet_id":3,"flow_src_last_pkt_time":1112172695437491,"flow_dst_last_pkt_time":1112172695204348,"flow_idle_time":200000000,"pkt_datalink":1,"pkt_caplen":75,"pkt_type":2048,"pkt_l3_offset":14,"pkt_l4_offset":34,"pkt_len":75,"pkt_l4_len":41,"thread_ts_usec":1112172695437491,"pkt":"AOAYsQytAMCfMkGMCABFAAA91p8AAIARjqLAqKoUwKiqCAA1gBsAKQfhvB+BgAABAAAAAAAAA3d3dwdleGFtcGxlA2NvbQAAHAAB"}
00827{"daemon_event_id":4,"daemon_event_name":"status","thread_id":0,"packet_id":4,"source":"cfgs\/dns_subclassification_and_process_response_disable\/pcap\/dns.pcap","alias":"nDPId-test","version":"1.6.0","ndpi_version":"4.9.0-4628-142c8f5","packets-captured":4,"packets-processed":3,"pfring_active":false,"pfring_recv":0,"pfring_drop":0,"pfring_shunt":0,"total-skipped-flows":0,"total-l4-payload-len":100,"total-not-detected-flows":0,"total-guessed-flows":0,"total-detected-flows":1,"total-detection-updates":0,"total-updates":0,"current-active-flows":1,"total-active-flows":1,"total-idle-flows":0,"total-compressions":0,"total-compression-diff":0,"current-compression-diff":0,"global-alloc-count":0,"global-free-count":0,"global-alloc-bytes":0,"global-free-bytes":0,"total-events-serialized":8,"global_ts_usec":1484673025972667}
00334{"error_event_id":5,"error_event_name":"Unknown packet type","threshold_n":1,"threshold_n_max":16,"threshold_time":10000000,"threshold_ts_usec":1484673025972667,"packet_id":4,"source":"cfgs\/dns_subclassification_and_process_response_disable\/pcap\/dns.pcap","alias":"nDPId-test","layer_type":33024,"global_ts_usec":1484673025972667}
00452{"packet_event_id":1,"packet_event_name":"packet","packet_id":4,"source":"cfgs\/dns_subclassification_and_process_response_disable\/pcap\/dns.pcap","alias":"nDPId-test","pkt_datalink":1,"pkt_caplen":91,"pkt_type":33024,"pkt_l3_offset":18,"pkt_l4_offset":0,"pkt_len":91,"pkt_l4_len":0,"thread_ts_usec":1112172695437491,"pkt":"AAAAAAAB1JToDq3BgQABpYEAAxGIZBEAVWoAPwAhRQAAPQAAQABAEYShUrJx9VKynrW4lwA1ACm2fXhDAQAAAQAAAAAAAAJlNwh3aGF0c2FwcANuZXQAAAEAAQ=="}
00334{"error_event_id":5,"error_event_name":"Unknown packet type","threshold_n":2,"threshold_n_max":16,"threshold_time":10000000,"threshold_ts_usec":1484673025976144,"packet_id":5,"source":"cfgs\/dns_subclassification_and_process_response_disable\/pcap\/dns.pcap","alias":"nDPId-test","layer_type":33024,"global_ts_usec":1484673025976144}
00623{"packet_event_id":1,"packet_event_name":"packet","packet_id":5,"source":"cfgs\/dns_subclassification_and_process_response_disable\/pcap\/dns.pcap","alias":"nDPId-test","pkt_datalink":1,"pkt_caplen":219,"pkt_type":33024,"pkt_l3_offset":18,"pkt_l4_offset":0,"pkt_len":219,"pkt_l4_len":0,"thread_ts_usec":1112172695437491,"pkt":"AAAAAAAB1JToDq3BgQABpYEAAxGIZBEAVWoAvwAhRQAAvQAAQAA6EYohUrKetVKycfUANbiXAKnLC3hDgYAAAQAIAAAAAAJlNwh3aGF0c2FwcANuZXQAAAEAAcAMAAEAAQAAAesABKkt2+vADAABAAEAAAHrAASpLyiOwAwAAQABAAAB6wAEqS34ecAMAAEAAQAAAesABGyosOrADAABAAEAAAHrAASpLfi9wAwAAQABAAAB6wAEqS34tMAMAAEAAQAAAesABKk1UU\/ADAABAAEAAAHrAASpLdvo"}
01014{"flow_event_id":3,"flow_event_name":"idle","thread_id":0,"packet_id":5,"source":"cfgs\/dns_subclassification_and_process_response_disable\/pcap\/dns.pcap","alias":"nDPId-test","flow_id":1,"flow_state":"finished","flow_src_packets_processed":2,"flow_dst_packets_processed":1,"flow_first_seen":1112172654366527,"flow_src_last_pkt_time":1112172695437491,"flow_dst_last_pkt_time":1112172695204348,"flow_idle_time":200000000,"flow_src_min_l4_payload_len":33,"flow_dst_min_l4_payload_len":0,"flow_src_max_l4_payload_len":34,"flow_dst_max_l4_payload_len":33,"flow_src_tot_l4_payload_len":67,"flow_dst_tot_l4_payload_len":33,"midstream":0,"thread_ts_usec":1112172695437491,"l3_proto":"ip4","src_ip":"192.168.170.20","dst_ip":"192.168.170.8","src_port":53,"dst_port":32795,"l4_proto":"udp","flow_datalink":1,"flow_max_packets":5,"ndpi": {"confidence": {"6":"DPI"},"proto":"DNS.Google","proto_id":"5.126","proto_by_ip":"Unknown","proto_by_ip_id":0,"encrypted":0,"breed":"Acceptable","category_id":14,"category":"Network"}}
00830{"daemon_event_id":3,"daemon_event_name":"shutdown","thread_id":0,"packet_id":5,"source":"cfgs\/dns_subclassification_and_process_response_disable\/pcap\/dns.pcap","alias":"nDPId-test","version":"1.6.0","ndpi_version":"4.9.0-4628-142c8f5","packets-captured":5,"packets-processed":3,"pfring_active":false,"pfring_recv":0,"pfring_drop":0,"pfring_shunt":0,"total-skipped-flows":0,"total-l4-payload-len":100,"total-not-detected-flows":0,"total-guessed-flows":0,"total-detected-flows":1,"total-detection-updates":0,"total-updates":0,"current-active-flows":0,"total-active-flows":1,"total-idle-flows":1,"total-compressions":0,"total-compression-diff":0,"current-compression-diff":0,"global-alloc-count":0,"global-free-count":0,"global-alloc-bytes":0,"global-free-bytes":0,"total-events-serialized":14,"global_ts_usec":1484673025976144}
~~~~~~~~~~~~~~~~~~~~ SUMMARY ~~~~~~~~~~~~~~~~~~~~
~~ packets captured/processed: 5/3
~~ skipped flows.............: 0
~~ total layer4 data length..: 100 bytes
~~ total detected protocols..: 1
~~ total active/idle flows...: 1/1
~~ total timeout flows.......: 0
~~~~~~~~~~~~~~~~~~~~~~~~~~~~~~~~~~~~~~~~~~~~~~~~~
~~ total memory allocated....: 5498084 bytes
~~ total memory freed........: 5498084 bytes
~~ total allocations/frees...: 85863/85863
~~~~~~~~~~~~~~~~~~~~~~~~~~~~~~~~~~~~~~~~~~~~~~~~~
~~ json message min len.......: 339 chars
~~ json message max len.......: 1114 chars
~~ json message avg len.......: 727 chars
