00558{"daemon_event_id":1,"daemon_event_name":"init","thread_id":0,"packet_id":0,"source":"cfgs\/default\/pcap\/bfd.pcap","alias":"nDPId-test","version":"1.6.0","ndpi_version":"4.9.0-4628-142c8f5","max-flows-per-thread":2048,"max-idle-flows-per-thread":64,"reader-thread-count":1,"flow-scan-interval":10000000,"generic-max-idle-time":600000000,"icmp-max-idle-time":120000000,"udp-max-idle-time":180000000,"tcp-max-idle-time":7560000000,"max-packets-per-flow-to-send":5,"max-packets-per-flow-to-process":32,"max-packets-per-flow-to-analyse":32,"global_ts_usec":0}
00782{"daemon_event_id":4,"daemon_event_name":"status","thread_id":0,"packet_id":1,"source":"cfgs\/default\/pcap\/bfd.pcap","alias":"nDPId-test","version":"1.6.0","ndpi_version":"4.9.0-4628-142c8f5","packets-captured":1,"packets-processed":0,"pfring_active":false,"pfring_recv":0,"pfring_drop":0,"pfring_shunt":0,"total-skipped-flows":0,"total-l4-payload-len":0,"total-not-detected-flows":0,"total-guessed-flows":0,"total-detected-flows":0,"total-detection-updates":0,"total-updates":0,"current-active-flows":0,"total-active-flows":0,"total-idle-flows":0,"total-compressions":0,"total-compression-diff":0,"current-compression-diff":0,"global-alloc-count":0,"global-free-count":0,"global-alloc-bytes":0,"global-free-bytes":0,"total-events-serialized":2,"global_ts_usec":1407756994998897}
00767{"flow_event_id":1,"flow_event_name":"new","thread_id":0,"packet_id":1,"source":"cfgs\/default\/pcap\/bfd.pcap","alias":"nDPId-test","flow_id":1,"flow_state":"info","flow_src_packets_processed":1,"flow_dst_packets_processed":0,"flow_first_seen":1407756994998897,"flow_src_last_pkt_time":1407756994998897,"flow_dst_last_pkt_time":1407756994998897,"flow_idle_time":200000000,"flow_src_min_l4_payload_len":24,"flow_dst_min_l4_payload_len":0,"flow_src_max_l4_payload_len":24,"flow_dst_max_l4_payload_len":0,"flow_src_tot_l4_payload_len":24,"flow_dst_tot_l4_payload_len":0,"midstream":0,"thread_ts_usec":1407756994998897,"l3_proto":"ip4","src_ip":"155.1.13.1","dst_ip":"155.1.13.3","src_port":49152,"dst_port":3784,"l4_proto":"udp","flow_datalink":1,"flow_max_packets":5}
00544{"packet_event_id":2,"packet_event_name":"packet-flow","thread_id":0,"packet_id":1,"source":"cfgs\/default\/pcap\/bfd.pcap","alias":"nDPId-test","flow_id":1,"flow_packet_id":1,"flow_src_last_pkt_time":1407756994998897,"flow_dst_last_pkt_time":1407756994998897,"flow_idle_time":200000000,"pkt_datalink":1,"pkt_caplen":70,"pkt_type":2048,"pkt_l3_offset":18,"pkt_l4_offset":38,"pkt_len":70,"pkt_l4_len":32,"thread_ts_usec":1407756994998897,"pkt":"qrvMAAMQqrvMAAEQgQAADQgARcAANAABAAD\/EWrxmwENAZsBDQPAAA7IACCXvyBAAxgAAAABAAAAAAAPQkAAD0JAAAehIA=="}
00916{"flow_event_id":7,"flow_event_name":"detected","thread_id":0,"packet_id":1,"source":"cfgs\/default\/pcap\/bfd.pcap","alias":"nDPId-test","flow_id":1,"flow_state":"info","flow_src_packets_processed":1,"flow_dst_packets_processed":0,"flow_first_seen":1407756994998897,"flow_src_last_pkt_time":1407756994998897,"flow_dst_last_pkt_time":1407756994998897,"flow_idle_time":200000000,"flow_src_min_l4_payload_len":24,"flow_dst_min_l4_payload_len":0,"flow_src_max_l4_payload_len":24,"flow_dst_max_l4_payload_len":0,"flow_src_tot_l4_payload_len":24,"flow_dst_tot_l4_payload_len":0,"midstream":0,"thread_ts_usec":1407756994998897,"l3_proto":"ip4","src_ip":"155.1.13.1","dst_ip":"155.1.13.3","src_port":49152,"dst_port":3784,"l4_proto":"udp","ndpi": {"confidence": {"6":"DPI"},"proto":"BFD","proto_id":"401","proto_by_ip":"Unknown","proto_by_ip_id":0,"encrypted":0,"breed":"Acceptable","category_id":14,"category":"Network"}}
00767{"flow_event_id":1,"flow_event_name":"new","thread_id":0,"packet_id":2,"source":"cfgs\/default\/pcap\/bfd.pcap","alias":"nDPId-test","flow_id":2,"flow_state":"info","flow_src_packets_processed":1,"flow_dst_packets_processed":0,"flow_first_seen":1407756994999372,"flow_src_last_pkt_time":1407756994999372,"flow_dst_last_pkt_time":1407756994999372,"flow_idle_time":200000000,"flow_src_min_l4_payload_len":24,"flow_dst_min_l4_payload_len":0,"flow_src_max_l4_payload_len":24,"flow_dst_max_l4_payload_len":0,"flow_src_tot_l4_payload_len":24,"flow_dst_tot_l4_payload_len":0,"midstream":0,"thread_ts_usec":1407756994999372,"l3_proto":"ip4","src_ip":"155.1.13.3","dst_ip":"155.1.13.1","src_port":49152,"dst_port":3784,"l4_proto":"udp","flow_datalink":1,"flow_max_packets":5}
00544{"packet_event_id":2,"packet_event_name":"packet-flow","thread_id":0,"packet_id":2,"source":"cfgs\/default\/pcap\/bfd.pcap","alias":"nDPId-test","flow_id":2,"flow_packet_id":1,"flow_src_last_pkt_time":1407756994999372,"flow_dst_last_pkt_time":1407756994999372,"flow_idle_time":200000000,"pkt_datalink":1,"pkt_caplen":70,"pkt_type":2048,"pkt_l3_offset":18,"pkt_l4_offset":38,"pkt_len":70,"pkt_l4_len":32,"thread_ts_usec":1407756994999372,"pkt":"qrvMAAEQqrvMAAMQgQAADQgARcAANAABAAD\/EWrxmwENA5sBDQHAAA7IACCXfiCAAxgAAAABAAAAAQAPQkAAD0JAAAehIA=="}
00916{"flow_event_id":7,"flow_event_name":"detected","thread_id":0,"packet_id":2,"source":"cfgs\/default\/pcap\/bfd.pcap","alias":"nDPId-test","flow_id":2,"flow_state":"info","flow_src_packets_processed":1,"flow_dst_packets_processed":0,"flow_first_seen":1407756994999372,"flow_src_last_pkt_time":1407756994999372,"flow_dst_last_pkt_time":1407756994999372,"flow_idle_time":200000000,"flow_src_min_l4_payload_len":24,"flow_dst_min_l4_payload_len":0,"flow_src_max_l4_payload_len":24,"flow_dst_max_l4_payload_len":0,"flow_src_tot_l4_payload_len":24,"flow_dst_tot_l4_payload_len":0,"midstream":0,"thread_ts_usec":1407756994999372,"l3_proto":"ip4","src_ip":"155.1.13.3","dst_ip":"155.1.13.1","src_port":49152,"dst_port":3784,"l4_proto":"udp","ndpi": {"confidence": {"6":"DPI"},"proto":"BFD","proto_id":"401","proto_by_ip":"Unknown","proto_by_ip_id":0,"encrypted":0,"breed":"Acceptable","category_id":14,"category":"Network"}}
00544{"packet_event_id":2,"packet_event_name":"packet-flow","thread_id":0,"packet_id":3,"source":"cfgs\/default\/pcap\/bfd.pcap","alias":"nDPId-test","flow_id":1,"flow_packet_id":2,"flow_src_last_pkt_time":1407756994999521,"flow_dst_last_pkt_time":1407756994998897,"flow_idle_time":200000000,"pkt_datalink":1,"pkt_caplen":70,"pkt_type":2048,"pkt_l3_offset":18,"pkt_l4_offset":38,"pkt_len":70,"pkt_l4_len":32,"thread_ts_usec":1407756994999521,"pkt":"qrvMAAMQqrvMAAEQgQAADQgARcAANAACAAD\/EWrwmwENAZsBDQPAAA7IACCXPiDAAxgAAAABAAAAAQAPQkAAD0JAAAehIA=="}
00544{"packet_event_id":2,"packet_event_name":"packet-flow","thread_id":0,"packet_id":4,"source":"cfgs\/default\/pcap\/bfd.pcap","alias":"nDPId-test","flow_id":2,"flow_packet_id":2,"flow_src_last_pkt_time":1407756995000015,"flow_dst_last_pkt_time":1407756994999372,"flow_idle_time":200000000,"pkt_datalink":1,"pkt_caplen":70,"pkt_type":2048,"pkt_l3_offset":18,"pkt_l4_offset":38,"pkt_len":70,"pkt_l4_len":32,"thread_ts_usec":1407756995000015,"pkt":"qrvMAAEQqrvMAAMQgQAADQgARcAANAACAAD\/EWrwmwENA5sBDQHAAA7IACCXPiDAAxgAAAABAAAAAQAPQkAAD0JAAAehIA=="}
00544{"packet_event_id":2,"packet_event_name":"packet-flow","thread_id":0,"packet_id":5,"source":"cfgs\/default\/pcap\/bfd.pcap","alias":"nDPId-test","flow_id":2,"flow_packet_id":3,"flow_src_last_pkt_time":1407756995071616,"flow_dst_last_pkt_time":1407756994999372,"flow_idle_time":200000000,"pkt_datalink":1,"pkt_caplen":70,"pkt_type":2048,"pkt_l3_offset":18,"pkt_l4_offset":38,"pkt_len":70,"pkt_l4_len":32,"thread_ts_usec":1407756995071616,"pkt":"qrvMAAEQqrvMAAMQgQAADQgARcAANAADAAD\/EWrvmwENA5sBDQHAAA7IACCXPiDAAxgAAAABAAAAAQAPQkAAD0JAAAehIA=="}
00767{"flow_event_id":1,"flow_event_name":"new","thread_id":0,"packet_id":6,"source":"cfgs\/default\/pcap\/bfd.pcap","alias":"nDPId-test","flow_id":3,"flow_state":"info","flow_src_packets_processed":1,"flow_dst_packets_processed":0,"flow_first_seen":1407756995403541,"flow_src_last_pkt_time":1407756995403541,"flow_dst_last_pkt_time":1407756995403541,"flow_idle_time":200000000,"flow_src_min_l4_payload_len":12,"flow_dst_min_l4_payload_len":0,"flow_src_max_l4_payload_len":12,"flow_dst_max_l4_payload_len":0,"flow_src_tot_l4_payload_len":12,"flow_dst_tot_l4_payload_len":0,"midstream":0,"thread_ts_usec":1407756995403541,"l3_proto":"ip4","src_ip":"155.1.13.1","dst_ip":"155.1.13.1","src_port":49152,"dst_port":3785,"l4_proto":"udp","flow_datalink":1,"flow_max_packets":5}
00528{"packet_event_id":2,"packet_event_name":"packet-flow","thread_id":0,"packet_id":6,"source":"cfgs\/default\/pcap\/bfd.pcap","alias":"nDPId-test","flow_id":3,"flow_packet_id":1,"flow_src_last_pkt_time":1407756995403541,"flow_dst_last_pkt_time":1407756995403541,"flow_idle_time":200000000,"pkt_datalink":1,"pkt_caplen":58,"pkt_type":2048,"pkt_l3_offset":18,"pkt_l4_offset":38,"pkt_len":58,"pkt_l4_len":20,"thread_ts_usec":1407756995403541,"pkt":"qrvMAAMQqrvMAAEQgQAADQgARcAAKAADAAD\/EWr9mwENAZsBDQHAAA7JABTg9gAAAAAAAAABAAAAAA=="}
00916{"flow_event_id":7,"flow_event_name":"detected","thread_id":0,"packet_id":6,"source":"cfgs\/default\/pcap\/bfd.pcap","alias":"nDPId-test","flow_id":3,"flow_state":"info","flow_src_packets_processed":1,"flow_dst_packets_processed":0,"flow_first_seen":1407756995403541,"flow_src_last_pkt_time":1407756995403541,"flow_dst_last_pkt_time":1407756995403541,"flow_idle_time":200000000,"flow_src_min_l4_payload_len":12,"flow_dst_min_l4_payload_len":0,"flow_src_max_l4_payload_len":12,"flow_dst_max_l4_payload_len":0,"flow_src_tot_l4_payload_len":12,"flow_dst_tot_l4_payload_len":0,"midstream":0,"thread_ts_usec":1407756995403541,"l3_proto":"ip4","src_ip":"155.1.13.1","dst_ip":"155.1.13.1","src_port":49152,"dst_port":3785,"l4_proto":"udp","ndpi": {"confidence": {"6":"DPI"},"proto":"BFD","proto_id":"401","proto_by_ip":"Unknown","proto_by_ip_id":0,"encrypted":0,"breed":"Acceptable","category_id":14,"category":"Network"}}
00527{"packet_event_id":2,"packet_event_name":"packet-flow","thread_id":0,"packet_id":7,"source":"cfgs\/default\/pcap\/bfd.pcap","alias":"nDPId-test","flow_id":3,"flow_packet_id":2,"flow_src_last_pkt_time":1407756995404096,"flow_dst_last_pkt_time":1407756995403541,"flow_idle_time":200000000,"pkt_datalink":1,"pkt_caplen":58,"pkt_type":2048,"pkt_l3_offset":18,"pkt_l4_offset":38,"pkt_len":58,"pkt_l4_len":20,"thread_ts_usec":1407756995404096,"pkt":"qrvMAAEQqrvMAAMQgQAADQgARcAAKAADAAD+EWv9mwENAZsBDQHAAA7JABTg9gAAAAAAAAABAAAAAA=="}
00767{"flow_event_id":1,"flow_event_name":"new","thread_id":0,"packet_id":8,"source":"cfgs\/default\/pcap\/bfd.pcap","alias":"nDPId-test","flow_id":4,"flow_state":"info","flow_src_packets_processed":1,"flow_dst_packets_processed":0,"flow_first_seen":1407756995493239,"flow_src_last_pkt_time":1407756995493239,"flow_dst_last_pkt_time":1407756995493239,"flow_idle_time":200000000,"flow_src_min_l4_payload_len":12,"flow_dst_min_l4_payload_len":0,"flow_src_max_l4_payload_len":12,"flow_dst_max_l4_payload_len":0,"flow_src_tot_l4_payload_len":12,"flow_dst_tot_l4_payload_len":0,"midstream":0,"thread_ts_usec":1407756995493239,"l3_proto":"ip4","src_ip":"155.1.13.3","dst_ip":"155.1.13.3","src_port":49152,"dst_port":3785,"l4_proto":"udp","flow_datalink":1,"flow_max_packets":5}
00528{"packet_event_id":2,"packet_event_name":"packet-flow","thread_id":0,"packet_id":8,"source":"cfgs\/default\/pcap\/bfd.pcap","alias":"nDPId-test","flow_id":4,"flow_packet_id":1,"flow_src_last_pkt_time":1407756995493239,"flow_dst_last_pkt_time":1407756995493239,"flow_idle_time":200000000,"pkt_datalink":1,"pkt_caplen":58,"pkt_type":2048,"pkt_l3_offset":18,"pkt_l4_offset":38,"pkt_len":58,"pkt_l4_len":20,"thread_ts_usec":1407756995493239,"pkt":"qrvMAAEQqrvMAAMQgQAADQgARcAAKAAEAAD\/EWr4mwENA5sBDQPAAA7JABTg8gAAAAAAAAABAAAAAA=="}
00916{"flow_event_id":7,"flow_event_name":"detected","thread_id":0,"packet_id":8,"source":"cfgs\/default\/pcap\/bfd.pcap","alias":"nDPId-test","flow_id":4,"flow_state":"info","flow_src_packets_processed":1,"flow_dst_packets_processed":0,"flow_first_seen":1407756995493239,"flow_src_last_pkt_time":1407756995493239,"flow_dst_last_pkt_time":1407756995493239,"flow_idle_time":200000000,"flow_src_min_l4_payload_len":12,"flow_dst_min_l4_payload_len":0,"flow_src_max_l4_payload_len":12,"flow_dst_max_l4_payload_len":0,"flow_src_tot_l4_payload_len":12,"flow_dst_tot_l4_payload_len":0,"midstream":0,"thread_ts_usec":1407756995493239,"l3_proto":"ip4","src_ip":"155.1.13.3","dst_ip":"155.1.13.3","src_port":49152,"dst_port":3785,"l4_proto":"udp","ndpi": {"confidence": {"6":"DPI"},"proto":"BFD","proto_id":"401","proto_by_ip":"Unknown","proto_by_ip_id":0,"encrypted":0,"breed":"Acceptable","category_id":14,"category":"Network"}}
00527{"packet_event_id":2,"packet_event_name":"packet-flow","thread_id":0,"packet_id":9,"source":"cfgs\/default\/pcap\/bfd.pcap","alias":"nDPId-test","flow_id":4,"flow_packet_id":2,"flow_src_last_pkt_time":1407756995493316,"flow_dst_last_pkt_time":1407756995493239,"flow_idle_time":200000000,"pkt_datalink":1,"pkt_caplen":58,"pkt_type":2048,"pkt_l3_offset":18,"pkt_l4_offset":38,"pkt_len":58,"pkt_l4_len":20,"thread_ts_usec":1407756995493316,"pkt":"qrvMAAMQqrvMAAEQgQAADQgARcAAKAAEAAD+EWv4mwENA5sBDQPAAA7JABTg8gAAAAAAAAABAAAAAA=="}
00529{"packet_event_id":2,"packet_event_name":"packet-flow","thread_id":0,"packet_id":10,"source":"cfgs\/default\/pcap\/bfd.pcap","alias":"nDPId-test","flow_id":3,"flow_packet_id":3,"flow_src_last_pkt_time":1407756995861911,"flow_dst_last_pkt_time":1407756995403541,"flow_idle_time":200000000,"pkt_datalink":1,"pkt_caplen":58,"pkt_type":2048,"pkt_l3_offset":18,"pkt_l4_offset":38,"pkt_len":58,"pkt_l4_len":20,"thread_ts_usec":1407756995861911,"pkt":"qrvMAAMQqrvMAAEQgQAADQgARcAAKAAEAAD\/EWr8mwENAZsBDQHAAA7JABTg9QAAAAAAAAABAAAAAQ=="}
00528{"packet_event_id":2,"packet_event_name":"packet-flow","thread_id":0,"packet_id":11,"source":"cfgs\/default\/pcap\/bfd.pcap","alias":"nDPId-test","flow_id":3,"flow_packet_id":4,"flow_src_last_pkt_time":1407756995862322,"flow_dst_last_pkt_time":1407756995403541,"flow_idle_time":200000000,"pkt_datalink":1,"pkt_caplen":58,"pkt_type":2048,"pkt_l3_offset":18,"pkt_l4_offset":38,"pkt_len":58,"pkt_l4_len":20,"thread_ts_usec":1407756995862322,"pkt":"qrvMAAEQqrvMAAMQgQAADQgARcAAKAAEAAD+EWv8mwENAZsBDQHAAA7JABTg9QAAAAAAAAABAAAAAQ=="}
00956{"flow_event_id":3,"flow_event_name":"idle","thread_id":0,"packet_id":11,"source":"cfgs\/default\/pcap\/bfd.pcap","alias":"nDPId-test","flow_id":2,"flow_state":"finished","flow_src_packets_processed":3,"flow_dst_packets_processed":0,"flow_first_seen":1407756994999372,"flow_src_last_pkt_time":1407756995071616,"flow_dst_last_pkt_time":1407756994999372,"flow_idle_time":200000000,"flow_src_min_l4_payload_len":24,"flow_dst_min_l4_payload_len":0,"flow_src_max_l4_payload_len":24,"flow_dst_max_l4_payload_len":0,"flow_src_tot_l4_payload_len":72,"flow_dst_tot_l4_payload_len":0,"midstream":0,"thread_ts_usec":1407756995862322,"l3_proto":"ip4","src_ip":"155.1.13.3","dst_ip":"155.1.13.1","src_port":49152,"dst_port":3784,"l4_proto":"udp","flow_datalink":1,"flow_max_packets":5,"ndpi": {"confidence": {"6":"DPI"},"proto":"BFD","proto_id":"401","proto_by_ip":"Unknown","proto_by_ip_id":0,"encrypted":0,"breed":"Acceptable","category_id":14,"category":"Network"}}
00956{"flow_event_id":3,"flow_event_name":"idle","thread_id":0,"packet_id":11,"source":"cfgs\/default\/pcap\/bfd.pcap","alias":"nDPId-test","flow_id":1,"flow_state":"finished","flow_src_packets_processed":2,"flow_dst_packets_processed":0,"flow_first_seen":1407756994998897,"flow_src_last_pkt_time":1407756994999521,"flow_dst_last_pkt_time":1407756994998897,"flow_idle_time":200000000,"flow_src_min_l4_payload_len":24,"flow_dst_min_l4_payload_len":0,"flow_src_max_l4_payload_len":24,"flow_dst_max_l4_payload_len":0,"flow_src_tot_l4_payload_len":48,"flow_dst_tot_l4_payload_len":0,"midstream":0,"thread_ts_usec":1407756995862322,"l3_proto":"ip4","src_ip":"155.1.13.1","dst_ip":"155.1.13.3","src_port":49152,"dst_port":3784,"l4_proto":"udp","flow_datalink":1,"flow_max_packets":5,"ndpi": {"confidence": {"6":"DPI"},"proto":"BFD","proto_id":"401","proto_by_ip":"Unknown","proto_by_ip_id":0,"encrypted":0,"breed":"Acceptable","category_id":14,"category":"Network"}}
00956{"flow_event_id":3,"flow_event_name":"idle","thread_id":0,"packet_id":11,"source":"cfgs\/default\/pcap\/bfd.pcap","alias":"nDPId-test","flow_id":4,"flow_state":"finished","flow_src_packets_processed":2,"flow_dst_packets_processed":0,"flow_first_seen":1407756995493239,"flow_src_last_pkt_time":1407756995493316,"flow_dst_last_pkt_time":1407756995493239,"flow_idle_time":200000000,"flow_src_min_l4_payload_len":12,"flow_dst_min_l4_payload_len":0,"flow_src_max_l4_payload_len":12,"flow_dst_max_l4_payload_len":0,"flow_src_tot_l4_payload_len":24,"flow_dst_tot_l4_payload_len":0,"midstream":0,"thread_ts_usec":1407756995862322,"l3_proto":"ip4","src_ip":"155.1.13.3","dst_ip":"155.1.13.3","src_port":49152,"dst_port":3785,"l4_proto":"udp","flow_datalink":1,"flow_max_packets":5,"ndpi": {"confidence": {"6":"DPI"},"proto":"BFD","proto_id":"401","proto_by_ip":"Unknown","proto_by_ip_id":0,"encrypted":0,"breed":"Acceptable","category_id":14,"category":"Network"}}
00956{"flow_event_id":3,"flow_event_name":"idle","thread_id":0,"packet_id":11,"source":"cfgs\/default\/pcap\/bfd.pcap","alias":"nDPId-test","flow_id":3,"flow_state":"finished","flow_src_packets_processed":4,"flow_dst_packets_processed":0,"flow_first_seen":1407756995403541,"flow_src_last_pkt_time":1407756995862322,"flow_dst_last_pkt_time":1407756995403541,"flow_idle_time":200000000,"flow_src_min_l4_payload_len":12,"flow_dst_min_l4_payload_len":0,"flow_src_max_l4_payload_len":12,"flow_dst_max_l4_payload_len":0,"flow_src_tot_l4_payload_len":48,"flow_dst_tot_l4_payload_len":0,"midstream":0,"thread_ts_usec":1407756995862322,"l3_proto":"ip4","src_ip":"155.1.13.1","dst_ip":"155.1.13.1","src_port":49152,"dst_port":3785,"l4_proto":"udp","flow_datalink":1,"flow_max_packets":5,"ndpi": {"confidence": {"6":"DPI"},"proto":"BFD","proto_id":"401","proto_by_ip":"Unknown","proto_by_ip_id":0,"encrypted":0,"breed":"Acceptable","category_id":14,"category":"Network"}}
00790{"daemon_event_id":3,"daemon_event_name":"shutdown","thread_id":0,"packet_id":11,"source":"cfgs\/default\/pcap\/bfd.pcap","alias":"nDPId-test","version":"1.6.0","ndpi_version":"4.9.0-4628-142c8f5","packets-captured":11,"packets-processed":11,"pfring_active":false,"pfring_recv":0,"pfring_drop":0,"pfring_shunt":0,"total-skipped-flows":0,"total-l4-payload-len":192,"total-not-detected-flows":0,"total-guessed-flows":0,"total-detected-flows":4,"total-detection-updates":0,"total-updates":0,"current-active-flows":0,"total-active-flows":4,"total-idle-flows":4,"total-compressions":0,"total-compression-diff":0,"current-compression-diff":0,"global-alloc-count":0,"global-free-count":0,"global-alloc-bytes":0,"global-free-bytes":0,"total-events-serialized":26,"global_ts_usec":1407756995862322}
~~~~~~~~~~~~~~~~~~~~ SUMMARY ~~~~~~~~~~~~~~~~~~~~
~~ packets captured/processed: 11/11
~~ skipped flows.............: 0
~~ total layer4 data length..: 192 bytes
~~ total detected protocols..: 4
~~ total active/idle flows...: 4/4
~~ total timeout flows.......: 0
~~~~~~~~~~~~~~~~~~~~~~~~~~~~~~~~~~~~~~~~~~~~~~~~~
~~ total memory allocated....: 5504880 bytes
~~ total memory freed........: 5504880 bytes
~~ total allocations/frees...: 85904/85904
~~~~~~~~~~~~~~~~~~~~~~~~~~~~~~~~~~~~~~~~~~~~~~~~~
~~ json message min len.......: 532 chars
~~ json message max len.......: 961 chars
~~ json message avg len.......: 745 chars
