00559{"daemon_event_id":1,"daemon_event_name":"init","thread_id":0,"packet_id":0,"source":"cfgs\/default\/pcap\/dtls.pcap","alias":"nDPId-test","version":"1.6.0","ndpi_version":"4.9.0-4628-142c8f5","max-flows-per-thread":2048,"max-idle-flows-per-thread":64,"reader-thread-count":1,"flow-scan-interval":10000000,"generic-max-idle-time":600000000,"icmp-max-idle-time":120000000,"udp-max-idle-time":180000000,"tcp-max-idle-time":7560000000,"max-packets-per-flow-to-send":5,"max-packets-per-flow-to-process":32,"max-packets-per-flow-to-analyse":32,"global_ts_usec":0}
00783{"daemon_event_id":4,"daemon_event_name":"status","thread_id":0,"packet_id":1,"source":"cfgs\/default\/pcap\/dtls.pcap","alias":"nDPId-test","version":"1.6.0","ndpi_version":"4.9.0-4628-142c8f5","packets-captured":1,"packets-processed":0,"pfring_active":false,"pfring_recv":0,"pfring_drop":0,"pfring_shunt":0,"total-skipped-flows":0,"total-l4-payload-len":0,"total-not-detected-flows":0,"total-guessed-flows":0,"total-detected-flows":0,"total-detection-updates":0,"total-updates":0,"current-active-flows":0,"total-active-flows":0,"total-idle-flows":0,"total-compressions":0,"total-compression-diff":0,"current-compression-diff":0,"global-alloc-count":0,"global-free-count":0,"global-alloc-bytes":0,"global-free-bytes":0,"total-events-serialized":2,"global_ts_usec":1545143424891780}
00779{"flow_event_id":1,"flow_event_name":"new","thread_id":0,"packet_id":1,"source":"cfgs\/default\/pcap\/dtls.pcap","alias":"nDPId-test","flow_id":1,"flow_state":"info","flow_src_packets_processed":1,"flow_dst_packets_processed":0,"flow_first_seen":1545143424891780,"flow_src_last_pkt_time":1545143424891780,"flow_dst_last_pkt_time":1545143424891780,"flow_idle_time":200000000,"flow_src_min_l4_payload_len":155,"flow_dst_min_l4_payload_len":0,"flow_src_max_l4_payload_len":155,"flow_dst_max_l4_payload_len":0,"flow_src_tot_l4_payload_len":155,"flow_dst_tot_l4_payload_len":0,"midstream":0,"thread_ts_usec":1545143424891780,"l3_proto":"ip4","src_ip":"192.168.13.203","dst_ip":"192.168.13.57","src_port":40739,"dst_port":56515,"l4_proto":"udp","flow_datalink":1,"flow_max_packets":5}
00716{"packet_event_id":2,"packet_event_name":"packet-flow","thread_id":0,"packet_id":1,"source":"cfgs\/default\/pcap\/dtls.pcap","alias":"nDPId-test","flow_id":1,"flow_packet_id":1,"flow_src_last_pkt_time":1545143424891780,"flow_dst_last_pkt_time":1545143424891780,"flow_idle_time":200000000,"pkt_datalink":1,"pkt_caplen":197,"pkt_type":2048,"pkt_l3_offset":14,"pkt_l4_offset":34,"pkt_len":197,"pkt_l4_len":163,"thread_ts_usec":1545143424891780,"pkt":"WLEPD4fwhLVBbZhoCABFAAC3FtBAAEARhxHAqA3LwKgNOZ8j3MMAozuLFv7\/AAAAAAAAAAAAjgEAAIIAAAAAAAAAgv79zrBtKgTLKhUXwuJm7W22k25ueldyqs3Q4tvQaM4mc34AAAAYwCvAL8ypzKjACcATwArAFACcAC8ANQAKAQAAQP8BAAEAABcAAAAjAAAADQAUABIEAwgEBAEFAwgFBQEIBgYBAgEADgAFAAIAAQAACwACAQAACgAIAAYAHQAXABg="}
01343{"flow_event_id":7,"flow_event_name":"detected","thread_id":0,"packet_id":1,"source":"cfgs\/default\/pcap\/dtls.pcap","alias":"nDPId-test","flow_id":1,"flow_state":"info","flow_src_packets_processed":1,"flow_dst_packets_processed":0,"flow_first_seen":1545143424891780,"flow_src_last_pkt_time":1545143424891780,"flow_dst_last_pkt_time":1545143424891780,"flow_idle_time":200000000,"flow_src_min_l4_payload_len":155,"flow_dst_min_l4_payload_len":0,"flow_src_max_l4_payload_len":155,"flow_dst_max_l4_payload_len":0,"flow_src_tot_l4_payload_len":155,"flow_dst_tot_l4_payload_len":0,"midstream":0,"thread_ts_usec":1545143424891780,"l3_proto":"ip4","src_ip":"192.168.13.203","dst_ip":"192.168.13.57","src_port":40739,"dst_port":56515,"l4_proto":"udp","ndpi": {"flow_risk": {"15": {"risk":"TLS (probably) Not Carrying HTTPS","severity":"Low","risk_score": {"total":460,"client":410,"server":50}},"24": {"risk":"Missing SNI TLS Extn","severity":"Medium","risk_score": {"total":300,"client":210,"server":90}}},"confidence": {"6":"DPI"},"proto":"DTLS","proto_id":"30","proto_by_ip":"Unknown","proto_by_ip_id":0,"encrypted":1,"breed":"Safe","category_id":5,"category":"Web","tls": {"version":"DTLSv1.2","ja3":"bd743610892cec1efed851b2b5efd4f5","ja3s":"","ja4":"t00d120700_7c0e62f61317_d9dd6182da81","unsafe_cipher":0,"cipher":"TLS_NULL_WITH_NULL_NULL"}}}
00716{"packet_event_id":2,"packet_event_name":"packet-flow","thread_id":0,"packet_id":2,"source":"cfgs\/default\/pcap\/dtls.pcap","alias":"nDPId-test","flow_id":1,"flow_packet_id":2,"flow_src_last_pkt_time":1545143424891780,"flow_dst_last_pkt_time":1545143424891780,"flow_idle_time":200000000,"pkt_datalink":1,"pkt_caplen":197,"pkt_type":2048,"pkt_l3_offset":14,"pkt_l4_offset":34,"pkt_len":197,"pkt_l4_len":163,"thread_ts_usec":1545143424891780,"pkt":"WLEPD4fwhLVBbZhoCABFAAC3FtBAAEARhxHAqA3LwKgNOZ8j3MMAozuLFv7\/AAAAAAAAAAAAjgEAAIIAAAAAAAAAgv79zrBtKgTLKhUXwuJm7W22k25ueldyqs3Q4tvQaM4mc34AAAAYwCvAL8ypzKjACcATwArAFACcAC8ANQAKAQAAQP8BAAEAABcAAAAjAAAADQAUABIEAwgEBAEFAwgFBQEIBgYBAgEADgAFAAIAAQAACwACAQAACgAIAAYAHQAXABg="}
01461{"flow_event_id":8,"flow_event_name":"detection-update","thread_id":0,"packet_id":2,"source":"cfgs\/default\/pcap\/dtls.pcap","alias":"nDPId-test","flow_id":1,"flow_state":"info","flow_src_packets_processed":2,"flow_dst_packets_processed":0,"flow_first_seen":1545143424891780,"flow_src_last_pkt_time":1545143424891780,"flow_dst_last_pkt_time":1545143424891780,"flow_idle_time":200000000,"flow_src_min_l4_payload_len":155,"flow_dst_min_l4_payload_len":0,"flow_src_max_l4_payload_len":155,"flow_dst_max_l4_payload_len":0,"flow_src_tot_l4_payload_len":310,"flow_dst_tot_l4_payload_len":0,"midstream":0,"thread_ts_usec":1545143424891780,"l3_proto":"ip4","src_ip":"192.168.13.203","dst_ip":"192.168.13.57","src_port":40739,"dst_port":56515,"l4_proto":"udp","ndpi": {"flow_risk": {"15": {"risk":"TLS (probably) Not Carrying HTTPS","severity":"Low","risk_score": {"total":460,"client":410,"server":50}},"24": {"risk":"Missing SNI TLS Extn","severity":"Medium","risk_score": {"total":300,"client":210,"server":90}},"46": {"risk":"Unidirectional Traffic","severity":"Low","risk_score": {"total":500,"client":430,"server":70}}},"confidence": {"6":"DPI"},"proto":"DTLS","proto_id":"30","proto_by_ip":"Unknown","proto_by_ip_id":0,"encrypted":1,"breed":"Safe","category_id":5,"category":"Web","tls": {"version":"DTLSv1.2","ja3":"bd743610892cec1efed851b2b5efd4f5","ja3s":"","ja4":"t00d120700_7c0e62f61317_d9dd6182da81","unsafe_cipher":0,"cipher":"TLS_NULL_WITH_NULL_NULL"}}}
01309{"flow_event_id":3,"flow_event_name":"idle","thread_id":0,"packet_id":2,"source":"cfgs\/default\/pcap\/dtls.pcap","alias":"nDPId-test","flow_id":1,"flow_state":"info","flow_src_packets_processed":2,"flow_dst_packets_processed":0,"flow_first_seen":1545143424891780,"flow_src_last_pkt_time":1545143424891780,"flow_dst_last_pkt_time":1545143424891780,"flow_idle_time":200000000,"flow_src_min_l4_payload_len":155,"flow_dst_min_l4_payload_len":0,"flow_src_max_l4_payload_len":155,"flow_dst_max_l4_payload_len":0,"flow_src_tot_l4_payload_len":310,"flow_dst_tot_l4_payload_len":0,"midstream":0,"thread_ts_usec":1545143424891780,"l3_proto":"ip4","src_ip":"192.168.13.203","dst_ip":"192.168.13.57","src_port":40739,"dst_port":56515,"l4_proto":"udp","flow_datalink":1,"flow_max_packets":5,"ndpi": {"flow_risk": {"15": {"risk":"TLS (probably) Not Carrying HTTPS","severity":"Low","risk_score": {"total":460,"client":410,"server":50}},"24": {"risk":"Missing SNI TLS Extn","severity":"Medium","risk_score": {"total":300,"client":210,"server":90}},"46": {"risk":"Unidirectional Traffic","severity":"Low","risk_score": {"total":500,"client":430,"server":70}}},"confidence": {"6":"DPI"},"proto":"DTLS","proto_id":"30","proto_by_ip":"Unknown","proto_by_ip_id":0,"encrypted":1,"breed":"Safe","category_id":5,"category":"Web"}}
00787{"daemon_event_id":3,"daemon_event_name":"shutdown","thread_id":0,"packet_id":2,"source":"cfgs\/default\/pcap\/dtls.pcap","alias":"nDPId-test","version":"1.6.0","ndpi_version":"4.9.0-4628-142c8f5","packets-captured":2,"packets-processed":2,"pfring_active":false,"pfring_recv":0,"pfring_drop":0,"pfring_shunt":0,"total-skipped-flows":0,"total-l4-payload-len":310,"total-not-detected-flows":0,"total-guessed-flows":0,"total-detected-flows":1,"total-detection-updates":1,"total-updates":0,"current-active-flows":0,"total-active-flows":1,"total-idle-flows":1,"total-compressions":0,"total-compression-diff":0,"current-compression-diff":0,"global-alloc-count":0,"global-free-count":0,"global-alloc-bytes":0,"global-free-bytes":0,"total-events-serialized":9,"global_ts_usec":1545143424891780}
~~~~~~~~~~~~~~~~~~~~ SUMMARY ~~~~~~~~~~~~~~~~~~~~
~~ packets captured/processed: 2/2
~~ skipped flows.............: 0
~~ total layer4 data length..: 310 bytes
~~ total detected protocols..: 1
~~ total active/idle flows...: 1/1
~~ total timeout flows.......: 0
~~~~~~~~~~~~~~~~~~~~~~~~~~~~~~~~~~~~~~~~~~~~~~~~~
~~ total memory allocated....: 5498091 bytes
~~ total memory freed........: 5498091 bytes
~~ total allocations/frees...: 85864/85864
~~~~~~~~~~~~~~~~~~~~~~~~~~~~~~~~~~~~~~~~~~~~~~~~~
~~ json message min len.......: 564 chars
~~ json message max len.......: 1466 chars
~~ json message avg len.......: 997 chars
