00560{"daemon_event_id":1,"daemon_event_name":"init","thread_id":0,"packet_id":0,"source":"cfgs\/default\/pcap\/gre.pcapng","alias":"nDPId-test","version":"1.6.0","ndpi_version":"4.9.0-4628-142c8f5","max-flows-per-thread":2048,"max-idle-flows-per-thread":64,"reader-thread-count":1,"flow-scan-interval":10000000,"generic-max-idle-time":600000000,"icmp-max-idle-time":120000000,"udp-max-idle-time":180000000,"tcp-max-idle-time":7560000000,"max-packets-per-flow-to-send":5,"max-packets-per-flow-to-process":32,"max-packets-per-flow-to-analyse":32,"global_ts_usec":0}
00784{"daemon_event_id":4,"daemon_event_name":"status","thread_id":0,"packet_id":1,"source":"cfgs\/default\/pcap\/gre.pcapng","alias":"nDPId-test","version":"1.6.0","ndpi_version":"4.9.0-4628-142c8f5","packets-captured":1,"packets-processed":0,"pfring_active":false,"pfring_recv":0,"pfring_drop":0,"pfring_shunt":0,"total-skipped-flows":0,"total-l4-payload-len":0,"total-not-detected-flows":0,"total-guessed-flows":0,"total-detected-flows":0,"total-detection-updates":0,"total-updates":0,"current-active-flows":0,"total-active-flows":0,"total-idle-flows":0,"total-compressions":0,"total-compression-diff":0,"current-compression-diff":0,"global-alloc-count":0,"global-free-count":0,"global-alloc-bytes":0,"global-free-bytes":0,"total-events-serialized":2,"global_ts_usec":1483501349095788}
00743{"flow_event_id":1,"flow_event_name":"new","thread_id":0,"packet_id":1,"source":"cfgs\/default\/pcap\/gre.pcapng","alias":"nDPId-test","flow_id":1,"flow_state":"info","flow_src_packets_processed":1,"flow_dst_packets_processed":0,"flow_first_seen":1483501349095788,"flow_src_last_pkt_time":1483501349095788,"flow_dst_last_pkt_time":1483501349095788,"flow_idle_time":620000000,"flow_src_min_l4_payload_len":346,"flow_dst_min_l4_payload_len":0,"flow_src_max_l4_payload_len":346,"flow_dst_max_l4_payload_len":0,"flow_src_tot_l4_payload_len":346,"flow_dst_tot_l4_payload_len":0,"midstream":0,"thread_ts_usec":1483501349095788,"l3_proto":"ip4","src_ip":"109.105.228.253","dst_ip":"10.177.98.84","l4_proto":47,"flow_datalink":1,"flow_max_packets":5}
00966{"packet_event_id":2,"packet_event_name":"packet-flow","thread_id":0,"packet_id":1,"source":"cfgs\/default\/pcap\/gre.pcapng","alias":"nDPId-test","flow_id":1,"flow_packet_id":1,"flow_src_last_pkt_time":1483501349095788,"flow_dst_last_pkt_time":1483501349095788,"flow_idle_time":620000000,"pkt_datalink":1,"pkt_caplen":384,"pkt_type":2048,"pkt_l3_offset":18,"pkt_l4_offset":38,"pkt_len":384,"pkt_l4_len":346,"thread_ts_usec":1483501349095788,"pkt":"AAAAAAACnDf0fG6RgQAAjggARQABbq+lAADyL1hPbWnk\/QqxYlQwgYgLAUqYUAAAAGoAAACM\/wMAIUWgAUY4wQAAPxFN+8CoCtLAqGcoE8QTxAEyV9VTSVAvMi4wIDEwMCBUcnlpbmcNClZpYTogU0lQLzIuMC9VRFAgMTkyLjE2OC4xMDMuNDA6NTA2MDtycG9ydD01MDYwO3JlY2VpdmVkPTE5Mi4xNjguMTAzLjQwO2JyYW5jaD16OWhHNGJLX0FJMjAwMEF1ZzA2NDkxMzY3MjI3MTEwDQpUbzogPHNpcDoyNzFAMTkyLjE2OC4xMC4yMTA+DQpGcm9tOiA8c2lwOjI4MUAxOTIuMTY4LjEwMy40MD47dGFnPUFJQ0NGODA1RTU3OENFNjQwMw0KQ2FsbC1JRDogQUkxNzM3QUI1NDkxQURDMzkyQDE5Mi4xNjguMTAzLjQwDQpDU2VxOiAxIElOVklURQ0KQ29udGVudC1MZW5ndGg6IDANCg0K"}
00891{"flow_event_id":7,"flow_event_name":"detected","thread_id":0,"packet_id":1,"source":"cfgs\/default\/pcap\/gre.pcapng","alias":"nDPId-test","flow_id":1,"flow_state":"info","flow_src_packets_processed":1,"flow_dst_packets_processed":0,"flow_first_seen":1483501349095788,"flow_src_last_pkt_time":1483501349095788,"flow_dst_last_pkt_time":1483501349095788,"flow_idle_time":620000000,"flow_src_min_l4_payload_len":346,"flow_dst_min_l4_payload_len":0,"flow_src_max_l4_payload_len":346,"flow_dst_max_l4_payload_len":0,"flow_src_tot_l4_payload_len":346,"flow_dst_tot_l4_payload_len":0,"midstream":0,"thread_ts_usec":1483501349095788,"l3_proto":"ip4","src_ip":"109.105.228.253","dst_ip":"10.177.98.84","l4_proto":47,"ndpi": {"confidence": {"6":"DPI"},"proto":"GRE","proto_id":"80","proto_by_ip":"Unknown","proto_by_ip_id":0,"encrypted":0,"breed":"Acceptable","category_id":14,"category":"Network"}}
00930{"flow_event_id":3,"flow_event_name":"idle","thread_id":0,"packet_id":1,"source":"cfgs\/default\/pcap\/gre.pcapng","alias":"nDPId-test","flow_id":1,"flow_state":"finished","flow_src_packets_processed":1,"flow_dst_packets_processed":0,"flow_first_seen":1483501349095788,"flow_src_last_pkt_time":1483501349095788,"flow_dst_last_pkt_time":1483501349095788,"flow_idle_time":620000000,"flow_src_min_l4_payload_len":346,"flow_dst_min_l4_payload_len":0,"flow_src_max_l4_payload_len":346,"flow_dst_max_l4_payload_len":0,"flow_src_tot_l4_payload_len":346,"flow_dst_tot_l4_payload_len":0,"midstream":0,"thread_ts_usec":1483501349095788,"l3_proto":"ip4","src_ip":"109.105.228.253","dst_ip":"10.177.98.84","l4_proto":47,"flow_datalink":1,"flow_max_packets":5,"ndpi": {"confidence": {"6":"DPI"},"proto":"GRE","proto_id":"80","proto_by_ip":"Unknown","proto_by_ip_id":0,"encrypted":0,"breed":"Acceptable","category_id":14,"category":"Network"}}
00788{"daemon_event_id":3,"daemon_event_name":"shutdown","thread_id":0,"packet_id":1,"source":"cfgs\/default\/pcap\/gre.pcapng","alias":"nDPId-test","version":"1.6.0","ndpi_version":"4.9.0-4628-142c8f5","packets-captured":1,"packets-processed":1,"pfring_active":false,"pfring_recv":0,"pfring_drop":0,"pfring_shunt":0,"total-skipped-flows":0,"total-l4-payload-len":346,"total-not-detected-flows":0,"total-guessed-flows":0,"total-detected-flows":1,"total-detection-updates":0,"total-updates":0,"current-active-flows":0,"total-active-flows":1,"total-idle-flows":1,"total-compressions":0,"total-compression-diff":0,"current-compression-diff":0,"global-alloc-count":0,"global-free-count":0,"global-alloc-bytes":0,"global-free-bytes":0,"total-events-serialized":7,"global_ts_usec":1483501349095788}
~~~~~~~~~~~~~~~~~~~~ SUMMARY ~~~~~~~~~~~~~~~~~~~~
~~ packets captured/processed: 1/1
~~ skipped flows.............: 0
~~ total layer4 data length..: 346 bytes
~~ total detected protocols..: 1
~~ total active/idle flows...: 1/1
~~ total timeout flows.......: 0
~~~~~~~~~~~~~~~~~~~~~~~~~~~~~~~~~~~~~~~~~~~~~~~~~
~~ total memory allocated....: 5498026 bytes
~~ total memory freed........: 5498026 bytes
~~ total allocations/frees...: 85861/85861
~~~~~~~~~~~~~~~~~~~~~~~~~~~~~~~~~~~~~~~~~~~~~~~~~
~~ json message min len.......: 565 chars
~~ json message max len.......: 971 chars
~~ json message avg len.......: 756 chars
