00563{"daemon_event_id":1,"daemon_event_name":"init","thread_id":0,"packet_id":0,"source":"cfgs\/default\/pcap\/h323_tcp.pcap","alias":"nDPId-test","version":"1.6.0","ndpi_version":"4.9.0-4628-142c8f5","max-flows-per-thread":2048,"max-idle-flows-per-thread":64,"reader-thread-count":1,"flow-scan-interval":10000000,"generic-max-idle-time":600000000,"icmp-max-idle-time":120000000,"udp-max-idle-time":180000000,"tcp-max-idle-time":7560000000,"max-packets-per-flow-to-send":5,"max-packets-per-flow-to-process":32,"max-packets-per-flow-to-analyse":32,"global_ts_usec":0}
00787{"daemon_event_id":4,"daemon_event_name":"status","thread_id":0,"packet_id":1,"source":"cfgs\/default\/pcap\/h323_tcp.pcap","alias":"nDPId-test","version":"1.6.0","ndpi_version":"4.9.0-4628-142c8f5","packets-captured":1,"packets-processed":0,"pfring_active":false,"pfring_recv":0,"pfring_drop":0,"pfring_shunt":0,"total-skipped-flows":0,"total-l4-payload-len":0,"total-not-detected-flows":0,"total-guessed-flows":0,"total-detected-flows":0,"total-detection-updates":0,"total-updates":0,"current-active-flows":0,"total-active-flows":0,"total-idle-flows":0,"total-compressions":0,"total-compression-diff":0,"current-compression-diff":0,"global-alloc-count":0,"global-free-count":0,"global-alloc-bytes":0,"global-free-bytes":0,"total-events-serialized":2,"global_ts_usec":1027664341627057}
00769{"flow_event_id":1,"flow_event_name":"new","thread_id":0,"packet_id":1,"source":"cfgs\/default\/pcap\/h323_tcp.pcap","alias":"nDPId-test","flow_id":1,"flow_state":"info","flow_src_packets_processed":1,"flow_dst_packets_processed":0,"flow_first_seen":1027664341627057,"flow_src_last_pkt_time":1027664341627057,"flow_dst_last_pkt_time":1027664341627057,"flow_idle_time":7580000000,"flow_src_min_l4_payload_len":0,"flow_dst_min_l4_payload_len":0,"flow_src_max_l4_payload_len":0,"flow_dst_max_l4_payload_len":0,"flow_src_tot_l4_payload_len":0,"flow_dst_tot_l4_payload_len":0,"midstream":0,"thread_ts_usec":1027664341627057,"l3_proto":"ip4","src_ip":"10.1.6.18","dst_ip":"10.1.3.143","src_port":1720,"dst_port":32803,"l4_proto":"tcp","flow_datalink":1,"flow_max_packets":5}
00537{"packet_event_id":2,"packet_event_name":"packet-flow","thread_id":0,"packet_id":1,"source":"cfgs\/default\/pcap\/h323_tcp.pcap","alias":"nDPId-test","flow_id":1,"flow_packet_id":1,"flow_src_last_pkt_time":1027664341627057,"flow_dst_last_pkt_time":1027664341627057,"flow_idle_time":7580000000,"pkt_datalink":1,"pkt_caplen":62,"pkt_type":2048,"pkt_l3_offset":14,"pkt_l4_offset":34,"pkt_len":62,"pkt_l4_len":28,"thread_ts_usec":1027664341627057,"pkt":"AAR2IiAXANBQEAFmCABFAAAwcyoAAEAG6fsKAQYSCgEDjwa4gCPda6+9y3ElYnASIABBlAAAAgQFtAEDAwA="}
00525{"packet_event_id":2,"packet_event_name":"packet-flow","thread_id":0,"packet_id":2,"source":"cfgs\/default\/pcap\/h323_tcp.pcap","alias":"nDPId-test","flow_id":1,"flow_packet_id":2,"flow_src_last_pkt_time":1027664341627057,"flow_dst_last_pkt_time":1027664341627122,"flow_idle_time":7580000000,"pkt_datalink":1,"pkt_caplen":54,"pkt_type":2048,"pkt_l3_offset":14,"pkt_l4_offset":34,"pkt_len":54,"pkt_l4_len":20,"thread_ts_usec":1027664341627122,"pkt":"ANBQEAFmAAR2IiAXCABFAAAopKpAAEAGeIMKAQOPCgEGEoAjBrjLcSVi3WuvvlAQFtB2iAAA"}
00745{"packet_event_id":2,"packet_event_name":"packet-flow","thread_id":0,"packet_id":3,"source":"cfgs\/default\/pcap\/h323_tcp.pcap","alias":"nDPId-test","flow_id":1,"flow_packet_id":3,"flow_src_last_pkt_time":1027664341627057,"flow_dst_last_pkt_time":1027664341644134,"flow_idle_time":7580000000,"pkt_datalink":1,"pkt_caplen":214,"pkt_type":2048,"pkt_l3_offset":14,"pkt_l4_offset":34,"pkt_len":214,"pkt_l4_len":180,"thread_ts_usec":1027664341644134,"pkt":"ANBQEAFmAAR2IiAXCABFAADIpKtAAEAGd+IKAQOPCgEGEoAjBrjLcSVi3WuvvlAYFtAIXAAAAwAAoAgCd\/QFBAOAkKUoCG0uamVtZWMAfgCFBSCoBgAIkUoABAFABgBtAC4AagBlAG0AZQBjIsAJAAA9FENhbGxnZW4zMjMgcG9nYWNzYW0AAAowLjlhbHBoYTQAAAAKAQYSBrgA+P35Ps2e1hGasgAEdiIgFwBdDYAHAAoBA4+AIxEAwP75Ps2e1hGasgAEdiIgFwEAAQABAAEAAoABAA=="}
00920{"flow_event_id":7,"flow_event_name":"detected","thread_id":0,"packet_id":3,"source":"cfgs\/default\/pcap\/h323_tcp.pcap","alias":"nDPId-test","flow_id":1,"flow_state":"info","flow_src_packets_processed":1,"flow_dst_packets_processed":2,"flow_first_seen":1027664341627057,"flow_src_last_pkt_time":1027664341627057,"flow_dst_last_pkt_time":1027664341644134,"flow_idle_time":7580000000,"flow_src_min_l4_payload_len":0,"flow_dst_min_l4_payload_len":0,"flow_src_max_l4_payload_len":0,"flow_dst_max_l4_payload_len":160,"flow_src_tot_l4_payload_len":0,"flow_dst_tot_l4_payload_len":160,"midstream":0,"thread_ts_usec":1027664341644134,"l3_proto":"ip4","src_ip":"10.1.6.18","dst_ip":"10.1.3.143","src_port":1720,"dst_port":32803,"l4_proto":"tcp","ndpi": {"confidence": {"6":"DPI"},"proto":"H323","proto_id":"158","proto_by_ip":"Unknown","proto_by_ip_id":0,"encrypted":0,"breed":"Acceptable","category_id":10,"category":"VoIP"}}
00533{"packet_event_id":2,"packet_event_name":"packet-flow","thread_id":0,"packet_id":4,"source":"cfgs\/default\/pcap\/h323_tcp.pcap","alias":"nDPId-test","flow_id":1,"flow_packet_id":4,"flow_src_last_pkt_time":1027664341806699,"flow_dst_last_pkt_time":1027664341644134,"flow_idle_time":7580000000,"pkt_datalink":1,"pkt_caplen":60,"pkt_type":2048,"pkt_l3_offset":14,"pkt_l4_offset":34,"pkt_len":60,"pkt_l4_len":20,"thread_ts_usec":1027664341806699,"pkt":"AAR2IiAXANBQEAFmCABFCAAocywAAEAG6fkKAQYSCgEDjwa4gCPda6++y3EmAlAQH2RtVAAAAAAAAAAA"}
00616{"packet_event_id":2,"packet_event_name":"packet-flow","thread_id":0,"packet_id":5,"source":"cfgs\/default\/pcap\/h323_tcp.pcap","alias":"nDPId-test","flow_id":1,"flow_packet_id":5,"flow_src_last_pkt_time":1027664341866798,"flow_dst_last_pkt_time":1027664341644134,"flow_idle_time":7580000000,"pkt_datalink":1,"pkt_caplen":118,"pkt_type":2048,"pkt_l3_offset":14,"pkt_l4_offset":34,"pkt_len":118,"pkt_l4_len":84,"thread_ts_usec":1027664341866798,"pkt":"AAR2IiAXANBQEAFmCABFCABocy4AAEAG6bcKAQYSCgEDjwa4gCPda6++y3EmAlAYIAChxgAAAwAAQAgC9\/QCfgA0BSGABgAIkUoAAyLAAAAAAAMzMTBpAFIA8MARAMD++T7NntYRmrIABHYiIBcBAAEACIABAA=="}
00963{"flow_event_id":3,"flow_event_name":"idle","thread_id":0,"packet_id":10,"source":"cfgs\/default\/pcap\/h323_tcp.pcap","alias":"nDPId-test","flow_id":1,"flow_state":"finished","flow_src_packets_processed":5,"flow_dst_packets_processed":5,"flow_first_seen":1027664341627057,"flow_src_last_pkt_time":1027664342671881,"flow_dst_last_pkt_time":1027664342671930,"flow_idle_time":7580000000,"flow_src_min_l4_payload_len":0,"flow_dst_min_l4_payload_len":0,"flow_src_max_l4_payload_len":97,"flow_dst_max_l4_payload_len":160,"flow_src_tot_l4_payload_len":225,"flow_dst_tot_l4_payload_len":160,"midstream":0,"thread_ts_usec":1027664342671930,"l3_proto":"ip4","src_ip":"10.1.6.18","dst_ip":"10.1.3.143","src_port":1720,"dst_port":32803,"l4_proto":"tcp","flow_datalink":1,"flow_max_packets":5,"ndpi": {"confidence": {"6":"DPI"},"proto":"H323","proto_id":"158","proto_by_ip":"Unknown","proto_by_ip_id":0,"encrypted":0,"breed":"Acceptable","category_id":10,"category":"VoIP"}}
00795{"daemon_event_id":3,"daemon_event_name":"shutdown","thread_id":0,"packet_id":10,"source":"cfgs\/default\/pcap\/h323_tcp.pcap","alias":"nDPId-test","version":"1.6.0","ndpi_version":"4.9.0-4628-142c8f5","packets-captured":10,"packets-processed":10,"pfring_active":false,"pfring_recv":0,"pfring_drop":0,"pfring_shunt":0,"total-skipped-flows":0,"total-l4-payload-len":385,"total-not-detected-flows":0,"total-guessed-flows":0,"total-detected-flows":1,"total-detection-updates":0,"total-updates":0,"current-active-flows":0,"total-active-flows":1,"total-idle-flows":1,"total-compressions":0,"total-compression-diff":0,"current-compression-diff":0,"global-alloc-count":0,"global-free-count":0,"global-alloc-bytes":0,"global-free-bytes":0,"total-events-serialized":11,"global_ts_usec":1027664342671930}
~~~~~~~~~~~~~~~~~~~~ SUMMARY ~~~~~~~~~~~~~~~~~~~~
~~ packets captured/processed: 10/10
~~ skipped flows.............: 0
~~ total layer4 data length..: 385 bytes
~~ total detected protocols..: 1
~~ total active/idle flows...: 1/1
~~ total timeout flows.......: 0
~~~~~~~~~~~~~~~~~~~~~~~~~~~~~~~~~~~~~~~~~~~~~~~~~
~~ total memory allocated....: 5498287 bytes
~~ total memory freed........: 5498287 bytes
~~ total allocations/frees...: 85870/85870
~~~~~~~~~~~~~~~~~~~~~~~~~~~~~~~~~~~~~~~~~~~~~~~~~
~~ json message min len.......: 530 chars
~~ json message max len.......: 968 chars
~~ json message avg len.......: 741 chars
