00559{"daemon_event_id":1,"daemon_event_name":"init","thread_id":0,"packet_id":0,"source":"cfgs\/default\/pcap\/h323.pcap","alias":"nDPId-test","version":"1.6.0","ndpi_version":"4.9.0-4628-142c8f5","max-flows-per-thread":2048,"max-idle-flows-per-thread":64,"reader-thread-count":1,"flow-scan-interval":10000000,"generic-max-idle-time":600000000,"icmp-max-idle-time":120000000,"udp-max-idle-time":180000000,"tcp-max-idle-time":7560000000,"max-packets-per-flow-to-send":5,"max-packets-per-flow-to-process":32,"max-packets-per-flow-to-analyse":32,"global_ts_usec":0}
00783{"daemon_event_id":4,"daemon_event_name":"status","thread_id":0,"packet_id":1,"source":"cfgs\/default\/pcap\/h323.pcap","alias":"nDPId-test","version":"1.6.0","ndpi_version":"4.9.0-4628-142c8f5","packets-captured":1,"packets-processed":0,"pfring_active":false,"pfring_recv":0,"pfring_drop":0,"pfring_shunt":0,"total-skipped-flows":0,"total-l4-payload-len":0,"total-not-detected-flows":0,"total-guessed-flows":0,"total-detected-flows":0,"total-detection-updates":0,"total-updates":0,"current-active-flows":0,"total-active-flows":0,"total-idle-flows":0,"total-compressions":0,"total-compression-diff":0,"current-compression-diff":0,"global-alloc-count":0,"global-free-count":0,"global-alloc-bytes":0,"global-free-bytes":0,"total-events-serialized":2,"global_ts_usec":1198747079978922}
00767{"flow_event_id":1,"flow_event_name":"new","thread_id":0,"packet_id":1,"source":"cfgs\/default\/pcap\/h323.pcap","alias":"nDPId-test","flow_id":1,"flow_state":"info","flow_src_packets_processed":1,"flow_dst_packets_processed":0,"flow_first_seen":1198747079978922,"flow_src_last_pkt_time":1198747079978922,"flow_dst_last_pkt_time":1198747079978922,"flow_idle_time":200000000,"flow_src_min_l4_payload_len":38,"flow_dst_min_l4_payload_len":0,"flow_src_max_l4_payload_len":38,"flow_dst_max_l4_payload_len":0,"flow_src_tot_l4_payload_len":38,"flow_dst_tot_l4_payload_len":0,"midstream":0,"thread_ts_usec":1198747079978922,"l3_proto":"ip4","src_ip":"17.2.0.124","dst_ip":"17.2.0.161","src_port":2034,"dst_port":1719,"l4_proto":"udp","flow_datalink":1,"flow_max_packets":5}
00556{"packet_event_id":2,"packet_event_name":"packet-flow","thread_id":0,"packet_id":1,"source":"cfgs\/default\/pcap\/h323.pcap","alias":"nDPId-test","flow_id":1,"flow_packet_id":1,"flow_src_last_pkt_time":1198747079978922,"flow_dst_last_pkt_time":1198747079978922,"flow_idle_time":200000000,"pkt_datalink":1,"pkt_caplen":80,"pkt_type":2048,"pkt_l3_offset":14,"pkt_l4_offset":34,"pkt_len":80,"pkt_l4_len":46,"thread_ts_usec":1198747079978922,"pkt":"ABj+bZZlABMh8GpfCABFAABCx9cAAIART7MRAgB8EQIAoQfyBrcALv7LAiAAAAYACJFKAAQAEQIAfAfyIgCuAQA9AAEDAIXImlEggAMBQAA="}
00619{"packet_event_id":2,"packet_event_name":"packet-flow","thread_id":0,"packet_id":2,"source":"cfgs\/default\/pcap\/h323.pcap","alias":"nDPId-test","flow_id":1,"flow_packet_id":2,"flow_src_last_pkt_time":1198747079978922,"flow_dst_last_pkt_time":1198747080010123,"flow_idle_time":200000000,"pkt_datalink":1,"pkt_caplen":125,"pkt_type":2048,"pkt_l3_offset":14,"pkt_l4_offset":34,"pkt_len":125,"pkt_l4_len":91,"thread_ts_usec":1198747080010123,"pkt":"ABMh8GpfABj+bZZlCABFAABviRAAAIARjk0RAgChEQIAfAa3B\/IAWwaKBIAAAAYACJFKAAQ+AE8AcABlAG4ASAAzADIAMwAgAEcAYQB0AGUAawBlAGUAcABlAHIAIABvAG4AIABtAGYAbwB0AHQAZQBrAGkAbgARAgChBrc="}
00916{"flow_event_id":7,"flow_event_name":"detected","thread_id":0,"packet_id":2,"source":"cfgs\/default\/pcap\/h323.pcap","alias":"nDPId-test","flow_id":1,"flow_state":"info","flow_src_packets_processed":1,"flow_dst_packets_processed":1,"flow_first_seen":1198747079978922,"flow_src_last_pkt_time":1198747079978922,"flow_dst_last_pkt_time":1198747080010123,"flow_idle_time":200000000,"flow_src_min_l4_payload_len":38,"flow_dst_min_l4_payload_len":0,"flow_src_max_l4_payload_len":38,"flow_dst_max_l4_payload_len":83,"flow_src_tot_l4_payload_len":38,"flow_dst_tot_l4_payload_len":83,"midstream":0,"thread_ts_usec":1198747080010123,"l3_proto":"ip4","src_ip":"17.2.0.124","dst_ip":"17.2.0.161","src_port":2034,"dst_port":1719,"l4_proto":"udp","ndpi": {"confidence": {"6":"DPI"},"proto":"H323","proto_id":"158","proto_by_ip":"Apple","proto_by_ip_id":140,"encrypted":0,"breed":"Acceptable","category_id":10,"category":"VoIP"}}
00683{"packet_event_id":2,"packet_event_name":"packet-flow","thread_id":0,"packet_id":3,"source":"cfgs\/default\/pcap\/h323.pcap","alias":"nDPId-test","flow_id":1,"flow_packet_id":3,"flow_src_last_pkt_time":1198747080226094,"flow_dst_last_pkt_time":1198747080010123,"flow_idle_time":200000000,"pkt_datalink":1,"pkt_caplen":174,"pkt_type":2048,"pkt_l3_offset":14,"pkt_l4_offset":34,"pkt_len":174,"pkt_l4_len":140,"thread_ts_usec":1198747080226094,"pkt":"ABj+bZZlABMh8GpfCABFAACgx94AAIART04RAgB8EQIAoQfyBrcAjI1fDsAAAQYACJFKAASAAQARAgB8BrgBABECAHwH8iIArgEAPQABhA4QA0AzMzMzMzMzMzCZkD4ATwBwAGUAbgBIADMAMgAzACAARwBhAHQAZQBrAGUAZQBwAGUAcgAgAG8AbgAgAG0AZgBvAHQAdABlAGsAaQBuAK4BAD0oCwAAAQABgAGA"}
00676{"packet_event_id":2,"packet_event_name":"packet-flow","thread_id":0,"packet_id":4,"source":"cfgs\/default\/pcap\/h323.pcap","alias":"nDPId-test","flow_id":1,"flow_packet_id":4,"flow_src_last_pkt_time":1198747080226094,"flow_dst_last_pkt_time":1198747080346595,"flow_idle_time":200000000,"pkt_datalink":1,"pkt_caplen":167,"pkt_type":2048,"pkt_l3_offset":14,"pkt_l4_offset":34,"pkt_len":167,"pkt_l4_len":133,"thread_ts_usec":1198747080346595,"pkt":"ABMh8GpfABj+bZZlCABFAACZiREAAIARjiIRAgChEQIAfAa3B\/IAhQ9BEkAAAQYACJFKAAQBABECAHwGuD4ATwBwAGUAbgBIADMAMgAzACAARwBhAHQAZQBrAGUAZQBwAGUAcgAgAG8AbgAgAG0AZgBvAHQAdABlAGsAaQBuFgA0ADcANABhADcANABjADgAOgAyADcANA6OA0AODwGABYAIAgA7AQA="}
00999{"packet_event_id":2,"packet_event_name":"packet-flow","thread_id":0,"packet_id":5,"source":"cfgs\/default\/pcap\/h323.pcap","alias":"nDPId-test","flow_id":1,"flow_packet_id":5,"flow_src_last_pkt_time":1198747080556295,"flow_dst_last_pkt_time":1198747080346595,"flow_idle_time":200000000,"pkt_datalink":1,"pkt_caplen":411,"pkt_type":2048,"pkt_l3_offset":14,"pkt_l4_offset":34,"pkt_len":411,"pkt_l4_len":377,"thread_ts_usec":1198747080556295,"pkt":"ABj+bZZlABMh8GpfCABFAAGNx+sAAIARTlQRAgB8EQIAoQfyBrcBedocJkgAAhjAADQANwA0AGEANwA0AGMAOAA6ADIANwA0AAAAAAAAAAAAAAAAAAAAAAAAAAAAAAAAAAAAAAAAAAAAAAAAAAAAAAAAAAAAAAAAAAAAAAAAAAAAAAAAAAAAAAAAAAAAAAAAAAAAAAAAAAAAAAAAAAAAAAAAAAAAAAAAAAAAAAAAAAAAAAAAAAAAAAAAAAAAAAAAAAAAAAAAAAAAAAAAAAAAAAAAAAAAAAAAAAAAAAAAAAAAAAAAAAAAAAAAAAAAAAAAAAAAAAAAAAAAEQIAega4AQMAhciaWAMNQAABQK4AAD0UQXNlbHNhbiBzcGVjaWFsIGRhdGEAPf0wAABIM4AABQQDAgEACOQkAAGAEQAAQJH7con5EYAqBQQDAgEAQT4ATwBwAGUAbgBIADMAMgAzACAARwBhAHQAZQBrAGUAZQBwAGUAcgAgAG8AbgAgAG0AZgBvAHQAdABlAGsAaQBuAYAJSAABUAPoAjU5"}
00771{"flow_event_id":1,"flow_event_name":"new","thread_id":0,"packet_id":7,"source":"cfgs\/default\/pcap\/h323.pcap","alias":"nDPId-test","flow_id":2,"flow_state":"info","flow_src_packets_processed":1,"flow_dst_packets_processed":0,"flow_first_seen":1198747081344407,"flow_src_last_pkt_time":1198747081344407,"flow_dst_last_pkt_time":1198747081344407,"flow_idle_time":7580000000,"flow_src_min_l4_payload_len":153,"flow_dst_min_l4_payload_len":0,"flow_src_max_l4_payload_len":153,"flow_dst_max_l4_payload_len":0,"flow_src_tot_l4_payload_len":153,"flow_dst_tot_l4_payload_len":0,"midstream":1,"thread_ts_usec":1198747081344407,"l3_proto":"ip4","src_ip":"17.2.0.124","dst_ip":"17.2.0.122","src_port":3032,"dst_port":1720,"l4_proto":"tcp","flow_datalink":1,"flow_max_packets":5}
00731{"packet_event_id":2,"packet_event_name":"packet-flow","thread_id":0,"packet_id":7,"source":"cfgs\/default\/pcap\/h323.pcap","alias":"nDPId-test","flow_id":2,"flow_packet_id":1,"flow_src_last_pkt_time":1198747081344407,"flow_dst_last_pkt_time":1198747081344407,"flow_idle_time":7580000000,"pkt_datalink":1,"pkt_caplen":207,"pkt_type":2048,"pkt_l3_offset":14,"pkt_l4_offset":34,"pkt_len":207,"pkt_l4_len":173,"thread_ts_usec":1198747081344407,"pkt":"ABMh8GmQABMh8GpfCABFAADByARAAIAGDzkRAgB8EQIAegvYBrgNUNrQGPo2h1AY\/\/8jrQAAAwAAmQgCAAEFBAOQkKJsCME1Mjk1NjcycAjBOTI0NjUyNn4AcwUgqAYACJFKAAQBAwCFyJpSIK4BAD0AEQIAega4AAA9\/TAAAEgzgAAFBAMCAQAAzQ2AAgcAEQIAfAa4EQAAQJH7con5EYAqBQQDAgEAAQABAAEAAQAZAXggFAARaW5mb0Bhc2Vsc2FuLmNvbW9tKBCAAQCh"}
00918{"flow_event_id":7,"flow_event_name":"detected","thread_id":0,"packet_id":7,"source":"cfgs\/default\/pcap\/h323.pcap","alias":"nDPId-test","flow_id":2,"flow_state":"info","flow_src_packets_processed":1,"flow_dst_packets_processed":0,"flow_first_seen":1198747081344407,"flow_src_last_pkt_time":1198747081344407,"flow_dst_last_pkt_time":1198747081344407,"flow_idle_time":7580000000,"flow_src_min_l4_payload_len":153,"flow_dst_min_l4_payload_len":0,"flow_src_max_l4_payload_len":153,"flow_dst_max_l4_payload_len":0,"flow_src_tot_l4_payload_len":153,"flow_dst_tot_l4_payload_len":0,"midstream":1,"thread_ts_usec":1198747081344407,"l3_proto":"ip4","src_ip":"17.2.0.124","dst_ip":"17.2.0.122","src_port":3032,"dst_port":1720,"l4_proto":"tcp","ndpi": {"confidence": {"6":"DPI"},"proto":"H323","proto_id":"158","proto_by_ip":"Apple","proto_by_ip_id":140,"encrypted":0,"breed":"Acceptable","category_id":10,"category":"VoIP"}}
00588{"packet_event_id":2,"packet_event_name":"packet-flow","thread_id":0,"packet_id":8,"source":"cfgs\/default\/pcap\/h323.pcap","alias":"nDPId-test","flow_id":2,"flow_packet_id":2,"flow_src_last_pkt_time":1198747081344407,"flow_dst_last_pkt_time":1198747081402254,"flow_idle_time":7580000000,"pkt_datalink":1,"pkt_caplen":100,"pkt_type":2048,"pkt_l3_offset":14,"pkt_l4_offset":34,"pkt_len":100,"pkt_l4_len":66,"thread_ts_usec":1198747081402254,"pkt":"ABMh8GpfABMh8GmQCABFAABWwtdAAIAGFNERAgB6EQIAfAa4C9gY+jaHDVDbaVAY\/2aqggAAAwAALggCgAFafgAiBSXABgAIkUoABFgIEQAkqxVydvoYEJpYABMh8GmQAoABAA=="}
00960{"flow_event_id":3,"flow_event_name":"idle","thread_id":0,"packet_id":12,"source":"cfgs\/default\/pcap\/h323.pcap","alias":"nDPId-test","flow_id":1,"flow_state":"finished","flow_src_packets_processed":3,"flow_dst_packets_processed":7,"flow_first_seen":1198747079978922,"flow_src_last_pkt_time":1198747080556295,"flow_dst_last_pkt_time":1198747160184990,"flow_idle_time":200000000,"flow_src_min_l4_payload_len":38,"flow_dst_min_l4_payload_len":0,"flow_src_max_l4_payload_len":369,"flow_dst_max_l4_payload_len":134,"flow_src_tot_l4_payload_len":539,"flow_dst_tot_l4_payload_len":559,"midstream":0,"thread_ts_usec":1198747160184990,"l3_proto":"ip4","src_ip":"17.2.0.124","dst_ip":"17.2.0.161","src_port":2034,"dst_port":1719,"l4_proto":"udp","flow_datalink":1,"flow_max_packets":5,"ndpi": {"confidence": {"6":"DPI"},"proto":"H323","proto_id":"158","proto_by_ip":"Apple","proto_by_ip_id":140,"encrypted":0,"breed":"Acceptable","category_id":10,"category":"VoIP"}}
00960{"flow_event_id":3,"flow_event_name":"idle","thread_id":0,"packet_id":12,"source":"cfgs\/default\/pcap\/h323.pcap","alias":"nDPId-test","flow_id":2,"flow_state":"finished","flow_src_packets_processed":1,"flow_dst_packets_processed":1,"flow_first_seen":1198747081344407,"flow_src_last_pkt_time":1198747081344407,"flow_dst_last_pkt_time":1198747081402254,"flow_idle_time":7580000000,"flow_src_min_l4_payload_len":153,"flow_dst_min_l4_payload_len":0,"flow_src_max_l4_payload_len":153,"flow_dst_max_l4_payload_len":46,"flow_src_tot_l4_payload_len":153,"flow_dst_tot_l4_payload_len":46,"midstream":1,"thread_ts_usec":1198747160184990,"l3_proto":"ip4","src_ip":"17.2.0.124","dst_ip":"17.2.0.122","src_port":3032,"dst_port":1720,"l4_proto":"tcp","flow_datalink":1,"flow_max_packets":5,"ndpi": {"confidence": {"6":"DPI"},"proto":"H323","proto_id":"158","proto_by_ip":"Apple","proto_by_ip_id":140,"encrypted":0,"breed":"Acceptable","category_id":10,"category":"VoIP"}}
00792{"daemon_event_id":3,"daemon_event_name":"shutdown","thread_id":0,"packet_id":12,"source":"cfgs\/default\/pcap\/h323.pcap","alias":"nDPId-test","version":"1.6.0","ndpi_version":"4.9.0-4628-142c8f5","packets-captured":12,"packets-processed":12,"pfring_active":false,"pfring_recv":0,"pfring_drop":0,"pfring_shunt":0,"total-skipped-flows":0,"total-l4-payload-len":1297,"total-not-detected-flows":0,"total-guessed-flows":0,"total-detected-flows":2,"total-detection-updates":0,"total-updates":0,"current-active-flows":0,"total-active-flows":2,"total-idle-flows":2,"total-compressions":0,"total-compression-diff":0,"current-compression-diff":0,"global-alloc-count":0,"global-free-count":0,"global-alloc-bytes":0,"global-free-bytes":0,"total-events-serialized":16,"global_ts_usec":1198747160184990}
~~~~~~~~~~~~~~~~~~~~ SUMMARY ~~~~~~~~~~~~~~~~~~~~
~~ packets captured/processed: 12/12
~~ skipped flows.............: 0
~~ total layer4 data length..: 1297 bytes
~~ total detected protocols..: 2
~~ total active/idle flows...: 2/2
~~ total timeout flows.......: 0
~~~~~~~~~~~~~~~~~~~~~~~~~~~~~~~~~~~~~~~~~~~~~~~~~
~~ total memory allocated....: 5500533 bytes
~~ total memory freed........: 5500533 bytes
~~ total allocations/frees...: 85883/85883
~~~~~~~~~~~~~~~~~~~~~~~~~~~~~~~~~~~~~~~~~~~~~~~~~
~~ json message min len.......: 561 chars
~~ json message max len.......: 1004 chars
~~ json message avg len.......: 781 chars
