00558{"daemon_event_id":1,"daemon_event_name":"init","thread_id":0,"packet_id":0,"source":"cfgs\/default\/pcap\/hl7.pcap","alias":"nDPId-test","version":"1.6.0","ndpi_version":"4.9.0-4628-142c8f5","max-flows-per-thread":2048,"max-idle-flows-per-thread":64,"reader-thread-count":1,"flow-scan-interval":10000000,"generic-max-idle-time":600000000,"icmp-max-idle-time":120000000,"udp-max-idle-time":180000000,"tcp-max-idle-time":7560000000,"max-packets-per-flow-to-send":5,"max-packets-per-flow-to-process":32,"max-packets-per-flow-to-analyse":32,"global_ts_usec":0}
00782{"daemon_event_id":4,"daemon_event_name":"status","thread_id":0,"packet_id":1,"source":"cfgs\/default\/pcap\/hl7.pcap","alias":"nDPId-test","version":"1.6.0","ndpi_version":"4.9.0-4628-142c8f5","packets-captured":1,"packets-processed":0,"pfring_active":false,"pfring_recv":0,"pfring_drop":0,"pfring_shunt":0,"total-skipped-flows":0,"total-l4-payload-len":0,"total-not-detected-flows":0,"total-guessed-flows":0,"total-detected-flows":0,"total-detection-updates":0,"total-updates":0,"current-active-flows":0,"total-active-flows":0,"total-idle-flows":0,"total-compressions":0,"total-compression-diff":0,"current-compression-diff":0,"global-alloc-count":0,"global-free-count":0,"global-alloc-bytes":0,"global-free-bytes":0,"total-events-serialized":2,"global_ts_usec":1517275422250397}
00765{"flow_event_id":1,"flow_event_name":"new","thread_id":0,"packet_id":1,"source":"cfgs\/default\/pcap\/hl7.pcap","alias":"nDPId-test","flow_id":1,"flow_state":"info","flow_src_packets_processed":1,"flow_dst_packets_processed":0,"flow_first_seen":1517275422250397,"flow_src_last_pkt_time":1517275422250397,"flow_dst_last_pkt_time":1517275422250397,"flow_idle_time":7580000000,"flow_src_min_l4_payload_len":0,"flow_dst_min_l4_payload_len":0,"flow_src_max_l4_payload_len":0,"flow_dst_max_l4_payload_len":0,"flow_src_tot_l4_payload_len":0,"flow_dst_tot_l4_payload_len":0,"midstream":0,"thread_ts_usec":1517275422250397,"l3_proto":"ip4","src_ip":"10.0.0.155","dst_ip":"10.0.0.126","src_port":49242,"dst_port":6661,"l4_proto":"tcp","flow_datalink":1,"flow_max_packets":5}
00536{"packet_event_id":2,"packet_event_name":"packet-flow","thread_id":0,"packet_id":1,"source":"cfgs\/default\/pcap\/hl7.pcap","alias":"nDPId-test","flow_id":1,"flow_packet_id":1,"flow_src_last_pkt_time":1517275422250397,"flow_dst_last_pkt_time":1517275422250397,"flow_idle_time":7580000000,"pkt_datalink":1,"pkt_caplen":66,"pkt_type":2048,"pkt_l3_offset":14,"pkt_l4_offset":34,"pkt_len":66,"pkt_l4_len":32,"thread_ts_usec":1517275422250397,"pkt":"CAAnHabCAAwptbZICABFAAA0emVAAIAGa0YKAACbCgAAfsBaGgVdWCFsAAAAAIACIADg0wAAAgQFtAEDAwgBAQQC"}
00537{"packet_event_id":2,"packet_event_name":"packet-flow","thread_id":0,"packet_id":2,"source":"cfgs\/default\/pcap\/hl7.pcap","alias":"nDPId-test","flow_id":1,"flow_packet_id":2,"flow_src_last_pkt_time":1517275422250397,"flow_dst_last_pkt_time":1517275422251429,"flow_idle_time":7580000000,"pkt_datalink":1,"pkt_caplen":66,"pkt_type":2048,"pkt_l3_offset":14,"pkt_l4_offset":34,"pkt_len":66,"pkt_l4_len":32,"thread_ts_usec":1517275422251429,"pkt":"AAwptbZICAAnHabCCABFAAA0Xc5AAIAGAAAKAAB+CgAAmxoFwFq\/ZRXRXVghbYASIAAVPwAAAgQFtAEDAwgBAQQC"}
00528{"packet_event_id":2,"packet_event_name":"packet-flow","thread_id":0,"packet_id":3,"source":"cfgs\/default\/pcap\/hl7.pcap","alias":"nDPId-test","flow_id":1,"flow_packet_id":3,"flow_src_last_pkt_time":1517275422252096,"flow_dst_last_pkt_time":1517275422251429,"flow_idle_time":7580000000,"pkt_datalink":1,"pkt_caplen":60,"pkt_type":2048,"pkt_l3_offset":14,"pkt_l4_offset":34,"pkt_len":60,"pkt_l4_len":20,"thread_ts_usec":1517275422252096,"pkt":"CAAnHabCAAwptbZICABFAAAoemZAAIAGa1EKAACbCgAAfsBaGgVdWCFtv2UV0lAQAQBrXwAAAAAAAAAA"}
01159{"packet_event_id":2,"packet_event_name":"packet-flow","thread_id":0,"packet_id":4,"source":"cfgs\/default\/pcap\/hl7.pcap","alias":"nDPId-test","flow_id":1,"flow_packet_id":4,"flow_src_last_pkt_time":1517275422252881,"flow_dst_last_pkt_time":1517275422251429,"flow_idle_time":7580000000,"pkt_datalink":1,"pkt_caplen":531,"pkt_type":2048,"pkt_l3_offset":14,"pkt_l4_offset":34,"pkt_len":531,"pkt_l4_len":497,"thread_ts_usec":1517275422252881,"pkt":"CAAnHabCAAwptbZICABFAAIFemdAAIAGaXMKAACbCgAAfsBaGgVdWCFtv2UV0lAYAQC5qAAAC01TSHxeflwmfFNFTkRJTkdfQVBQTElDQVRJT058U0VORElOR19GQUNJTElUWXxSRUNFSVZJTkdfQVBQTElDQVRJT058UkVDRUlWSU5HX0ZBQ0lMSVRZfDIwMTEwNjEzMDgzNjE3fHxBRFReQTAxfDkzNDU3NjEyMDExMDYxMzA4MzYxN3xQfDIuM3x8fHwNRVZOfEEwMXwyMDExMDYxMzA4MzYxN3x8fA1QSUR8MXx8MTM1NzY5fHxNT1VTRV5NSUNLRVlefHwxOTI4MTExOHxNfHx8MTIzIE1haW4gU3QuXl5MYWtlIEJ1ZW5hIFZpc3RhXkZMIF4zMjgzMHx8KDQwNyk5MzktNTU1NV5eXm9odG9vZGxlc0Bub3RkaXNuZXkuY29tfHx8fHwxNzE5fDk5OTk5OTk5OXx8fCB8TU9VU0VUT1dOfHx8fHx8fHx8fHx8fHx8fA1OSzF8MXxNT1VTRV5NSU5OSUV8V0lGRXx8fHx8fE5LDVBWMXwxfE98fHx8fF5eXl5eXl5efF5eXl5eXl5eDUFMMXwxfHxeUGVuaWNpbGxpbnx8QW5hcGh5bGFjdGljIHNob2NrDUFMMXwyfHxeQ2F0IGRhbmRlcnx8U2tpbiByYXNoDRwN"}
01046{"flow_event_id":7,"flow_event_name":"detected","thread_id":0,"packet_id":4,"source":"cfgs\/default\/pcap\/hl7.pcap","alias":"nDPId-test","flow_id":1,"flow_state":"info","flow_src_packets_processed":3,"flow_dst_packets_processed":1,"flow_first_seen":1517275422250397,"flow_src_last_pkt_time":1517275422252881,"flow_dst_last_pkt_time":1517275422251429,"flow_idle_time":7580000000,"flow_src_min_l4_payload_len":0,"flow_dst_min_l4_payload_len":0,"flow_src_max_l4_payload_len":477,"flow_dst_max_l4_payload_len":0,"flow_src_tot_l4_payload_len":477,"flow_dst_tot_l4_payload_len":0,"midstream":0,"thread_ts_usec":1517275422252881,"l3_proto":"ip4","src_ip":"10.0.0.155","dst_ip":"10.0.0.126","src_port":49242,"dst_port":6661,"l4_proto":"tcp","ndpi": {"flow_risk": {"5": {"risk":"Known Proto on Non Std Port","severity":"Medium","risk_score": {"total":160,"client":140,"server":20}}},"confidence": {"6":"DPI"},"proto":"HL7","proto_id":"380","proto_by_ip":"Unknown","proto_by_ip_id":0,"encrypted":0,"breed":"Acceptable","category_id":16,"category":"RPC"}}
00748{"packet_event_id":2,"packet_event_name":"packet-flow","thread_id":0,"packet_id":5,"source":"cfgs\/default\/pcap\/hl7.pcap","alias":"nDPId-test","flow_id":1,"flow_packet_id":5,"flow_src_last_pkt_time":1517275422252881,"flow_dst_last_pkt_time":1517275422273295,"flow_idle_time":7580000000,"pkt_datalink":1,"pkt_caplen":222,"pkt_type":2048,"pkt_l3_offset":14,"pkt_l4_offset":34,"pkt_len":222,"pkt_l4_len":188,"thread_ts_usec":1517275422273295,"pkt":"AAwptbZICAAnHabCCABFAADQXc9AAIAGAAAKAAB+CgAAmxoFwFq\/ZRXSXVgjSlAYAQAV2wAAC01TSHxeflwmfFJFQ0VJVklOR19BUFBMSUNBVElPTnxSRUNFSVZJTkdfRkFDSUxJVFl8U0VORElOR19BUFBMSUNBVElPTnxTRU5ESU5HX0ZBQ0lMSVRZfDIwMTgwMTI5MTkyMzQyLjI0NXx8QUNLfDIwMTgwMTI5MTkyMzQyLjI0NXxQfDIuMw1NU0F8QUF8OTM0NTc2MTIwMTEwNjEzMDgzNjE3DRwN"}
01088{"flow_event_id":2,"flow_event_name":"end","thread_id":0,"packet_id":9,"source":"cfgs\/default\/pcap\/hl7.pcap","alias":"nDPId-test","flow_id":1,"flow_state":"finished","flow_src_packets_processed":5,"flow_dst_packets_processed":4,"flow_first_seen":1517275422250397,"flow_src_last_pkt_time":1517275422285397,"flow_dst_last_pkt_time":1517275422284848,"flow_idle_time":7580000000,"flow_src_min_l4_payload_len":0,"flow_dst_min_l4_payload_len":0,"flow_src_max_l4_payload_len":477,"flow_dst_max_l4_payload_len":168,"flow_src_tot_l4_payload_len":477,"flow_dst_tot_l4_payload_len":168,"midstream":0,"thread_ts_usec":1517275422285397,"l3_proto":"ip4","src_ip":"10.0.0.155","dst_ip":"10.0.0.126","src_port":49242,"dst_port":6661,"l4_proto":"tcp","flow_datalink":1,"flow_max_packets":5,"ndpi": {"flow_risk": {"5": {"risk":"Known Proto on Non Std Port","severity":"Medium","risk_score": {"total":160,"client":140,"server":20}}},"confidence": {"6":"DPI"},"proto":"HL7","proto_id":"380","proto_by_ip":"Unknown","proto_by_ip_id":0,"encrypted":0,"breed":"Acceptable","category_id":16,"category":"RPC"}}
00787{"daemon_event_id":3,"daemon_event_name":"shutdown","thread_id":0,"packet_id":9,"source":"cfgs\/default\/pcap\/hl7.pcap","alias":"nDPId-test","version":"1.6.0","ndpi_version":"4.9.0-4628-142c8f5","packets-captured":9,"packets-processed":9,"pfring_active":false,"pfring_recv":0,"pfring_drop":0,"pfring_shunt":0,"total-skipped-flows":0,"total-l4-payload-len":645,"total-not-detected-flows":0,"total-guessed-flows":0,"total-detected-flows":1,"total-detection-updates":0,"total-updates":0,"current-active-flows":0,"total-active-flows":1,"total-idle-flows":1,"total-compressions":0,"total-compression-diff":0,"current-compression-diff":0,"global-alloc-count":0,"global-free-count":0,"global-alloc-bytes":0,"global-free-bytes":0,"total-events-serialized":11,"global_ts_usec":1517275422285397}
~~~~~~~~~~~~~~~~~~~~ SUMMARY ~~~~~~~~~~~~~~~~~~~~
~~ packets captured/processed: 9/9
~~ skipped flows.............: 0
~~ total layer4 data length..: 645 bytes
~~ total detected protocols..: 1
~~ total active/idle flows...: 1/1
~~ total timeout flows.......: 0
~~~~~~~~~~~~~~~~~~~~~~~~~~~~~~~~~~~~~~~~~~~~~~~~~
~~ total memory allocated....: 5500306 bytes
~~ total memory freed........: 5500306 bytes
~~ total allocations/frees...: 85870/85870
~~~~~~~~~~~~~~~~~~~~~~~~~~~~~~~~~~~~~~~~~~~~~~~~~
~~ json message min len.......: 533 chars
~~ json message max len.......: 1164 chars
~~ json message avg len.......: 841 chars
