00562{"daemon_event_id":1,"daemon_event_name":"init","thread_id":0,"packet_id":0,"source":"cfgs\/default\/pcap\/kafka.pcapng","alias":"nDPId-test","version":"1.6.0","ndpi_version":"4.9.0-4628-142c8f5","max-flows-per-thread":2048,"max-idle-flows-per-thread":64,"reader-thread-count":1,"flow-scan-interval":10000000,"generic-max-idle-time":600000000,"icmp-max-idle-time":120000000,"udp-max-idle-time":180000000,"tcp-max-idle-time":7560000000,"max-packets-per-flow-to-send":5,"max-packets-per-flow-to-process":32,"max-packets-per-flow-to-analyse":32,"global_ts_usec":0}
00786{"daemon_event_id":4,"daemon_event_name":"status","thread_id":0,"packet_id":1,"source":"cfgs\/default\/pcap\/kafka.pcapng","alias":"nDPId-test","version":"1.6.0","ndpi_version":"4.9.0-4628-142c8f5","packets-captured":1,"packets-processed":0,"pfring_active":false,"pfring_recv":0,"pfring_drop":0,"pfring_shunt":0,"total-skipped-flows":0,"total-l4-payload-len":0,"total-not-detected-flows":0,"total-guessed-flows":0,"total-detected-flows":0,"total-detection-updates":0,"total-updates":0,"current-active-flows":0,"total-active-flows":0,"total-idle-flows":0,"total-compressions":0,"total-compression-diff":0,"current-compression-diff":0,"global-alloc-count":0,"global-free-count":0,"global-alloc-bytes":0,"global-free-bytes":0,"total-events-serialized":2,"global_ts_usec":1703132756328165}
00767{"flow_event_id":1,"flow_event_name":"new","thread_id":0,"packet_id":1,"source":"cfgs\/default\/pcap\/kafka.pcapng","alias":"nDPId-test","flow_id":1,"flow_state":"info","flow_src_packets_processed":1,"flow_dst_packets_processed":0,"flow_first_seen":1703132756328165,"flow_src_last_pkt_time":1703132756328165,"flow_dst_last_pkt_time":1703132756328165,"flow_idle_time":7580000000,"flow_src_min_l4_payload_len":0,"flow_dst_min_l4_payload_len":0,"flow_src_max_l4_payload_len":0,"flow_dst_max_l4_payload_len":0,"flow_src_tot_l4_payload_len":0,"flow_dst_tot_l4_payload_len":0,"midstream":0,"thread_ts_usec":1703132756328165,"l3_proto":"ip4","src_ip":"127.0.0.1","dst_ip":"127.0.0.1","src_port":46136,"dst_port":9092,"l4_proto":"tcp","flow_datalink":1,"flow_max_packets":5}
00554{"packet_event_id":2,"packet_event_name":"packet-flow","thread_id":0,"packet_id":1,"source":"cfgs\/default\/pcap\/kafka.pcapng","alias":"nDPId-test","flow_id":1,"flow_packet_id":1,"flow_src_last_pkt_time":1703132756328165,"flow_dst_last_pkt_time":1703132756328165,"flow_idle_time":7580000000,"pkt_datalink":1,"pkt_caplen":74,"pkt_type":2048,"pkt_l3_offset":14,"pkt_l4_offset":34,"pkt_len":74,"pkt_l4_len":40,"thread_ts_usec":1703132756328165,"pkt":"AAAAAAAAAAAAAAAACABFAAA8Eq5AAEAGKgx\/AAABfwAAAbQ4I4TC+vYrAAAAAKACQQD+MAAAAgT\/1wQCCApRp0SoAAAAAAEDAwA="}
00554{"packet_event_id":2,"packet_event_name":"packet-flow","thread_id":0,"packet_id":2,"source":"cfgs\/default\/pcap\/kafka.pcapng","alias":"nDPId-test","flow_id":1,"flow_packet_id":2,"flow_src_last_pkt_time":1703132756328165,"flow_dst_last_pkt_time":1703132756328170,"flow_idle_time":7580000000,"pkt_datalink":1,"pkt_caplen":74,"pkt_type":2048,"pkt_l3_offset":14,"pkt_l4_offset":34,"pkt_len":74,"pkt_l4_len":40,"thread_ts_usec":1703132756328170,"pkt":"AAAAAAAAAAAAAAAACABFAAA8AABAAEAGPLp\/AAABfwAAASOEtDhFvmxLwvr2LKASyyD+MAAAAgT\/1wQCCApRp0SoUadEqAEDAwA="}
00541{"packet_event_id":2,"packet_event_name":"packet-flow","thread_id":0,"packet_id":3,"source":"cfgs\/default\/pcap\/kafka.pcapng","alias":"nDPId-test","flow_id":1,"flow_packet_id":3,"flow_src_last_pkt_time":1703132756328175,"flow_dst_last_pkt_time":1703132756328170,"flow_idle_time":7580000000,"pkt_datalink":1,"pkt_caplen":66,"pkt_type":2048,"pkt_l3_offset":14,"pkt_l4_offset":34,"pkt_len":66,"pkt_l4_len":32,"thread_ts_usec":1703132756328175,"pkt":"AAAAAAAAAAAAAAAACABFAAA0Eq9AAEAGKhN\/AAABfwAAAbQ4I4TC+vYsRb5sTIAQQQD+KAAAAQEIClGnRKhRp0So"}
00619{"packet_event_id":2,"packet_event_name":"packet-flow","thread_id":0,"packet_id":4,"source":"cfgs\/default\/pcap\/kafka.pcapng","alias":"nDPId-test","flow_id":1,"flow_packet_id":4,"flow_src_last_pkt_time":1703132756329238,"flow_dst_last_pkt_time":1703132756328170,"flow_idle_time":7580000000,"pkt_datalink":1,"pkt_caplen":122,"pkt_type":2048,"pkt_l3_offset":14,"pkt_l4_offset":34,"pkt_len":122,"pkt_l4_len":88,"thread_ts_usec":1703132756329238,"pkt":"AAAAAAAAAAAAAAAACABFAABsErBAAEAGKdp\/AAABfwAAAbQ4I4TC+vYsRb5sTIAYQQD+YAAAAQEIClGnRKlRp0SoAAAANAASAAMAAAADABBjb25zb2xlLXByb2R1Y2VyABJhcGFjaGUta2Fma2EtamF2YQYzLjYuMQA="}
00541{"packet_event_id":2,"packet_event_name":"packet-flow","thread_id":0,"packet_id":5,"source":"cfgs\/default\/pcap\/kafka.pcapng","alias":"nDPId-test","flow_id":1,"flow_packet_id":5,"flow_src_last_pkt_time":1703132756329238,"flow_dst_last_pkt_time":1703132756329244,"flow_idle_time":7580000000,"pkt_datalink":1,"pkt_caplen":66,"pkt_type":2048,"pkt_l3_offset":14,"pkt_l4_offset":34,"pkt_len":66,"pkt_l4_len":32,"thread_ts_usec":1703132756329244,"pkt":"AAAAAAAAAAAAAAAACABFAAA0HC9AAEAGIJN\/AAABfwAAASOEtDhFvmxMwvr2ZIAQyuj+KAAAAQEIClGnRKlRp0Sp"}
00920{"flow_event_id":7,"flow_event_name":"detected","thread_id":0,"packet_id":6,"source":"cfgs\/default\/pcap\/kafka.pcapng","alias":"nDPId-test","flow_id":1,"flow_state":"info","flow_src_packets_processed":3,"flow_dst_packets_processed":3,"flow_first_seen":1703132756328165,"flow_src_last_pkt_time":1703132756329238,"flow_dst_last_pkt_time":1703132756329655,"flow_idle_time":7580000000,"flow_src_min_l4_payload_len":0,"flow_dst_min_l4_payload_len":0,"flow_src_max_l4_payload_len":56,"flow_dst_max_l4_payload_len":446,"flow_src_tot_l4_payload_len":56,"flow_dst_tot_l4_payload_len":446,"midstream":0,"thread_ts_usec":1703132756329655,"l3_proto":"ip4","src_ip":"127.0.0.1","dst_ip":"127.0.0.1","src_port":46136,"dst_port":9092,"l4_proto":"tcp","ndpi": {"confidence": {"6":"DPI"},"proto":"Kafka","proto_id":"377","proto_by_ip":"Unknown","proto_by_ip_id":0,"encrypted":0,"breed":"Acceptable","category_id":16,"category":"RPC"}}
00962{"flow_event_id":2,"flow_event_name":"end","thread_id":0,"packet_id":19,"source":"cfgs\/default\/pcap\/kafka.pcapng","alias":"nDPId-test","flow_id":1,"flow_state":"finished","flow_src_packets_processed":12,"flow_dst_packets_processed":7,"flow_first_seen":1703132756328165,"flow_src_last_pkt_time":1703132769960435,"flow_dst_last_pkt_time":1703132769960418,"flow_idle_time":7580000000,"flow_src_min_l4_payload_len":0,"flow_dst_min_l4_payload_len":0,"flow_src_max_l4_payload_len":140,"flow_dst_max_l4_payload_len":446,"flow_src_tot_l4_payload_len":307,"flow_dst_tot_l4_payload_len":660,"midstream":0,"thread_ts_usec":1703132769960435,"l3_proto":"ip4","src_ip":"127.0.0.1","dst_ip":"127.0.0.1","src_port":46136,"dst_port":9092,"l4_proto":"tcp","flow_datalink":1,"flow_max_packets":5,"ndpi": {"confidence": {"6":"DPI"},"proto":"Kafka","proto_id":"377","proto_by_ip":"Unknown","proto_by_ip_id":0,"encrypted":0,"breed":"Acceptable","category_id":16,"category":"RPC"}}
00794{"daemon_event_id":3,"daemon_event_name":"shutdown","thread_id":0,"packet_id":19,"source":"cfgs\/default\/pcap\/kafka.pcapng","alias":"nDPId-test","version":"1.6.0","ndpi_version":"4.9.0-4628-142c8f5","packets-captured":19,"packets-processed":19,"pfring_active":false,"pfring_recv":0,"pfring_drop":0,"pfring_shunt":0,"total-skipped-flows":0,"total-l4-payload-len":967,"total-not-detected-flows":0,"total-guessed-flows":0,"total-detected-flows":1,"total-detection-updates":0,"total-updates":0,"current-active-flows":0,"total-active-flows":1,"total-idle-flows":1,"total-compressions":0,"total-compression-diff":0,"current-compression-diff":0,"global-alloc-count":0,"global-free-count":0,"global-alloc-bytes":0,"global-free-bytes":0,"total-events-serialized":11,"global_ts_usec":1703132769960435}
~~~~~~~~~~~~~~~~~~~~ SUMMARY ~~~~~~~~~~~~~~~~~~~~
~~ packets captured/processed: 19/19
~~ skipped flows.............: 0
~~ total layer4 data length..: 967 bytes
~~ total detected protocols..: 1
~~ total active/idle flows...: 1/1
~~ total timeout flows.......: 0
~~~~~~~~~~~~~~~~~~~~~~~~~~~~~~~~~~~~~~~~~~~~~~~~~
~~ total memory allocated....: 5500596 bytes
~~ total memory freed........: 5500596 bytes
~~ total allocations/frees...: 85880/85880
~~~~~~~~~~~~~~~~~~~~~~~~~~~~~~~~~~~~~~~~~~~~~~~~~
~~ json message min len.......: 546 chars
~~ json message max len.......: 967 chars
~~ json message avg len.......: 742 chars
