00562{"daemon_event_id":1,"daemon_event_name":"init","thread_id":0,"packet_id":0,"source":"cfgs\/default\/pcap\/kontiki.pcap","alias":"nDPId-test","version":"1.6.0","ndpi_version":"4.9.0-4628-142c8f5","max-flows-per-thread":2048,"max-idle-flows-per-thread":64,"reader-thread-count":1,"flow-scan-interval":10000000,"generic-max-idle-time":600000000,"icmp-max-idle-time":120000000,"udp-max-idle-time":180000000,"tcp-max-idle-time":7560000000,"max-packets-per-flow-to-send":5,"max-packets-per-flow-to-process":32,"max-packets-per-flow-to-analyse":32,"global_ts_usec":0}
00786{"daemon_event_id":4,"daemon_event_name":"status","thread_id":0,"packet_id":1,"source":"cfgs\/default\/pcap\/kontiki.pcap","alias":"nDPId-test","version":"1.6.0","ndpi_version":"4.9.0-4628-142c8f5","packets-captured":1,"packets-processed":0,"pfring_active":false,"pfring_recv":0,"pfring_drop":0,"pfring_shunt":0,"total-skipped-flows":0,"total-l4-payload-len":0,"total-not-detected-flows":0,"total-guessed-flows":0,"total-detected-flows":0,"total-detection-updates":0,"total-updates":0,"current-active-flows":0,"total-active-flows":0,"total-idle-flows":0,"total-compressions":0,"total-compression-diff":0,"current-compression-diff":0,"global-alloc-count":0,"global-free-count":0,"global-alloc-bytes":0,"global-free-bytes":0,"total-events-serialized":2,"global_ts_usec":1213662195077813}
00781{"flow_event_id":1,"flow_event_name":"new","thread_id":0,"packet_id":1,"source":"cfgs\/default\/pcap\/kontiki.pcap","alias":"nDPId-test","flow_id":1,"flow_state":"info","flow_src_packets_processed":1,"flow_dst_packets_processed":0,"flow_first_seen":1213662195077813,"flow_src_last_pkt_time":1213662195077813,"flow_dst_last_pkt_time":1213662195077813,"flow_idle_time":200000000,"flow_src_min_l4_payload_len":991,"flow_dst_min_l4_payload_len":0,"flow_src_max_l4_payload_len":991,"flow_dst_max_l4_payload_len":0,"flow_src_tot_l4_payload_len":991,"flow_dst_tot_l4_payload_len":0,"midstream":0,"thread_ts_usec":1213662195077813,"l3_proto":"ip4","src_ip":"10.25.32.59","dst_ip":"255.255.255.255","src_port":19948,"dst_port":19948,"l4_proto":"udp","flow_datalink":1,"flow_max_packets":5}
01849{"packet_event_id":2,"packet_event_name":"packet-flow","thread_id":0,"packet_id":1,"source":"cfgs\/default\/pcap\/kontiki.pcap","alias":"nDPId-test","flow_id":1,"flow_packet_id":1,"flow_src_last_pkt_time":1213662195077813,"flow_dst_last_pkt_time":1213662195077813,"flow_idle_time":200000000,"pkt_datalink":1,"pkt_caplen":1033,"pkt_type":2048,"pkt_l3_offset":14,"pkt_l4_offset":34,"pkt_len":1033,"pkt_l4_len":999,"thread_ts_usec":1213662195077813,"pkt":"\/\/\/\/\/\/\/\/ABVYKKDoCABFAAP7D3UAACARXSoKGSA7\/\/\/\/\/03sTewD53pePD94bWwgdmVyc2lvbj0iMS4wIiBlbmNvZGluZz0iVVRGLTgiPz4NCjxaTWVzc2FnZSB0YXJnZXQ9IlpCQlAuMS5TdWJuZXRSZXF1ZXN0IiBtaW5vcj0iMjAiIHBhcmFtaGVhZGVybGVuZ3RoPSI0OTQiIHNpZ25hdHVyZT0iNE5QY0MyZTRZVGh2ZkFESUdPd2pNRFVENjl3NURpVTNsTWdZSFZCcVZGaUZKaXdTRXZ2Yit2cVVvUllHb25NdXd5c0lxWEIyZHJJNGR0aDNVR2ZSZ3lXbU9ES0JZYVVUVys1dzJRdWpYNk5ZQW5Vc3E1cGVWdnJQZ1ZJNFNqU1JhWjhkZXM3SkptU3RZRGtramVZR3hLblVsODUzZzFFSlVRZkVQVTdEY0RHQyIgc2lnbmVyPSI2UEJrWm50NHgzampVbFk2NjdXa2M5WFZESWh4YmZGbHI0VmE5UnE5WWdSZngzczhZWUw5cVp1ZXRCaXRqdytGRDU0T3hKcnF6TzBqMVlCc1YvaEFpL3d2UnlRcFVVdm52Z0pHejNVYTc5V1FXNDFURzZBTnhoWFl1TkZxRDMwZDFoakdDa1dRalhBK0Z0UFc2WFQ4UjB3NktkZk9sNjlhSHh0WG81eEIwY2I5Ij4NCjwvWk1lc3NhZ2U+DQo8WlBhcmFtU2V0Pg0KPHBhcmFtIG5hbWU9Il9fbXNnaGRyIiB0eXBlPSJtYXAiPg0KPC9wYXJhbT4NCjxwYXJhbSBuYW1lPSJtYXAiIHR5cGU9Im1hcCI+DQo8cGFyYW0gbmFtZT0ibW9pZCIgdHlwZT0ic3RyaW5nIj5hMjQ1MmI5OC02MDdkLTIzM2MtMTFkOS1jN2MyNGRmMDQxYmY8L3BhcmFtPg0KPHBhcmFtIG5hbWU9InNlbGZyZWYiIHR5cGU9Im1hcCI+DQo8cGFyYW0gbmFtZT0iYWRkciIgdHlwZT0ic3RyaW5nIj4xMC4yNS4zMi41OTwvcGFyYW0+DQo8cGFyYW0gbmFtZT0iZXh0YWRkciIgdHlwZT0ic3RyaW5nIj42NS4yMDUuMjUxLjUxPC9wYXJhbT4NCjxwYXJhbSBuYW1lPSJwb3J0IiB0eXBlPSJ1aW50Ij44MDwvcGFyYW0+DQo8cGFyYW0gbmFtZT0idWRwcG9ydCIgdHlwZT0idWludCI+MTk5NDg8L3BhcmFtPg0KPHBhcmFtIG5hbWU9InZlcnNpb24iIHR5cGU9InN0cmluZyI+djEuMjA8L3BhcmFtPg0KPC9wYXJhbT4NCjwvcGFyYW0+DQo8L1pQYXJhbVNldD4NCg=="}
00778{"flow_event_id":1,"flow_event_name":"new","thread_id":0,"packet_id":2,"source":"cfgs\/default\/pcap\/kontiki.pcap","alias":"nDPId-test","flow_id":2,"flow_state":"info","flow_src_packets_processed":1,"flow_dst_packets_processed":0,"flow_first_seen":1213662198289399,"flow_src_last_pkt_time":1213662198289399,"flow_dst_last_pkt_time":1213662198289399,"flow_idle_time":200000000,"flow_src_min_l4_payload_len":311,"flow_dst_min_l4_payload_len":0,"flow_src_max_l4_payload_len":311,"flow_dst_max_l4_payload_len":0,"flow_src_tot_l4_payload_len":311,"flow_dst_tot_l4_payload_len":0,"midstream":0,"thread_ts_usec":1213662198289399,"l3_proto":"ip4","src_ip":"10.25.32.59","dst_ip":"64.200.148.82","src_port":19948,"dst_port":1948,"l4_proto":"udp","flow_datalink":1,"flow_max_packets":5}
00932{"packet_event_id":2,"packet_event_name":"packet-flow","thread_id":0,"packet_id":2,"source":"cfgs\/default\/pcap\/kontiki.pcap","alias":"nDPId-test","flow_id":2,"flow_packet_id":1,"flow_src_last_pkt_time":1213662198289399,"flow_dst_last_pkt_time":1213662198289399,"flow_idle_time":200000000,"pkt_datalink":1,"pkt_caplen":353,"pkt_type":2048,"pkt_l3_offset":14,"pkt_l4_offset":34,"pkt_len":353,"pkt_l4_len":319,"thread_ts_usec":1213662198289399,"pkt":"AAAMB6wIABVYKKDoCABFAAFTD48AACARip0KGSA7QMiUUk3sB5wBPyUCAgUEALiJxyqdfRurkGvxcQAAAAHGclB+GpXQo7ilG\/X+QBPHZNzcc2Vgl8HXEWakCXkI\/uj8lmIl1eBkbhN4MvAcq86Z98N3bIP98eTWEBdQEYXavGuDSMiGARvJZed\/c1zWfWkiBQDMPgD+Ih+\/PJjSy0mU1LUYMuUE02zzTShWQfCvM2Xa9SOg6ec0xfxrP6bVssVjaXJqz1AT6v7o8NtJtnsERCco1F8aGfNVg8yXB5v\/LbWp1E2sz6l3Uqjqcfx5ZJSkZLl83RIr7uaKcsAZozQEdGaeqFqM+vh1lG8CYU5v3cUXR+iWSzTqhorAV8WhTpNJoFMNHVApj2b53cJQug6cwf67kqgCY5\/UQxlKUrAgIAb+T+C6ITKs8wNPNWZJmf3s1l4sH4nkFe9HNSIG47QjMrQ="}
00772{"flow_event_id":1,"flow_event_name":"new","thread_id":0,"packet_id":3,"source":"cfgs\/default\/pcap\/kontiki.pcap","alias":"nDPId-test","flow_id":3,"flow_state":"info","flow_src_packets_processed":1,"flow_dst_packets_processed":0,"flow_first_seen":1213662198289578,"flow_src_last_pkt_time":1213662198289578,"flow_dst_last_pkt_time":1213662198289578,"flow_idle_time":200000000,"flow_src_min_l4_payload_len":4,"flow_dst_min_l4_payload_len":0,"flow_src_max_l4_payload_len":4,"flow_dst_max_l4_payload_len":0,"flow_src_tot_l4_payload_len":4,"flow_dst_tot_l4_payload_len":0,"midstream":0,"thread_ts_usec":1213662198289578,"l3_proto":"ip4","src_ip":"10.25.32.59","dst_ip":"64.200.148.86","src_port":19948,"dst_port":8888,"l4_proto":"udp","flow_datalink":1,"flow_max_packets":5}
00515{"packet_event_id":2,"packet_event_name":"packet-flow","thread_id":0,"packet_id":3,"source":"cfgs\/default\/pcap\/kontiki.pcap","alias":"nDPId-test","flow_id":3,"flow_packet_id":1,"flow_src_last_pkt_time":1213662198289578,"flow_dst_last_pkt_time":1213662198289578,"flow_idle_time":200000000,"pkt_datalink":1,"pkt_caplen":46,"pkt_type":2048,"pkt_l3_offset":14,"pkt_l4_offset":34,"pkt_len":46,"pkt_l4_len":12,"thread_ts_usec":1213662198289578,"pkt":"AAAMB6wIABVYKKDoCABFAAAgD5AAAAIRqcsKGSA7QMiUVk3sIrgADIy+AgEBAA=="}
01051{"flow_event_id":7,"flow_event_name":"detected","thread_id":0,"packet_id":3,"source":"cfgs\/default\/pcap\/kontiki.pcap","alias":"nDPId-test","flow_id":3,"flow_state":"info","flow_src_packets_processed":1,"flow_dst_packets_processed":0,"flow_first_seen":1213662198289578,"flow_src_last_pkt_time":1213662198289578,"flow_dst_last_pkt_time":1213662198289578,"flow_idle_time":200000000,"flow_src_min_l4_payload_len":4,"flow_dst_min_l4_payload_len":0,"flow_src_max_l4_payload_len":4,"flow_dst_max_l4_payload_len":0,"flow_src_tot_l4_payload_len":4,"flow_dst_tot_l4_payload_len":0,"midstream":0,"thread_ts_usec":1213662198289578,"l3_proto":"ip4","src_ip":"10.25.32.59","dst_ip":"64.200.148.86","src_port":19948,"dst_port":8888,"l4_proto":"udp","ndpi": {"flow_risk": {"22": {"risk":"Unsafe Protocol","severity":"Low","risk_score": {"total":450,"client":345,"server":105}}},"confidence": {"6":"DPI"},"proto":"Kontiki","proto_id":"32","proto_by_ip":"Unknown","proto_by_ip_id":0,"encrypted":0,"breed":"Potentially Dangerous","category_id":1,"category":"Media"}}
00742{"flow_event_id":1,"flow_event_name":"new","thread_id":0,"packet_id":4,"source":"cfgs\/default\/pcap\/kontiki.pcap","alias":"nDPId-test","flow_id":4,"flow_state":"info","flow_src_packets_processed":1,"flow_dst_packets_processed":0,"flow_first_seen":1213662198289778,"flow_src_last_pkt_time":1213662198289778,"flow_dst_last_pkt_time":1213662198289778,"flow_idle_time":140000000,"flow_src_min_l4_payload_len":40,"flow_dst_min_l4_payload_len":0,"flow_src_max_l4_payload_len":40,"flow_dst_max_l4_payload_len":0,"flow_src_tot_l4_payload_len":40,"flow_dst_tot_l4_payload_len":0,"midstream":0,"thread_ts_usec":1213662198289778,"l3_proto":"ip4","src_ip":"10.25.249.14","dst_ip":"10.25.32.59","l4_proto":"icmp","flow_datalink":1,"flow_max_packets":5}
00551{"packet_event_id":2,"packet_event_name":"packet-flow","thread_id":0,"packet_id":4,"source":"cfgs\/default\/pcap\/kontiki.pcap","alias":"nDPId-test","flow_id":4,"flow_packet_id":1,"flow_src_last_pkt_time":1213662198289778,"flow_dst_last_pkt_time":1213662198289778,"flow_idle_time":140000000,"pkt_datalink":1,"pkt_caplen":74,"pkt_type":2048,"pkt_l3_offset":14,"pkt_l4_offset":34,"pkt_len":74,"pkt_l4_len":40,"thread_ts_usec":1213662198289778,"pkt":"ABVYKKDoANAreRD8CABFwAA8nDwAAP4B8kgKGfkOChkgOwsA9I8AAAAARQAAIA+QAAABEarLChkgO0DIlFZN7CK4AAyMvgIBAQA="}
00910{"flow_event_id":7,"flow_event_name":"detected","thread_id":0,"packet_id":4,"source":"cfgs\/default\/pcap\/kontiki.pcap","alias":"nDPId-test","flow_id":4,"flow_state":"info","flow_src_packets_processed":1,"flow_dst_packets_processed":0,"flow_first_seen":1213662198289778,"flow_src_last_pkt_time":1213662198289778,"flow_dst_last_pkt_time":1213662198289778,"flow_idle_time":140000000,"flow_src_min_l4_payload_len":40,"flow_dst_min_l4_payload_len":0,"flow_src_max_l4_payload_len":40,"flow_dst_max_l4_payload_len":0,"flow_src_tot_l4_payload_len":40,"flow_dst_tot_l4_payload_len":0,"midstream":0,"thread_ts_usec":1213662198289778,"l3_proto":"ip4","src_ip":"10.25.249.14","dst_ip":"10.25.32.59","l4_proto":"icmp","ndpi": {"confidence": {"6":"DPI"},"proto":"ICMP","proto_id":"81","proto_by_ip":"Unknown","proto_by_ip_id":0,"encrypted":0,"breed":"Acceptable","category_id":14,"category":"Network","entropy":4.304229}}
00795{"packet_event_id":2,"packet_event_name":"packet-flow","thread_id":0,"packet_id":5,"source":"cfgs\/default\/pcap\/kontiki.pcap","alias":"nDPId-test","flow_id":2,"flow_packet_id":2,"flow_src_last_pkt_time":1213662198289399,"flow_dst_last_pkt_time":1213662198292691,"flow_idle_time":200000000,"pkt_datalink":1,"pkt_caplen":252,"pkt_type":2048,"pkt_l3_offset":14,"pkt_l4_offset":34,"pkt_len":252,"pkt_l4_len":218,"thread_ts_usec":1213662198292691,"pkt":"ABVYKKDoANAreRD8CABFAADuAABAADQRRpFAyJRSChkgOwecTewA2iL0AgUEADrI\/CCQa\/FynX0bqwAAAAEU3Ww9OKrYuWJ\/RoFyF3QkawgIztP7rZEqNEZAvKFqVsbVX6Q7o7C1GOOdgQ95sj8arDoplqug4W5ycMyrjvQQyOwCiAR\/6y2A+p1htTIZLrGyKHiEi2Jp9hwzPzovQAePahwaDoff8ISW08I83wX6VJuH0Ja\/8FiWxNnH+Ai3SlJjJhuk49id1Yw4mSXZ8jvVv5UwGXcIGiI6B0mhLZ+A10L6EpKDfeBwW1y7ll9X6Tp66XFf4oxdv3GVbO9k"}
00773{"flow_event_id":1,"flow_event_name":"new","thread_id":0,"packet_id":6,"source":"cfgs\/default\/pcap\/kontiki.pcap","alias":"nDPId-test","flow_id":5,"flow_state":"info","flow_src_packets_processed":1,"flow_dst_packets_processed":0,"flow_first_seen":1213662198298123,"flow_src_last_pkt_time":1213662198298123,"flow_dst_last_pkt_time":1213662198298123,"flow_idle_time":200000000,"flow_src_min_l4_payload_len":20,"flow_dst_min_l4_payload_len":0,"flow_src_max_l4_payload_len":20,"flow_dst_max_l4_payload_len":0,"flow_src_tot_l4_payload_len":20,"flow_dst_tot_l4_payload_len":0,"midstream":0,"thread_ts_usec":1213662198298123,"l3_proto":"ip4","src_ip":"10.25.32.59","dst_ip":"64.200.148.88","src_port":19948,"dst_port":80,"l4_proto":"udp","flow_datalink":1,"flow_max_packets":5}
00536{"packet_event_id":2,"packet_event_name":"packet-flow","thread_id":0,"packet_id":6,"source":"cfgs\/default\/pcap\/kontiki.pcap","alias":"nDPId-test","flow_id":5,"flow_packet_id":1,"flow_src_last_pkt_time":1213662198298123,"flow_dst_last_pkt_time":1213662198298123,"flow_idle_time":200000000,"pkt_datalink":1,"pkt_caplen":62,"pkt_type":2048,"pkt_l3_offset":14,"pkt_l4_offset":34,"pkt_len":62,"pkt_l4_len":28,"thread_ts_usec":1213662198298123,"pkt":"AAAMB6wIABVYKKDoCABFAAAwD5EAACARi7gKGSA7QMiUWE3sAFAAHNz5AgUCAE9LWIs\/euHNAAAE5AIEAQA="}
01052{"flow_event_id":7,"flow_event_name":"detected","thread_id":0,"packet_id":6,"source":"cfgs\/default\/pcap\/kontiki.pcap","alias":"nDPId-test","flow_id":5,"flow_state":"info","flow_src_packets_processed":1,"flow_dst_packets_processed":0,"flow_first_seen":1213662198298123,"flow_src_last_pkt_time":1213662198298123,"flow_dst_last_pkt_time":1213662198298123,"flow_idle_time":200000000,"flow_src_min_l4_payload_len":20,"flow_dst_min_l4_payload_len":0,"flow_src_max_l4_payload_len":20,"flow_dst_max_l4_payload_len":0,"flow_src_tot_l4_payload_len":20,"flow_dst_tot_l4_payload_len":0,"midstream":0,"thread_ts_usec":1213662198298123,"l3_proto":"ip4","src_ip":"10.25.32.59","dst_ip":"64.200.148.88","src_port":19948,"dst_port":80,"l4_proto":"udp","ndpi": {"flow_risk": {"22": {"risk":"Unsafe Protocol","severity":"Low","risk_score": {"total":450,"client":345,"server":105}}},"confidence": {"6":"DPI"},"proto":"Kontiki","proto_id":"32","proto_by_ip":"Unknown","proto_by_ip_id":0,"encrypted":0,"breed":"Potentially Dangerous","category_id":1,"category":"Media"}}
00740{"flow_event_id":1,"flow_event_name":"new","thread_id":0,"packet_id":7,"source":"cfgs\/default\/pcap\/kontiki.pcap","alias":"nDPId-test","flow_id":6,"flow_state":"info","flow_src_packets_processed":1,"flow_dst_packets_processed":0,"flow_first_seen":1213662198298679,"flow_src_last_pkt_time":1213662198298679,"flow_dst_last_pkt_time":1213662198298679,"flow_idle_time":140000000,"flow_src_min_l4_payload_len":36,"flow_dst_min_l4_payload_len":0,"flow_src_max_l4_payload_len":36,"flow_dst_max_l4_payload_len":0,"flow_src_tot_l4_payload_len":36,"flow_dst_tot_l4_payload_len":0,"midstream":0,"thread_ts_usec":1213662198298679,"l3_proto":"ip4","src_ip":"10.25.32.3","dst_ip":"10.25.32.59","l4_proto":"icmp","flow_datalink":1,"flow_max_packets":5}
00547{"packet_event_id":2,"packet_event_name":"packet-flow","thread_id":0,"packet_id":7,"source":"cfgs\/default\/pcap\/kontiki.pcap","alias":"nDPId-test","flow_id":6,"flow_packet_id":1,"flow_src_last_pkt_time":1213662198298679,"flow_dst_last_pkt_time":1213662198298679,"flow_idle_time":140000000,"pkt_datalink":1,"pkt_caplen":70,"pkt_type":2048,"pkt_l3_offset":14,"pkt_l4_offset":34,"pkt_len":70,"pkt_l4_len":36,"thread_ts_usec":1213662198298679,"pkt":"ABVYKKDoANABJAf8CABFAAA4wMIAAP8BppIKGSADChkgOwMN0aAAAAAARQAAMA+RAAAfEYy4ChkgO0DIlFhN7ABQABzc+Q=="}
00908{"flow_event_id":7,"flow_event_name":"detected","thread_id":0,"packet_id":7,"source":"cfgs\/default\/pcap\/kontiki.pcap","alias":"nDPId-test","flow_id":6,"flow_state":"info","flow_src_packets_processed":1,"flow_dst_packets_processed":0,"flow_first_seen":1213662198298679,"flow_src_last_pkt_time":1213662198298679,"flow_dst_last_pkt_time":1213662198298679,"flow_idle_time":140000000,"flow_src_min_l4_payload_len":36,"flow_dst_min_l4_payload_len":0,"flow_src_max_l4_payload_len":36,"flow_dst_max_l4_payload_len":0,"flow_src_tot_l4_payload_len":36,"flow_dst_tot_l4_payload_len":0,"midstream":0,"thread_ts_usec":1213662198298679,"l3_proto":"ip4","src_ip":"10.25.32.3","dst_ip":"10.25.32.59","l4_proto":"icmp","ndpi": {"confidence": {"6":"DPI"},"proto":"ICMP","proto_id":"81","proto_by_ip":"Unknown","proto_by_ip_id":0,"encrypted":0,"breed":"Acceptable","category_id":14,"category":"Network","entropy":4.253434}}
00531{"packet_event_id":2,"packet_event_name":"packet-flow","thread_id":0,"packet_id":8,"source":"cfgs\/default\/pcap\/kontiki.pcap","alias":"nDPId-test","flow_id":2,"flow_packet_id":3,"flow_src_last_pkt_time":1213662198301070,"flow_dst_last_pkt_time":1213662198292691,"flow_idle_time":200000000,"pkt_datalink":1,"pkt_caplen":58,"pkt_type":2048,"pkt_l3_offset":14,"pkt_l4_offset":34,"pkt_len":58,"pkt_l4_len":24,"thread_ts_usec":1213662198301070,"pkt":"AAAMB6wIABVYKKDoCABFAAAsD5IAACARi8EKGSA7QMiUUk3sB5wAGMoHAgQkALiJxyqdfRurkGvxcg=="}
00515{"packet_event_id":2,"packet_event_name":"packet-flow","thread_id":0,"packet_id":9,"source":"cfgs\/default\/pcap\/kontiki.pcap","alias":"nDPId-test","flow_id":3,"flow_packet_id":2,"flow_src_last_pkt_time":1213662198488193,"flow_dst_last_pkt_time":1213662198289578,"flow_idle_time":200000000,"pkt_datalink":1,"pkt_caplen":46,"pkt_type":2048,"pkt_l3_offset":14,"pkt_l4_offset":34,"pkt_len":46,"pkt_l4_len":12,"thread_ts_usec":1213662198488193,"pkt":"AAAMB6wIABVYKKDoCABFAAAgD5cAAAQRp8QKGSA7QMiUVk3sIrgADIy+AgEBAA=="}
00746{"flow_event_id":1,"flow_event_name":"new","thread_id":0,"packet_id":10,"source":"cfgs\/default\/pcap\/kontiki.pcap","alias":"nDPId-test","flow_id":7,"flow_state":"info","flow_src_packets_processed":1,"flow_dst_packets_processed":0,"flow_first_seen":1213662198488630,"flow_src_last_pkt_time":1213662198488630,"flow_dst_last_pkt_time":1213662198488630,"flow_idle_time":140000000,"flow_src_min_l4_payload_len":36,"flow_dst_min_l4_payload_len":0,"flow_src_max_l4_payload_len":36,"flow_dst_max_l4_payload_len":0,"flow_src_tot_l4_payload_len":36,"flow_dst_tot_l4_payload_len":0,"midstream":0,"thread_ts_usec":1213662198488630,"l3_proto":"ip4","src_ip":"216.168.241.157","dst_ip":"10.25.32.59","l4_proto":"icmp","flow_datalink":1,"flow_max_packets":5}
00548{"packet_event_id":2,"packet_event_name":"packet-flow","thread_id":0,"packet_id":10,"source":"cfgs\/default\/pcap\/kontiki.pcap","alias":"nDPId-test","flow_id":7,"flow_packet_id":1,"flow_src_last_pkt_time":1213662198488630,"flow_dst_last_pkt_time":1213662198488630,"flow_idle_time":140000000,"pkt_datalink":1,"pkt_caplen":70,"pkt_type":2048,"pkt_l3_offset":14,"pkt_l4_offset":34,"pkt_len":70,"pkt_l4_len":36,"thread_ts_usec":1213662198488630,"pkt":"ABVYKKDoANAreRD8CABFwAA4pIcAAPwBJOPYqPGdChkgOwsADhsAAAAARQAAIA+XAAABEarEChkgO0DIlFZN7CK4AAx2NA=="}
00914{"flow_event_id":7,"flow_event_name":"detected","thread_id":0,"packet_id":10,"source":"cfgs\/default\/pcap\/kontiki.pcap","alias":"nDPId-test","flow_id":7,"flow_state":"info","flow_src_packets_processed":1,"flow_dst_packets_processed":0,"flow_first_seen":1213662198488630,"flow_src_last_pkt_time":1213662198488630,"flow_dst_last_pkt_time":1213662198488630,"flow_idle_time":140000000,"flow_src_min_l4_payload_len":36,"flow_dst_min_l4_payload_len":0,"flow_src_max_l4_payload_len":36,"flow_dst_max_l4_payload_len":0,"flow_src_tot_l4_payload_len":36,"flow_dst_tot_l4_payload_len":0,"midstream":0,"thread_ts_usec":1213662198488630,"l3_proto":"ip4","src_ip":"216.168.241.157","dst_ip":"10.25.32.59","l4_proto":"icmp","ndpi": {"confidence": {"6":"DPI"},"proto":"ICMP","proto_id":"81","proto_by_ip":"Unknown","proto_by_ip_id":0,"encrypted":0,"breed":"Acceptable","category_id":14,"category":"Network","entropy":4.321296}}
00516{"packet_event_id":2,"packet_event_name":"packet-flow","thread_id":0,"packet_id":11,"source":"cfgs\/default\/pcap\/kontiki.pcap","alias":"nDPId-test","flow_id":3,"flow_packet_id":3,"flow_src_last_pkt_time":1213662198700615,"flow_dst_last_pkt_time":1213662198289578,"flow_idle_time":200000000,"pkt_datalink":1,"pkt_caplen":46,"pkt_type":2048,"pkt_l3_offset":14,"pkt_l4_offset":34,"pkt_len":46,"pkt_l4_len":12,"thread_ts_usec":1213662198700615,"pkt":"AAAMB6wIABVYKKDoCABFAAAgD6YAAAYRpbUKGSA7QMiUVk3sIrgADIy+AgEBAA=="}
00743{"flow_event_id":1,"flow_event_name":"new","thread_id":0,"packet_id":12,"source":"cfgs\/default\/pcap\/kontiki.pcap","alias":"nDPId-test","flow_id":8,"flow_state":"info","flow_src_packets_processed":1,"flow_dst_packets_processed":0,"flow_first_seen":1213662198701406,"flow_src_last_pkt_time":1213662198701406,"flow_dst_last_pkt_time":1213662198701406,"flow_idle_time":140000000,"flow_src_min_l4_payload_len":36,"flow_dst_min_l4_payload_len":0,"flow_src_max_l4_payload_len":36,"flow_dst_max_l4_payload_len":0,"flow_src_tot_l4_payload_len":36,"flow_dst_tot_l4_payload_len":0,"midstream":0,"thread_ts_usec":1213662198701406,"l3_proto":"ip4","src_ip":"4.79.219.125","dst_ip":"10.25.32.59","l4_proto":"icmp","flow_datalink":1,"flow_max_packets":5}
00549{"packet_event_id":2,"packet_event_name":"packet-flow","thread_id":0,"packet_id":12,"source":"cfgs\/default\/pcap\/kontiki.pcap","alias":"nDPId-test","flow_id":8,"flow_packet_id":1,"flow_src_last_pkt_time":1213662198701406,"flow_dst_last_pkt_time":1213662198701406,"flow_idle_time":140000000,"pkt_datalink":1,"pkt_caplen":70,"pkt_type":2048,"pkt_l3_offset":14,"pkt_l4_offset":34,"pkt_len":70,"pkt_l4_len":36,"thread_ts_usec":1213662198701406,"pkt":"ABVYKKDoANAreRD8CABFwAA4\/Y8AAPoBuFQET9t9ChkgOwsADhsAAAAARQAAIA+mAAABEaq1ChkgO0DIlFZN7CK4AAx2NA=="}
00911{"flow_event_id":7,"flow_event_name":"detected","thread_id":0,"packet_id":12,"source":"cfgs\/default\/pcap\/kontiki.pcap","alias":"nDPId-test","flow_id":8,"flow_state":"info","flow_src_packets_processed":1,"flow_dst_packets_processed":0,"flow_first_seen":1213662198701406,"flow_src_last_pkt_time":1213662198701406,"flow_dst_last_pkt_time":1213662198701406,"flow_idle_time":140000000,"flow_src_min_l4_payload_len":36,"flow_dst_min_l4_payload_len":0,"flow_src_max_l4_payload_len":36,"flow_dst_max_l4_payload_len":0,"flow_src_tot_l4_payload_len":36,"flow_dst_tot_l4_payload_len":0,"midstream":0,"thread_ts_usec":1213662198701406,"l3_proto":"ip4","src_ip":"4.79.219.125","dst_ip":"10.25.32.59","l4_proto":"icmp","ndpi": {"confidence": {"6":"DPI"},"proto":"ICMP","proto_id":"81","proto_by_ip":"Unknown","proto_by_ip_id":0,"encrypted":0,"breed":"Acceptable","category_id":14,"category":"Network","entropy":4.321296}}
00536{"packet_event_id":2,"packet_event_name":"packet-flow","thread_id":0,"packet_id":13,"source":"cfgs\/default\/pcap\/kontiki.pcap","alias":"nDPId-test","flow_id":3,"flow_packet_id":4,"flow_src_last_pkt_time":1213662198894411,"flow_dst_last_pkt_time":1213662198289578,"flow_idle_time":200000000,"pkt_datalink":1,"pkt_caplen":62,"pkt_type":2048,"pkt_l3_offset":14,"pkt_l4_offset":34,"pkt_len":62,"pkt_l4_len":28,"thread_ts_usec":1213662198894411,"pkt":"AAAMB6wIABVYKKDoCABFAAAwD6cAACARi6QKGSA7QMiUVk3sIrgAHHRlAgUCAAiZs8I60hgfAAAE5AIEAQA="}
00548{"packet_event_id":2,"packet_event_name":"packet-flow","thread_id":0,"packet_id":14,"source":"cfgs\/default\/pcap\/kontiki.pcap","alias":"nDPId-test","flow_id":3,"flow_packet_id":5,"flow_src_last_pkt_time":1213662198894411,"flow_dst_last_pkt_time":1213662198897316,"flow_idle_time":200000000,"pkt_datalink":1,"pkt_caplen":70,"pkt_type":2048,"pkt_l3_offset":14,"pkt_l4_offset":34,"pkt_len":70,"pkt_l4_len":36,"thread_ts_usec":1213662198897316,"pkt":"ABVYKKDoANAreRD8CABFAAA4AABAADQRR0NAyJRWChkgOyK4TewAJN4CAgcGAAiZs8IXSyN2LCctBTrSGB8AAATkAQQAYw=="}
02317{"flow_event_id":5,"flow_event_name":"analyse","thread_id":0,"packet_id":41,"source":"cfgs\/default\/pcap\/kontiki.pcap","alias":"nDPId-test","flow_id":3,"flow_state":"finished","flow_src_packets_processed":10,"flow_dst_packets_processed":22,"flow_first_seen":1213662198289578,"flow_src_last_pkt_time":1213662198988100,"flow_dst_last_pkt_time":1213662198992190,"flow_idle_time":200000000,"flow_src_min_l4_payload_len":4,"flow_dst_min_l4_payload_len":0,"flow_src_max_l4_payload_len":217,"flow_dst_max_l4_payload_len":1241,"flow_src_tot_l4_payload_len":591,"flow_dst_tot_l4_payload_len":24254,"midstream":0,"thread_ts_usec":1213662198992190,"l3_proto":"ip4","src_ip":"10.25.32.59","dst_ip":"64.200.148.86","src_port":19948,"dst_port":8888,"l4_proto":"udp","flow_datalink":1,"flow_max_packets":5,"data_analysis": {"iat": {"min":13,"avg":45197.9,"max":607738,"stddev":118031.4,"var":13931400192.0,"ent":2.6,"data": [198615,212422,193796,607738,3074,5780,31191,29960,8831,9093,72,244,17,19380,18261,96,127,127,114,15289,14893,16,235,114,13,97,15924,15357,18,115,125]},"pktlen": {"min":32,"avg":804.4,"max":1269,"stddev":568.0,"var":322604.6,"ent":4.5,"data": [32,32,32,48,56,245,499,232,204,118,1269,1269,1269,1269,44,1269,1269,1269,1269,1269,44,1269,1269,1269,1269,1269,1269,44,1269,1269,1269,1269]},"bins": {"c_to_s": [7,0,1,0,0,0,2,0,0,0,0,0,0,0,0,0,0,0,0,0,0,0,0,0,0,0,0,0,0,0,0,0,0,0,0,0,0,0,0,0,0,0,0,0,0,0,0,0],"s_to_c": [1,0,0,0,0,1,0,0,0,0,0,0,0,0,1,0,0,0,0,0,0,0,0,0,0,0,0,0,0,0,0,0,0,0,0,0,0,0,19,0,0,0,0,0,0,0,0,0]},"directions": [0,0,0,0,1,0,1,0,1,0,1,1,1,1,0,1,1,1,1,1,0,1,1,1,1,1,1,0,1,1,1,1],"entropies": [4.327819824,4.390319824,4.390319824,4.808207035,5.107008457,6.254767418,7.256530285,7.013645172,6.874151707,6.231850147,7.871051788,7.843012333,7.837141991,7.838663578,4.925117970,7.837912083,7.840578079,7.843400478,7.848168850,7.821814060,4.879663467,7.851324558,7.825254917,7.844458103,7.841213703,7.862925529,7.835451603,4.925117970,7.832023621,7.834714890,7.855443478,7.864355564]},"ndpi": {"flow_risk": {"22": {"risk":"Unsafe Protocol","severity":"Low","risk_score": {"total":450,"client":345,"server":105}}},"confidence": {"6":"DPI"},"proto":"Kontiki","proto_id":"32","proto_by_ip":"Unknown","proto_by_ip_id":0,"encrypted":0,"breed":"Potentially Dangerous","category_id":1,"category":"Media"}}
00537{"packet_event_id":2,"packet_event_name":"packet-flow","thread_id":0,"packet_id":50,"source":"cfgs\/default\/pcap\/kontiki.pcap","alias":"nDPId-test","flow_id":5,"flow_packet_id":2,"flow_src_last_pkt_time":1213662200284689,"flow_dst_last_pkt_time":1213662198298123,"flow_idle_time":200000000,"pkt_datalink":1,"pkt_caplen":62,"pkt_type":2048,"pkt_l3_offset":14,"pkt_l4_offset":34,"pkt_len":62,"pkt_l4_len":28,"thread_ts_usec":1213662200284689,"pkt":"AAAMB6wIABVYKKDoCABFAAAwEAgAACARi0EKGSA7QMiUWE3sAFAAHLz5AgUiAE9LWIs\/euHNAAAE5AIEAQA="}
00548{"packet_event_id":2,"packet_event_name":"packet-flow","thread_id":0,"packet_id":51,"source":"cfgs\/default\/pcap\/kontiki.pcap","alias":"nDPId-test","flow_id":6,"flow_packet_id":2,"flow_src_last_pkt_time":1213662200285056,"flow_dst_last_pkt_time":1213662198298679,"flow_idle_time":140000000,"pkt_datalink":1,"pkt_caplen":70,"pkt_type":2048,"pkt_l3_offset":14,"pkt_l4_offset":34,"pkt_len":70,"pkt_l4_len":36,"thread_ts_usec":1213662200285056,"pkt":"ABVYKKDoANABJAf8CABFAAA4wRIAAP8BpkIKGSADChkgOwMN8aAAAAAARQAAMBAIAAAfEYxBChkgO0DIlFhN7ABQABy8+Q=="}
00537{"packet_event_id":2,"packet_event_name":"packet-flow","thread_id":0,"packet_id":52,"source":"cfgs\/default\/pcap\/kontiki.pcap","alias":"nDPId-test","flow_id":5,"flow_packet_id":3,"flow_src_last_pkt_time":1213662202284851,"flow_dst_last_pkt_time":1213662198298123,"flow_idle_time":200000000,"pkt_datalink":1,"pkt_caplen":62,"pkt_type":2048,"pkt_l3_offset":14,"pkt_l4_offset":34,"pkt_len":62,"pkt_l4_len":28,"thread_ts_usec":1213662202284851,"pkt":"AAAMB6wIABVYKKDoCABFAAAwEJ8AACARiqoKGSA7QMiUWE3sAFAAHLz5AgUiAE9LWIs\/euHNAAAE5AIEAQA="}
00548{"packet_event_id":2,"packet_event_name":"packet-flow","thread_id":0,"packet_id":53,"source":"cfgs\/default\/pcap\/kontiki.pcap","alias":"nDPId-test","flow_id":6,"flow_packet_id":3,"flow_src_last_pkt_time":1213662202285330,"flow_dst_last_pkt_time":1213662198298679,"flow_idle_time":140000000,"pkt_datalink":1,"pkt_caplen":70,"pkt_type":2048,"pkt_l3_offset":14,"pkt_l4_offset":34,"pkt_len":70,"pkt_l4_len":36,"thread_ts_usec":1213662202285330,"pkt":"ABVYKKDoANABJAf8CABFAAA4wVoAAP8BpfoKGSADChkgOwMN8aAAAAAARQAAMBCfAAAfEYuqChkgO0DIlFhN7ABQABy8+Q=="}
00537{"packet_event_id":2,"packet_event_name":"packet-flow","thread_id":0,"packet_id":54,"source":"cfgs\/default\/pcap\/kontiki.pcap","alias":"nDPId-test","flow_id":5,"flow_packet_id":4,"flow_src_last_pkt_time":1213662202883098,"flow_dst_last_pkt_time":1213662198298123,"flow_idle_time":200000000,"pkt_datalink":1,"pkt_caplen":62,"pkt_type":2048,"pkt_l3_offset":14,"pkt_l4_offset":34,"pkt_len":62,"pkt_l4_len":28,"thread_ts_usec":1213662202883098,"pkt":"AAAMB6wIABVYKKDoCABFAAAwEMgAACARioEKGSA7QMiUWE3sAFAAHNT4AgUKAE9LWIs\/euHOAAAE5AIEAQA="}
00548{"packet_event_id":2,"packet_event_name":"packet-flow","thread_id":0,"packet_id":55,"source":"cfgs\/default\/pcap\/kontiki.pcap","alias":"nDPId-test","flow_id":6,"flow_packet_id":4,"flow_src_last_pkt_time":1213662202883546,"flow_dst_last_pkt_time":1213662198298679,"flow_idle_time":140000000,"pkt_datalink":1,"pkt_caplen":70,"pkt_type":2048,"pkt_l3_offset":14,"pkt_l4_offset":34,"pkt_len":70,"pkt_l4_len":36,"thread_ts_usec":1213662202883546,"pkt":"ABVYKKDoANABJAf8CABFAAA4wXYAAP8Bpd4KGSADChkgOwMN2aEAAAAARQAAMBDIAAAfEYuBChkgO0DIlFhN7ABQABzU+A=="}
00931{"flow_event_id":3,"flow_event_name":"idle","thread_id":0,"packet_id":55,"source":"cfgs\/default\/pcap\/kontiki.pcap","alias":"nDPId-test","flow_id":8,"flow_state":"finished","flow_src_packets_processed":1,"flow_dst_packets_processed":0,"flow_first_seen":1213662198701406,"flow_src_last_pkt_time":1213662198701406,"flow_dst_last_pkt_time":1213662198701406,"flow_idle_time":140000000,"flow_src_min_l4_payload_len":36,"flow_dst_min_l4_payload_len":0,"flow_src_max_l4_payload_len":36,"flow_dst_max_l4_payload_len":0,"flow_src_tot_l4_payload_len":36,"flow_dst_tot_l4_payload_len":0,"midstream":0,"thread_ts_usec":1213662202883546,"l3_proto":"ip4","src_ip":"4.79.219.125","dst_ip":"10.25.32.59","l4_proto":"icmp","flow_datalink":1,"flow_max_packets":5,"ndpi": {"confidence": {"6":"DPI"},"proto":"ICMP","proto_id":"81","proto_by_ip":"Unknown","proto_by_ip_id":0,"encrypted":0,"breed":"Acceptable","category_id":14,"category":"Network"}}
00934{"flow_event_id":3,"flow_event_name":"idle","thread_id":0,"packet_id":55,"source":"cfgs\/default\/pcap\/kontiki.pcap","alias":"nDPId-test","flow_id":7,"flow_state":"finished","flow_src_packets_processed":1,"flow_dst_packets_processed":0,"flow_first_seen":1213662198488630,"flow_src_last_pkt_time":1213662198488630,"flow_dst_last_pkt_time":1213662198488630,"flow_idle_time":140000000,"flow_src_min_l4_payload_len":36,"flow_dst_min_l4_payload_len":0,"flow_src_max_l4_payload_len":36,"flow_dst_max_l4_payload_len":0,"flow_src_tot_l4_payload_len":36,"flow_dst_tot_l4_payload_len":0,"midstream":0,"thread_ts_usec":1213662202883546,"l3_proto":"ip4","src_ip":"216.168.241.157","dst_ip":"10.25.32.59","l4_proto":"icmp","flow_datalink":1,"flow_max_packets":5,"ndpi": {"confidence": {"6":"DPI"},"proto":"ICMP","proto_id":"81","proto_by_ip":"Unknown","proto_by_ip_id":0,"encrypted":0,"breed":"Acceptable","category_id":14,"category":"Network"}}
01104{"flow_event_id":3,"flow_event_name":"idle","thread_id":0,"packet_id":55,"source":"cfgs\/default\/pcap\/kontiki.pcap","alias":"nDPId-test","flow_id":3,"flow_state":"finished","flow_src_packets_processed":11,"flow_dst_packets_processed":29,"flow_first_seen":1213662198289578,"flow_src_last_pkt_time":1213662199003396,"flow_dst_last_pkt_time":1213662199007691,"flow_idle_time":200000000,"flow_src_min_l4_payload_len":4,"flow_dst_min_l4_payload_len":0,"flow_src_max_l4_payload_len":217,"flow_dst_max_l4_payload_len":1241,"flow_src_tot_l4_payload_len":607,"flow_dst_tot_l4_payload_len":32941,"midstream":0,"thread_ts_usec":1213662202883546,"l3_proto":"ip4","src_ip":"10.25.32.59","dst_ip":"64.200.148.86","src_port":19948,"dst_port":8888,"l4_proto":"udp","flow_datalink":1,"flow_max_packets":5,"ndpi": {"flow_risk": {"22": {"risk":"Unsafe Protocol","severity":"Low","risk_score": {"total":450,"client":345,"server":105}}},"confidence": {"6":"DPI"},"proto":"Kontiki","proto_id":"32","proto_by_ip":"Unknown","proto_by_ip_id":0,"encrypted":0,"breed":"Potentially Dangerous","category_id":1,"category":"Media"}}
00930{"flow_event_id":3,"flow_event_name":"idle","thread_id":0,"packet_id":55,"source":"cfgs\/default\/pcap\/kontiki.pcap","alias":"nDPId-test","flow_id":6,"flow_state":"finished","flow_src_packets_processed":4,"flow_dst_packets_processed":0,"flow_first_seen":1213662198298679,"flow_src_last_pkt_time":1213662202883546,"flow_dst_last_pkt_time":1213662198298679,"flow_idle_time":140000000,"flow_src_min_l4_payload_len":36,"flow_dst_min_l4_payload_len":0,"flow_src_max_l4_payload_len":36,"flow_dst_max_l4_payload_len":0,"flow_src_tot_l4_payload_len":144,"flow_dst_tot_l4_payload_len":0,"midstream":0,"thread_ts_usec":1213662202883546,"l3_proto":"ip4","src_ip":"10.25.32.3","dst_ip":"10.25.32.59","l4_proto":"icmp","flow_datalink":1,"flow_max_packets":5,"ndpi": {"confidence": {"6":"DPI"},"proto":"ICMP","proto_id":"81","proto_by_ip":"Unknown","proto_by_ip_id":0,"encrypted":0,"breed":"Acceptable","category_id":14,"category":"Network"}}
00931{"flow_event_id":3,"flow_event_name":"idle","thread_id":0,"packet_id":55,"source":"cfgs\/default\/pcap\/kontiki.pcap","alias":"nDPId-test","flow_id":4,"flow_state":"finished","flow_src_packets_processed":1,"flow_dst_packets_processed":0,"flow_first_seen":1213662198289778,"flow_src_last_pkt_time":1213662198289778,"flow_dst_last_pkt_time":1213662198289778,"flow_idle_time":140000000,"flow_src_min_l4_payload_len":40,"flow_dst_min_l4_payload_len":0,"flow_src_max_l4_payload_len":40,"flow_dst_max_l4_payload_len":0,"flow_src_tot_l4_payload_len":40,"flow_dst_tot_l4_payload_len":0,"midstream":0,"thread_ts_usec":1213662202883546,"l3_proto":"ip4","src_ip":"10.25.249.14","dst_ip":"10.25.32.59","l4_proto":"icmp","flow_datalink":1,"flow_max_packets":5,"ndpi": {"confidence": {"6":"DPI"},"proto":"ICMP","proto_id":"81","proto_by_ip":"Unknown","proto_by_ip_id":0,"encrypted":0,"breed":"Acceptable","category_id":14,"category":"Network"}}
00870{"flow_event_id":9,"flow_event_name":"not-detected","thread_id":0,"packet_id":55,"source":"cfgs\/default\/pcap\/kontiki.pcap","alias":"nDPId-test","flow_id":1,"flow_state":"info","flow_src_packets_processed":1,"flow_dst_packets_processed":0,"flow_first_seen":1213662195077813,"flow_src_last_pkt_time":1213662195077813,"flow_dst_last_pkt_time":1213662195077813,"flow_idle_time":200000000,"flow_src_min_l4_payload_len":991,"flow_dst_min_l4_payload_len":0,"flow_src_max_l4_payload_len":991,"flow_dst_max_l4_payload_len":0,"flow_src_tot_l4_payload_len":991,"flow_dst_tot_l4_payload_len":0,"midstream":0,"thread_ts_usec":1213662202883546,"l3_proto":"ip4","src_ip":"10.25.32.59","dst_ip":"255.255.255.255","src_port":19948,"dst_port":19948,"l4_proto":"udp","ndpi": {"proto":"Unknown","proto_id":"0","proto_by_ip":"Unknown","proto_by_ip_id":0,"encrypted":0,"breed":"Unrated"}}
00783{"flow_event_id":3,"flow_event_name":"idle","thread_id":0,"packet_id":55,"source":"cfgs\/default\/pcap\/kontiki.pcap","alias":"nDPId-test","flow_id":1,"flow_state":"info","flow_src_packets_processed":1,"flow_dst_packets_processed":0,"flow_first_seen":1213662195077813,"flow_src_last_pkt_time":1213662195077813,"flow_dst_last_pkt_time":1213662195077813,"flow_idle_time":200000000,"flow_src_min_l4_payload_len":991,"flow_dst_min_l4_payload_len":0,"flow_src_max_l4_payload_len":991,"flow_dst_max_l4_payload_len":0,"flow_src_tot_l4_payload_len":991,"flow_dst_tot_l4_payload_len":0,"midstream":0,"thread_ts_usec":1213662202883546,"l3_proto":"ip4","src_ip":"10.25.32.59","dst_ip":"255.255.255.255","src_port":19948,"dst_port":19948,"l4_proto":"udp","flow_datalink":1,"flow_max_packets":5}
00988{"flow_event_id":9,"flow_event_name":"not-detected","thread_id":0,"packet_id":55,"source":"cfgs\/default\/pcap\/kontiki.pcap","alias":"nDPId-test","flow_id":2,"flow_state":"info","flow_src_packets_processed":2,"flow_dst_packets_processed":1,"flow_first_seen":1213662198289399,"flow_src_last_pkt_time":1213662198301070,"flow_dst_last_pkt_time":1213662198292691,"flow_idle_time":200000000,"flow_src_min_l4_payload_len":16,"flow_dst_min_l4_payload_len":0,"flow_src_max_l4_payload_len":311,"flow_dst_max_l4_payload_len":210,"flow_src_tot_l4_payload_len":327,"flow_dst_tot_l4_payload_len":210,"midstream":0,"thread_ts_usec":1213662202883546,"l3_proto":"ip4","src_ip":"10.25.32.59","dst_ip":"64.200.148.82","src_port":19948,"dst_port":1948,"l4_proto":"udp","ndpi": {"flow_risk": {"35": {"risk":"Susp Entropy","severity":"Medium","risk_score": {"total":210,"client":165,"server":45}}},"proto":"Unknown","proto_id":"0","proto_by_ip":"Unknown","proto_by_ip_id":0,"encrypted":0,"breed":"Unrated"}}
00783{"flow_event_id":3,"flow_event_name":"idle","thread_id":0,"packet_id":55,"source":"cfgs\/default\/pcap\/kontiki.pcap","alias":"nDPId-test","flow_id":2,"flow_state":"info","flow_src_packets_processed":2,"flow_dst_packets_processed":1,"flow_first_seen":1213662198289399,"flow_src_last_pkt_time":1213662198301070,"flow_dst_last_pkt_time":1213662198292691,"flow_idle_time":200000000,"flow_src_min_l4_payload_len":16,"flow_dst_min_l4_payload_len":0,"flow_src_max_l4_payload_len":311,"flow_dst_max_l4_payload_len":210,"flow_src_tot_l4_payload_len":327,"flow_dst_tot_l4_payload_len":210,"midstream":0,"thread_ts_usec":1213662202883546,"l3_proto":"ip4","src_ip":"10.25.32.59","dst_ip":"64.200.148.82","src_port":19948,"dst_port":1948,"l4_proto":"udp","flow_datalink":1,"flow_max_packets":5}
01092{"flow_event_id":3,"flow_event_name":"idle","thread_id":0,"packet_id":55,"source":"cfgs\/default\/pcap\/kontiki.pcap","alias":"nDPId-test","flow_id":5,"flow_state":"finished","flow_src_packets_processed":4,"flow_dst_packets_processed":0,"flow_first_seen":1213662198298123,"flow_src_last_pkt_time":1213662202883098,"flow_dst_last_pkt_time":1213662198298123,"flow_idle_time":200000000,"flow_src_min_l4_payload_len":20,"flow_dst_min_l4_payload_len":0,"flow_src_max_l4_payload_len":20,"flow_dst_max_l4_payload_len":0,"flow_src_tot_l4_payload_len":80,"flow_dst_tot_l4_payload_len":0,"midstream":0,"thread_ts_usec":1213662202883546,"l3_proto":"ip4","src_ip":"10.25.32.59","dst_ip":"64.200.148.88","src_port":19948,"dst_port":80,"l4_proto":"udp","flow_datalink":1,"flow_max_packets":5,"ndpi": {"flow_risk": {"22": {"risk":"Unsafe Protocol","severity":"Low","risk_score": {"total":450,"client":345,"server":105}}},"confidence": {"6":"DPI"},"proto":"Kontiki","proto_id":"32","proto_by_ip":"Unknown","proto_by_ip_id":0,"encrypted":0,"breed":"Potentially Dangerous","category_id":1,"category":"Media"}}
00796{"daemon_event_id":3,"daemon_event_name":"shutdown","thread_id":0,"packet_id":55,"source":"cfgs\/default\/pcap\/kontiki.pcap","alias":"nDPId-test","version":"1.6.0","ndpi_version":"4.9.0-4628-142c8f5","packets-captured":55,"packets-processed":55,"pfring_active":false,"pfring_recv":0,"pfring_drop":0,"pfring_shunt":0,"total-skipped-flows":0,"total-l4-payload-len":35412,"total-not-detected-flows":2,"total-guessed-flows":0,"total-detected-flows":6,"total-detection-updates":0,"total-updates":0,"current-active-flows":0,"total-active-flows":8,"total-idle-flows":8,"total-compressions":0,"total-compression-diff":0,"current-compression-diff":0,"global-alloc-count":0,"global-free-count":0,"global-alloc-bytes":0,"global-free-bytes":0,"total-events-serialized":48,"global_ts_usec":1213662202883546}
~~~~~~~~~~~~~~~~~~~~ SUMMARY ~~~~~~~~~~~~~~~~~~~~
~~ packets captured/processed: 55/55
~~ skipped flows.............: 0
~~ total layer4 data length..: 35412 bytes
~~ total detected protocols..: 6
~~ total active/idle flows...: 8/8
~~ total timeout flows.......: 0
~~~~~~~~~~~~~~~~~~~~~~~~~~~~~~~~~~~~~~~~~~~~~~~~~
~~ total memory allocated....: 5514893 bytes
~~ total memory freed........: 5514893 bytes
~~ total allocations/frees...: 85992/85992
~~~~~~~~~~~~~~~~~~~~~~~~~~~~~~~~~~~~~~~~~~~~~~~~~
~~ json message min len.......: 520 chars
~~ json message max len.......: 2322 chars
~~ json message avg len.......: 1420 chars
