00583{"daemon_event_id":1,"daemon_event_name":"init","thread_id":0,"packet_id":0,"source":"cfgs\/default\/pcap\/ossfuzz_seed_fake_traces_3.pcapng","alias":"nDPId-test","version":"1.6.0","ndpi_version":"4.9.0-4628-142c8f5","max-flows-per-thread":2048,"max-idle-flows-per-thread":64,"reader-thread-count":1,"flow-scan-interval":10000000,"generic-max-idle-time":600000000,"icmp-max-idle-time":120000000,"udp-max-idle-time":180000000,"tcp-max-idle-time":7560000000,"max-packets-per-flow-to-send":5,"max-packets-per-flow-to-process":32,"max-packets-per-flow-to-analyse":32,"global_ts_usec":0}
00807{"daemon_event_id":4,"daemon_event_name":"status","thread_id":0,"packet_id":1,"source":"cfgs\/default\/pcap\/ossfuzz_seed_fake_traces_3.pcapng","alias":"nDPId-test","version":"1.6.0","ndpi_version":"4.9.0-4628-142c8f5","packets-captured":1,"packets-processed":0,"pfring_active":false,"pfring_recv":0,"pfring_drop":0,"pfring_shunt":0,"total-skipped-flows":0,"total-l4-payload-len":0,"total-not-detected-flows":0,"total-guessed-flows":0,"total-detected-flows":0,"total-detection-updates":0,"total-updates":0,"current-active-flows":0,"total-active-flows":0,"total-idle-flows":0,"total-compressions":0,"total-compression-diff":0,"current-compression-diff":0,"global-alloc-count":0,"global-free-count":0,"global-alloc-bytes":0,"global-free-bytes":0,"total-events-serialized":2,"global_ts_usec":1675169383880258}
00795{"flow_event_id":1,"flow_event_name":"new","thread_id":0,"packet_id":1,"source":"cfgs\/default\/pcap\/ossfuzz_seed_fake_traces_3.pcapng","alias":"nDPId-test","flow_id":1,"flow_state":"info","flow_src_packets_processed":1,"flow_dst_packets_processed":0,"flow_first_seen":1675169383880258,"flow_src_last_pkt_time":1675169383880258,"flow_dst_last_pkt_time":1675169383880258,"flow_idle_time":7580000000,"flow_src_min_l4_payload_len":0,"flow_dst_min_l4_payload_len":0,"flow_src_max_l4_payload_len":0,"flow_dst_max_l4_payload_len":0,"flow_src_tot_l4_payload_len":0,"flow_dst_tot_l4_payload_len":0,"midstream":0,"thread_ts_usec":1675169383880258,"l3_proto":"ip4","src_ip":"192.168.16.173","dst_ip":"93.184.216.34","src_port":60546,"dst_port":80,"l4_proto":"tcp","flow_datalink":1,"flow_max_packets":5}
00573{"packet_event_id":2,"packet_event_name":"packet-flow","thread_id":0,"packet_id":1,"source":"cfgs\/default\/pcap\/ossfuzz_seed_fake_traces_3.pcapng","alias":"nDPId-test","flow_id":1,"flow_packet_id":1,"flow_src_last_pkt_time":1675169383880258,"flow_dst_last_pkt_time":1675169383880258,"flow_idle_time":7580000000,"pkt_datalink":1,"pkt_caplen":74,"pkt_type":2048,"pkt_l3_offset":14,"pkt_l4_offset":34,"pkt_len":74,"pkt_l4_len":40,"thread_ts_usec":1675169383880258,"pkt":"pJGxF+92NObXAhsnCABFAAA8dkRAAEAGvUfAqBCtXbjYIuyCAFDeViVwAAAAAKAC+vAHXwAAAgQFtAQCCAqduWMmAAAAAAEDAwc="}
00576{"packet_event_id":2,"packet_event_name":"packet-flow","thread_id":0,"packet_id":2,"source":"cfgs\/default\/pcap\/ossfuzz_seed_fake_traces_3.pcapng","alias":"nDPId-test","flow_id":1,"flow_packet_id":2,"flow_src_last_pkt_time":1675169383880258,"flow_dst_last_pkt_time":1675169383978373,"flow_idle_time":7580000000,"pkt_datalink":1,"pkt_caplen":74,"pkt_type":2048,"pkt_l3_offset":14,"pkt_l4_offset":34,"pkt_len":74,"pkt_l4_len":40,"thread_ts_usec":1675169383978373,"pkt":"NObXAhsnpJGxF+92CABFAAA8PgMAADcGPolduNgiwKgQrQBQ7IKpQ+eb3lYlcaAS\/\/\/BQgAAAgQFrAQCCAoxuMtwnbljJgEDAwk="}
00561{"packet_event_id":2,"packet_event_name":"packet-flow","thread_id":0,"packet_id":3,"source":"cfgs\/default\/pcap\/ossfuzz_seed_fake_traces_3.pcapng","alias":"nDPId-test","flow_id":1,"flow_packet_id":3,"flow_src_last_pkt_time":1675169383978451,"flow_dst_last_pkt_time":1675169383978373,"flow_idle_time":7580000000,"pkt_datalink":1,"pkt_caplen":66,"pkt_type":2048,"pkt_l3_offset":14,"pkt_l4_offset":34,"pkt_len":66,"pkt_l4_len":32,"thread_ts_usec":1675169383978451,"pkt":"pJGxF+92NObXAhsnCABFAAA0dkVAAEAGvU7AqBCtXbjYIuyCAFDeViVxqUPnnIAQAfYHVwAAAQEICp25Y4gxuMtw"}
00676{"packet_event_id":2,"packet_event_name":"packet-flow","thread_id":0,"packet_id":4,"source":"cfgs\/default\/pcap\/ossfuzz_seed_fake_traces_3.pcapng","alias":"nDPId-test","flow_id":1,"flow_packet_id":4,"flow_src_last_pkt_time":1675169383978640,"flow_dst_last_pkt_time":1675169383978373,"flow_idle_time":7580000000,"pkt_datalink":1,"pkt_caplen":148,"pkt_type":2048,"pkt_l3_offset":14,"pkt_l4_offset":34,"pkt_len":148,"pkt_l4_len":114,"thread_ts_usec":1675169383978640,"pkt":"pJGxF+92NObXAhsnCABFAACGdkZAAEAGvPvAqBCtXbjYIuyCAFDeViVxqUPnnIAYAfYHqQAAAQEICp25Y4gxuMtwR0VUIC9tYXBsZXN0b3J5LyBIVFRQLzEuMQ0KSG9zdDogZXhhbXBsZS5jb20NClVzZXItQWdlbnQ6IEFzcElOZXQNCkFjY2VwdDogKi8qDQoNCg=="}
00945{"flow_event_id":7,"flow_event_name":"detected","thread_id":0,"packet_id":4,"source":"cfgs\/default\/pcap\/ossfuzz_seed_fake_traces_3.pcapng","alias":"nDPId-test","flow_id":1,"flow_state":"info","flow_src_packets_processed":3,"flow_dst_packets_processed":1,"flow_first_seen":1675169383880258,"flow_src_last_pkt_time":1675169383978640,"flow_dst_last_pkt_time":1675169383978373,"flow_idle_time":7580000000,"flow_src_min_l4_payload_len":0,"flow_dst_min_l4_payload_len":0,"flow_src_max_l4_payload_len":82,"flow_dst_max_l4_payload_len":0,"flow_src_tot_l4_payload_len":82,"flow_dst_tot_l4_payload_len":0,"midstream":0,"thread_ts_usec":1675169383978640,"l3_proto":"ip4","src_ip":"192.168.16.173","dst_ip":"93.184.216.34","src_port":60546,"dst_port":80,"l4_proto":"tcp","ndpi": {"confidence": {"6":"DPI"},"proto":"MapleStory","proto_id":"113","proto_by_ip":"Edgecast","proto_by_ip_id":288,"encrypted":0,"breed":"Fun","category_id":8,"category":"Game"}}
00980{"flow_event_id":3,"flow_event_name":"idle","thread_id":0,"packet_id":4,"source":"cfgs\/default\/pcap\/ossfuzz_seed_fake_traces_3.pcapng","alias":"nDPId-test","flow_id":1,"flow_state":"info","flow_src_packets_processed":3,"flow_dst_packets_processed":1,"flow_first_seen":1675169383880258,"flow_src_last_pkt_time":1675169383978640,"flow_dst_last_pkt_time":1675169383978373,"flow_idle_time":7580000000,"flow_src_min_l4_payload_len":0,"flow_dst_min_l4_payload_len":0,"flow_src_max_l4_payload_len":82,"flow_dst_max_l4_payload_len":0,"flow_src_tot_l4_payload_len":82,"flow_dst_tot_l4_payload_len":0,"midstream":0,"thread_ts_usec":1675169383978640,"l3_proto":"ip4","src_ip":"192.168.16.173","dst_ip":"93.184.216.34","src_port":60546,"dst_port":80,"l4_proto":"tcp","flow_datalink":1,"flow_max_packets":5,"ndpi": {"confidence": {"6":"DPI"},"proto":"MapleStory","proto_id":"113","proto_by_ip":"Edgecast","proto_by_ip_id":288,"encrypted":0,"breed":"Fun","category_id":8,"category":"Game"}}
00811{"daemon_event_id":3,"daemon_event_name":"shutdown","thread_id":0,"packet_id":4,"source":"cfgs\/default\/pcap\/ossfuzz_seed_fake_traces_3.pcapng","alias":"nDPId-test","version":"1.6.0","ndpi_version":"4.9.0-4628-142c8f5","packets-captured":4,"packets-processed":4,"pfring_active":false,"pfring_recv":0,"pfring_drop":0,"pfring_shunt":0,"total-skipped-flows":0,"total-l4-payload-len":82,"total-not-detected-flows":0,"total-guessed-flows":0,"total-detected-flows":1,"total-detection-updates":0,"total-updates":0,"current-active-flows":0,"total-active-flows":1,"total-idle-flows":1,"total-compressions":0,"total-compression-diff":0,"current-compression-diff":0,"global-alloc-count":0,"global-free-count":0,"global-alloc-bytes":0,"global-free-bytes":0,"total-events-serialized":10,"global_ts_usec":1675169383978640}
~~~~~~~~~~~~~~~~~~~~ SUMMARY ~~~~~~~~~~~~~~~~~~~~
~~ packets captured/processed: 4/4
~~ skipped flows.............: 0
~~ total layer4 data length..: 82 bytes
~~ total detected protocols..: 1
~~ total active/idle flows...: 1/1
~~ total timeout flows.......: 0
~~~~~~~~~~~~~~~~~~~~~~~~~~~~~~~~~~~~~~~~~~~~~~~~~
~~ total memory allocated....: 5498145 bytes
~~ total memory freed........: 5498145 bytes
~~ total allocations/frees...: 85866/85866
~~~~~~~~~~~~~~~~~~~~~~~~~~~~~~~~~~~~~~~~~~~~~~~~~
~~ json message min len.......: 566 chars
~~ json message max len.......: 985 chars
~~ json message avg len.......: 761 chars
