00560{"daemon_event_id":1,"daemon_event_name":"init","thread_id":0,"packet_id":0,"source":"cfgs\/default\/pcap\/rtp.pcapng","alias":"nDPId-test","version":"1.6.0","ndpi_version":"4.9.0-4628-142c8f5","max-flows-per-thread":2048,"max-idle-flows-per-thread":64,"reader-thread-count":1,"flow-scan-interval":10000000,"generic-max-idle-time":600000000,"icmp-max-idle-time":120000000,"udp-max-idle-time":180000000,"tcp-max-idle-time":7560000000,"max-packets-per-flow-to-send":5,"max-packets-per-flow-to-process":32,"max-packets-per-flow-to-analyse":32,"global_ts_usec":0}
00784{"daemon_event_id":4,"daemon_event_name":"status","thread_id":0,"packet_id":1,"source":"cfgs\/default\/pcap\/rtp.pcapng","alias":"nDPId-test","version":"1.6.0","ndpi_version":"4.9.0-4628-142c8f5","packets-captured":1,"packets-processed":0,"pfring_active":false,"pfring_recv":0,"pfring_drop":0,"pfring_shunt":0,"total-skipped-flows":0,"total-l4-payload-len":0,"total-not-detected-flows":0,"total-guessed-flows":0,"total-detected-flows":0,"total-detection-updates":0,"total-updates":0,"current-active-flows":0,"total-active-flows":0,"total-idle-flows":0,"total-compressions":0,"total-compression-diff":0,"current-compression-diff":0,"global-alloc-count":0,"global-free-count":0,"global-alloc-bytes":0,"global-free-bytes":0,"total-events-serialized":2,"global_ts_usec":1332741131936370}
00781{"flow_event_id":1,"flow_event_name":"new","thread_id":0,"packet_id":1,"source":"cfgs\/default\/pcap\/rtp.pcapng","alias":"nDPId-test","flow_id":1,"flow_state":"info","flow_src_packets_processed":1,"flow_dst_packets_processed":0,"flow_first_seen":1332741131936370,"flow_src_last_pkt_time":1332741131936370,"flow_dst_last_pkt_time":1332741131936370,"flow_idle_time":200000000,"flow_src_min_l4_payload_len":1444,"flow_dst_min_l4_payload_len":0,"flow_src_max_l4_payload_len":1444,"flow_dst_max_l4_payload_len":0,"flow_src_tot_l4_payload_len":1444,"flow_dst_tot_l4_payload_len":0,"midstream":0,"thread_ts_usec":1332741131936370,"l3_proto":"ip4","src_ip":"10.204.220.71","dst_ip":"10.204.220.171","src_port":6000,"dst_port":6000,"l4_proto":"udp","flow_datalink":1,"flow_max_packets":5}
02468{"packet_event_id":2,"packet_event_name":"packet-flow","thread_id":0,"packet_id":1,"source":"cfgs\/default\/pcap\/rtp.pcapng","alias":"nDPId-test","flow_id":1,"flow_packet_id":1,"flow_src_last_pkt_time":1332741131936370,"flow_dst_last_pkt_time":1332741131936370,"flow_idle_time":200000000,"pkt_datalink":1,"pkt_caplen":1486,"pkt_type":2048,"pkt_l3_offset":14,"pkt_l4_offset":34,"pkt_len":1486,"pkt_l4_len":1452,"thread_ts_usec":1332741131936370,"pkt":"ABNyjb9k0GflFGvTCABFAAXAU5xAAIARAAAKzNxHCszcqxdwF3AFrNRIgCIBEAAJ6IYAABZGAHAAAAAAg2oOAz\/8BcyOIdPfi8B4Xzz4VNYRGWcSjryldGYkqct6gbLBqCyFX7tOlxeIIyF41H7ve+11iRZEGoqbwZ8BxR\/mM7KSRJ8a7UYJLYgDupNskRvB7P\/F2+LyfF7a574\/f+Lxn4vAVwvkkYGQXzbheLgvjV4X8Aa7F5KLyf\/8U5YkvSlSWuDTEZb0+E4729QFtoqKTwvcF8OiLQsC+Lnxe+F+GXC9kYu\/90rt4WPWgJo2qDsfwPr\/s8F+F8Vv62za3pYs8Xhd7p\/i98XhSLxkLxBGcXsDIXnBeHYVhZ82dGyFsrGurb0PKNMBNPBU+DvepwY8CtUDJEhapZpZIfKDCenAv0sFZOFvEPq6SZq7ZGC0WNCD2rohpuFfeNnaOtWBov88A8KFlaIPuQZiCvwFUkMwNWSIPTwx46XBXMxdc42ukZKZVwxk2MwtjIOP\/GAoW2HqFRtGE73km73jLbNuNdOi46FTnGw\/R5AsQRD5jTGCdKjCRjiBlaZGSWLULBeGIXxhT0LGyulampWjYCxcF88NBf0Xi8LBeCcLwVpIx1vm4Wko\/FoveFXaTlRQDmASsdIAYgD0sFgelgVHlPWhCKjTYfCoK3tToCnTxwjU0U6tJ1AoURKc6uoVavqBuwaBU2OKB7UZZ3wVNNMoQYsCoZEGnR6rMgMCr1Frc0MVxHgMuBS\/GaQWA0H+4KeVNJ0oilvFwCGUrXanZuJMO1Ru9kW\/gGO8HW6BUMgZL++I9LM4DjgWRFoKwZlpAL3BfQAkhSFv51ulgMX\/AxwG+BgmOjn0tWELaDFAZG2y2GgOYBJdic8FLrZ1FZqzejckZ7ZxPnt4tN0qT8Owt4mbIBiOCYV7Wa0gbYzISFJsL7Z2HAqbO5veAZ+i9hlrl0GL\/luyqfe6BQ+WJQWpAFTDhlLguaUNNM9wsbX44KudOi8B4\/4RhX7EoFSstNLAXG0wJsF\/QrC+2C0xGKwtf+ZKIqQc6DFgSMykGg1F4NCAhWJteh8JkAM+AvF5WzpUeC+OQvBpQF4XzwtCtlK0STpXxwL8Kxfe6Lgq+bWQVZ7CxlrRWkFjIrCzh54VIwIaOLAtXTLlQJABIXeslIsZFAW+75LwHUAugsGkLJ4LbzreoPAx39Z0iDgXhM1zo46V8cFvAnqacHCmk+JEg5CoGb\/yMKTT9bClvYCKGC05V1BUOz4oBfCvje6uiZ7QMpjwfCwXrkIVutoFmhDDEHw\/we\/\/C+uZIRXre6tVwnDALeO5wFeLBusNLwWi+jfogBMF+BSaCxqbjX+ItQBiV60CR0F0JuLVopDELwvg0ACLtDYYhfLRqfC17qexbedTNNMnkQIwX2jclCk2IH6KMoYiM+S1ZNErU1PWiYcgqcKkhlkH0\/wVhGJNbvGupmesn9wrzn7QVSnoy3G1wacBeFj6ixeUt5riJwvBngE+L0iHSML5khhU2UjVGxKVUCQhkwSiYV+sJ14mSIDsJmv9RWtEIvCodYctsFJgKAsZY0zIsFIuTBiLwXYX+muPF4pFtBWFL4UJqKt1jGmTwgiPKhUFNPpiwoCYO3jPkT4Go6lAgL\/Zg46ysiOCNKUqM2M9lsBVwi4O20CYOHgsxRtsIBBjL3Bd+AvT4\/C4KXbgGE1mX9S772dBUjRhpD31BFfvayiUFKdZwCiYKT7Nb2p+\/qOjh4jVgqsQcRn7erJ2yk8UkJCFnlXLKVLO9F7sQ4UDMF8fCrgyf9ugQ6+o0e4A9ockoTBZ2gZH+KhP1Gi\/BkD5\/4sCzwsAq0VH22MxdSUYjN8B9\/8NwjCplKTaC63nKp1ZRBzrw6pDwViHpBF1IW6lIWYwVojIEKUDkZA+QCFT2MrCI2pTZmg5YFSypr\/qP9owB8f+g+H+FTvA4LaLWly3SoJwXoLEK3vUSA=="}
01720{"packet_event_id":2,"packet_event_name":"packet-flow","thread_id":0,"packet_id":2,"source":"cfgs\/default\/pcap\/rtp.pcapng","alias":"nDPId-test","flow_id":1,"flow_packet_id":2,"flow_src_last_pkt_time":1332741131938296,"flow_dst_last_pkt_time":1332741131936370,"flow_idle_time":200000000,"pkt_datalink":1,"pkt_caplen":938,"pkt_type":2048,"pkt_l3_offset":14,"pkt_l4_offset":34,"pkt_len":938,"pkt_l4_len":904,"thread_ts_usec":1332741131938296,"pkt":"ABNyjb9k0GflFGvTCABFAAOcU51AAIARAAAKzNxHCszcqxdwF3ADiNIkgKIBEQAJ6IYAABZGAHAAALUmHytcLGiML59YxC+2D4f7x\/dGA9s6LUsIgqL6t9mJKOwYsCwYxfFCTd\/EbKc1WTIyCk1LCi4WlIZNs3QVRZ0YtLzVrXAvQvC31Kk4U7gfk4NF\/6FcZEMXBZ+e81yFiMRHcxvlqbCkj2pxXGHDnS9oMQB1fON6nOtI0AKpgCYZlYdheFJ9ggX8QzYebHG7kCflEEcesByv1MlHJrqEBIUL1CBL8iFQoGOLjcsBzv4F4E6+kKFCBSq0ae0CiQ+zsCH75ZvxcB2VgFVgRCnBlAIpUC+zUwKqITTdXCYZNHuI9BVbULusaiwozjYOKBYIN4gEcYpGToyY6jExkpTIBl3yzfIHyVnzcBwv5Dfr8yFmjAaijTAxYENxAOBHF58LeyIiEejkXlh4KRN5mANBoAEiF4ZC9kUC8Bg9xSFbqryv9z3tqY6RthYJNOCuk6hDKLDcGN\/hwQ0mC3p8aYImFyIJ2fmFPWqsI18NKg6zc0EbSUfjIfkIvCmFCwZ8BSYnov4kQSh4cBof8MKF4018YTasVIjgcMrbTgz\/Rc3eDkGbATXu3kEIFpCorIxXzGmgMsLLtBKGAtp13CovkAInT5YWpm9VTurR4cjAGgAToU8CbURFZOrBD3yhVMgi9nahRiOif38aqXo2gwi\/eVjoMb\/YDlgVOoD7pC8Z+LzsVYNEA4Lw\/PM6YGcAYMcb60BScBi\/6ioc+Y3+gj0XdlEbEV0q880OV7rHE+CEDlf2h1AYv+6NBo6i8VhZ4y3NArvwJe40z10illdj+2pAODMwFgW\/uUPBkSAtR\/rJOF8XBaF7bI3hV+Z3mCANUkkaT7xOJgbABPrJycc9upGBDvu6ip7nStgFVZqOnTgyaNljAYz+4FjA2Ht1OBsXB+I45wZBsMXS3TH7t28fvc1E3AYv+6mzgsDgPSYcfWuamjTaUBsRip1u4vkC4L4JUF4\/JheFu7YunR6b+PxmtpNBnAFHkepsN4l6K+sMJShkaBY+6mBiwJNwWU0DYf5CFnDxsCNvpGgcUCbXRMFQ7RnBYD3\/4W\/AIohZSkMAWgXwsCyPyUXmBf1K2MheZ\/H7rp4VdhLRzwI4mAxJUd4LhcKh\/0lH5GP0AJIW9A0lLRufBcnB37e9RZ742whXTGAvrkJofgsgvmCYL5lcHrAReKQv8XLSajU="}
02482{"packet_event_id":2,"packet_event_name":"packet-flow","thread_id":0,"packet_id":3,"source":"cfgs\/default\/pcap\/rtp.pcapng","alias":"nDPId-test","flow_id":1,"flow_packet_id":3,"flow_src_last_pkt_time":1332741131999309,"flow_dst_last_pkt_time":1332741131936370,"flow_idle_time":200000000,"pkt_datalink":1,"pkt_caplen":1486,"pkt_type":2048,"pkt_l3_offset":14,"pkt_l4_offset":34,"pkt_len":1486,"pkt_l4_len":1452,"thread_ts_usec":1332741131999309,"pkt":"ABNyjb9k0GflFGvTCABFAAXAU55AAIARAAAKzNxHCszcqxdwF3AFrNRIgCIBEgAJ\/qwAABZGAHAAAAAAg3IOAz+DZu8L\/AvpUA3H4r4vAcLxXU7idM2ymlkV2IuLvuaIBELzH\/hfBjAIQcCUai94\/fj9\/4WdocB\/5BIBM9eYIHAIlJabMuFeVJcLctTmRctqW0yxZujupRHTHcXu8L7Scmfi87j92P2gw8L5GMvE23nc0OmRiD1f4vIheEcfvH7xeNBfoJY\/GH\/xe7hfDoB50LeUsoJgDwVgLUmF4LwfnovJRe4fhZF5wXti10\/3bulF7x+YF4xF5oL+C52LwtCtlSW5UQ3jmQe\/\/CjF4x3b\/wt6LrUQqSmOB\/AEI8XjUXikXoTIvAymEwr0lUFo44BiJj7B9T7xorKCmPBVtLDoEVonhb21m0vEpuiYOg8GIqywFmD5AIgsqKywmqNNzg5ZNgvBtsjhijIsGoU\/\/vKfK\/j2Qeen+r38VY03dWxPDAliUPvD8v8qvxH9+yp1XtxPWkyds9dbmbubVONfnxHxtOoFokhC\/IXlysvuKh9LJ6b\/\/VCQRFSibgt+tQK6g4WhcueCj8qxWWDXN5xeMpEyekqzKKWoJNHBKCsMCADPALwofgEQmqGY1svakpCTmx\/WE6wnC7vePwoxRh4vg7BjAI6nB7f8X6Mxfw4LwtF52KPB1WlIfDKDYE+F9xkbZbUMQKZ1KdSC4L+AsDQk2a2pRdLQc3+4H4DCEKmBhlK0Cr3qF6zNTzpUGQwBLGmm6hjaCOSgrFGi4Lwu9CcFyFXXZBWDNpPQ424NSnBwsFpMFPReqLhZJcSdW0zECjoFUSUChoFWsoArze8mEelVQJLboxK+YRphCBMF9COF8FmgcFvLRxxsHD\/gXQ0a5xLVm2QJYl7TAUL1M0zMWpSlGl7G4gulCJCdaK4hcFwX1zhCFbvJrNTZiWXaCrAIcWR4k7vwMeBi\/4sHvoW12VTWh3QMJGlA7sR0YArQWgvKlhhE\/xI1\/EFcW4sjFAPeAjbqjlAwydBWGAtd1NqMWcEAbBGgLXi8nCtpigQGSIP2QxYxdEMAvg1v+KyEL6IJAWIX+tgzgCjGacYBV5EURE6yNu4HtGYggJoDxVycEW9JYfCi2Orpu4VoBauvWWByMWl6mZQbkQPZa1oLiYLWiBiwKCwmwwFj7ONti8mpoLemuRAul+GYanhiF95A3rZwCG0HL\/mdlrOAygFjqhT9BiwLhX\/7wre1ifrQjtNgYZrQoBr\/8kGgV9sRlV5\/n\/+rYFpWMEVAZyLNLLFopYWHIu7gDgvjQhC\/TAYi+hqbEF0bgxf9+lRr9+oFROF3pI4L8Kwe3\/PD8KRxo\/XQJ4hzNRnApCtjZdcigJ45BaC+Azf+KgvwjPBa0rPWOoTA4DFpCNAov+xZftXWWiZvXcT+iX\/kZlqd5Uk6WplnBY0aCjxGbURBBwc522Aq50Cd0oF\/KmAiqGYJqMpGUL4bjJw\/cF8weF8CoKvYgR4kIp2LWNpitgdpSAoLEAeHxSFv821qhpTzq2daT4LQ8WBoP\/h9kgC+eDEXqQ9TjELWmEJYsHRQ6h+RtCwLHE7bfCkBYPp\/srpyQL5STpINQvpwpQisfwXi7eFHxtvyERGU\/SXAJIAY7+4QdHDKZprgqbBPQAKCvo4VNCGbEelYFCkFUy24EY0GqDBWFjutpWzv0QYBcF9rRiuJwvpMIQvCnpCzc8u3LoMUBjXA2Q8FeNXsBVjh7DegqxweJsZB+P8QW2t5MsLxsxBzr8DYFyFnsAgBdVZ5DTNxGV0rGWJRBRBgO04ThTxHjCEon5jkra\/\/NJAMRIeiLxWLWxxiicQCxOD5\/6EHs\/wr4ESqlXQy3rNKxy8EQBTPSkGe\/z4UfR3WgVRSbzEpKWVM2ZRHUAyCi2q2p5OTKUtIhfhTlzmFvUCI9iJPW6BCitDQTRgMfKqV6BZvoj8YDY21vA=="}
00925{"flow_event_id":7,"flow_event_name":"detected","thread_id":0,"packet_id":3,"source":"cfgs\/default\/pcap\/rtp.pcapng","alias":"nDPId-test","flow_id":1,"flow_state":"info","flow_src_packets_processed":3,"flow_dst_packets_processed":0,"flow_first_seen":1332741131936370,"flow_src_last_pkt_time":1332741131999309,"flow_dst_last_pkt_time":1332741131936370,"flow_idle_time":200000000,"flow_src_min_l4_payload_len":896,"flow_dst_min_l4_payload_len":0,"flow_src_max_l4_payload_len":1444,"flow_dst_max_l4_payload_len":0,"flow_src_tot_l4_payload_len":3784,"flow_dst_tot_l4_payload_len":0,"midstream":0,"thread_ts_usec":1332741131999309,"l3_proto":"ip4","src_ip":"10.204.220.71","dst_ip":"10.204.220.171","src_port":6000,"dst_port":6000,"l4_proto":"udp","ndpi": {"confidence": {"6":"DPI"},"proto":"RTP","proto_id":"87","proto_by_ip":"Unknown","proto_by_ip_id":0,"encrypted":0,"breed":"Acceptable","category_id":1,"category":"Media"}}
01890{"packet_event_id":2,"packet_event_name":"packet-flow","thread_id":0,"packet_id":4,"source":"cfgs\/default\/pcap\/rtp.pcapng","alias":"nDPId-test","flow_id":1,"flow_packet_id":4,"flow_src_last_pkt_time":1332741132001295,"flow_dst_last_pkt_time":1332741131936370,"flow_idle_time":200000000,"pkt_datalink":1,"pkt_caplen":1054,"pkt_type":2048,"pkt_l3_offset":14,"pkt_l4_offset":34,"pkt_len":1054,"pkt_l4_len":1020,"thread_ts_usec":1332741132001295,"pkt":"ABNyjb9k0GflFGvTCABFAAQQU59AAIARAAAKzNxHCszcqxdwF3AD\/NKYgKIBEwAJ\/qwAABZGAHAAAC2RhlqOQwsQc9BiVkAVPG8xsRapg8Ld2AUDMONR8vsLCLSsJ+BOFbxcQUHIhegZGQxF6zMeF8OegtgcMCC+nEIiFAXwer\/nDQXsBosdEF8L6aCp9\/ODpHt0CNlg1Ecb5xOCaH4VjUKTwC+gRngYwC+VENHS1iYRyh2z6Jfp1lboMyBFoubDoXhX+4V9KDWXiNmS0cxE9hKHAfEzQeHQp\/bWx3Ud+ibGha3xZHePpYlZhDB74DMbBxf7Ae8BCUc9xuXEqnxSWDFJlmM33\/wGJ\/cmgSGTCYOgwEP4z3YBdQgVc+CrehgEYLQZQCBjf5WqKSEPiosIRE2V4kshWdRcRz4RWsgx4EC+ShqnCwb6GlYMWBH7jfONboMcBcE9NDruM9Q8KAcr+CoU6QpvymhkDJ\/ykGLAv7RlozCz8ZmdW\/4q05dq9R2iohBPET+ptT4WDJnW+daK6oUIp0kzvaiwdod+GUSoQSQr\/iqpUXY5drnMpXxAycB9P8kt+ZGiutgRONZaBH4oCi5v0kAwIG4jhD6ltvQTJGOJkqek4flozuiofg4\/8F9gLNeL2ApC7QD3j9w\/JgsbDWZixT0atAsiwHwAWdlvZWGqpT6PSxkkRsMZSraWXCQfjML4sNi83C34vSiRKIBMHQJvHBY+43usJdXsupunwxGXH74tp6L4sn36YZetYl6Eg6gegtxP5g7a6OtEXNHK2nFXDgNF\/ioX0+F0nuC9ic4F9AC\/BV5Ae\/\/CnjrrPtXh0v4wByNAopbal+O\/lsVLRwi6pxNwcHlujuoIgBwv5YQj61GzYU8fk\/teanBXIU5OFn523gEGAVdIquIRVkGYenmGhW36plk96J9t1B4spMKnvFODkHb\/qFzfcqZD1GDhAQr2u9LRsMwGiL0rba9iOqeIHjYPB02BUgjU6HBON2xwJwvlhlkyP0pOF8iFg\/CUXkwWfmML2AyH9hXg17wqTo5VAzRogm6CyCzxu8rO8pQbBi\/6gQyJPeBy\/4QoCYu2OiGL33T7p3bu3V5lUph2OioXz+Wda4HZoLH7ESdPnUNMtAsqCKhGI\/NwvhXTgvrwuoPX\/vC+mJHhbx9Jq7z9IPx+7dqpwQFMwcAxf7HcZ5o5BVlrwq5QBko7fUZNCIOSkZgl6bCzpNareQs1SFsD\/mgxgF4ZMhyRrgKC2ugxIHE2dAqpj+6JicL+NDmmQTx\/Bni8J4vZPf+FXKAOgxgHQHa20OmkrYhkJOKx+cF50L4XJQev\/C1zog0cZEVeKQsCz5ZghFHaidFLcXmAmbiUZXgyCxtyzfxGOejCmAWcL4RALH7CwpF7ZgL6bBkhNA=="}
02467{"packet_event_id":2,"packet_event_name":"packet-flow","thread_id":0,"packet_id":5,"source":"cfgs\/default\/pcap\/rtp.pcapng","alias":"nDPId-test","flow_id":1,"flow_packet_id":5,"flow_src_last_pkt_time":1332741132066361,"flow_dst_last_pkt_time":1332741131936370,"flow_idle_time":200000000,"pkt_datalink":1,"pkt_caplen":1486,"pkt_type":2048,"pkt_l3_offset":14,"pkt_l4_offset":34,"pkt_len":1486,"pkt_l4_len":1452,"thread_ts_usec":1332741132066361,"pkt":"ABNyjb9k0GflFGvTCABFAAXAU6BAAIARAAAKzNxHCszcqxdwF3AFrNRIgCIBFAAKFpQAABZGAHAAAAAAg3oOAz+DZvj92FjUNSxqhkDRgJ62JgTcfirF74vFUKmEAD5fGx9VAFvKeJy+aq2BgEAGB+fJ42SxT5eAmqx5VhoOMuHpcBbgdpSZ62XIiEWoLP+tl7gvhoEiB4vBaxeC0x+96xV+zRvN6ke4LOJQKAuoiAQ3xVgek4BwMCDgplavzegpYCqHgxiiJCw38e\/SoKVnws4QMEmZiufXHrZShU1IaAOHol8Uj7QKXQYsCivRl7KxaVixWpgGIUlmQZBSYB0CCXbZR6jPF3i8uoiqmGQ94LBKBgQcu\/oHJ0FMOmiwZe6mB2f5WCiAvEHwc0CCj4hK1zIIAMCEqNHheX+oErEEnhiAZIJIKcuVgV4nY9EhvyKpRCOqx4srlQ+GIVMAwEMv9ikSP8ZVbYg6MQgQA8fW5qigXghldTu8p8TqwPK51QUjMLqL3i1e6i9+F9lZcKjovIovOR+bH7x+4fu\/H9JQsuEKhAEqiIooFv2Fm4lOAHAwIQrgMGCBD\/6d5YPQV7vKIkSB8NVcL\/gVS9GIWXAOBgvX28EovSb79LcGYBwMD8f8DB\/glF8SRT5DBNMsZQiYvU+ZVQCXByMAo8IHggiV8FKh2UZ+qpV8R1XqQCQDAhCpOqRgxv8ATB2sCsLD6sDi98lFQUWXYlLaKwhAeH\/oBwSdW8r9papKnAHVWEHwMIC+VwC38KxNNSxkXKwPLWfRi0KihAgB4+EVSqrWfVU2qA+XXgH\/IRydGv6pjceLwiH7hecH7heNcXkEX0Bn+L3i84LzgqS3sHc98Cvp8t+fCsLLiQDAhRcxR\/4GHA1eQGLAtGYkDwIfqBwf+qYv9ShToy4CyVj34FUuUVhb4q1QOx1eiN1q1owA3W95jeCcX0F2LwHxfmHh+KQvi54vCyL2kgPT\/uk7TpC93hfe903ttVZwLewkaK6EpoyLwTYvJIvNwrbCdJOI61UR8H5\/zUXhfF2Fl07pumL3i+jMW08e7o76mS0GLAsF5aLAvsLtkrovIIv6D4\/4WtkcB0GDeGDwWfQLRP3ofXrWn+CK030EoybCtt60y1zSgBoNcAjEHy\/4W9HxpvsSTOHURCNRE0SIQ6eYi45q4DdT7UZY3hPAiChYIidu1cZYVNFLZYeFwXBQubSpEgWRtEWo0uaWCsFiFgU9TcwdN3MKW2oGMtxVftMDNZeYy3wCOCAfTz4jWdTo4sTYCJApKBkFE14eQDCOWxMDiAVXAkHlv1uDrCesro2aE4dDkaA0QCJxl1Q8Bh\/1F\/5hUDEfv0ec4kha+Ft52oA8w4FDf4Dq\/gIXaDlfwX3G8XnWOUGbAgYz+NijT6BdtC0LRcLwZ\/\/BNF5kL4vIheCWFvqRPtSzDgNWAoSQnhfCswFbqOdSUGLArcwmRgv9BbCbSiOCKGbCUlEmgbbYhSMOJFx0DHgXheDPf7BKJNhIBfCq\/HoyRDvC0qFwDhRtjutI5ZC39LXtioKnS1Hg4g1\/o3EM6GIShRba\/BAW2mu+XBiwIHN\/hHW+DFAcBjv5ASgmHgp9QcEKXdIkbaNa83VwujQiAQ4iuq4DlAVZ3cApPltUVIDiAYIpYLSYX1l4W+s9bAr8WhGCvCtvWYDTgOX\/BZ7kZaQ2gqsByv5pEjidgWm1zYWf+M7GeqNbBNVs8RpkBVJFzxCC1EFyZre61GkaHGBiHcxMuGIuC+TEwVtvGBwlUJGLeEoPf\/h4JwqbSao\/ypBGKhrWWIlaQ3A\/NbIIYL0FkF+FuDApIY42EiPUDWEYSBfAaZFT+7dgIoneF\/dwmIAvrHU5ML06A2F8QRiVAkhb+r\/wJwXlGgULu3MU8dwqKhxIdQhW4UdDvrBhqpUAzC3gYYwDDA0DwPDAWBZ0YMWBtgmiDMKmzGNg04Cf0FuL1+BKKvmc5AlSig=="}
00792{"daemon_event_id":4,"daemon_event_name":"status","thread_id":0,"packet_id":16,"source":"cfgs\/default\/pcap\/rtp.pcapng","alias":"nDPId-test","version":"1.6.0","ndpi_version":"4.9.0-4628-142c8f5","packets-captured":16,"packets-processed":15,"pfring_active":false,"pfring_recv":0,"pfring_drop":0,"pfring_shunt":0,"total-skipped-flows":0,"total-l4-payload-len":17808,"total-not-detected-flows":0,"total-guessed-flows":0,"total-detected-flows":1,"total-detection-updates":0,"total-updates":0,"current-active-flows":1,"total-active-flows":1,"total-idle-flows":0,"total-compressions":0,"total-compression-diff":0,"current-compression-diff":0,"global-alloc-count":0,"global-free-count":0,"global-alloc-bytes":0,"global-free-bytes":0,"total-events-serialized":10,"global_ts_usec":1643703745877296}
00780{"flow_event_id":1,"flow_event_name":"new","thread_id":0,"packet_id":16,"source":"cfgs\/default\/pcap\/rtp.pcapng","alias":"nDPId-test","flow_id":2,"flow_state":"info","flow_src_packets_processed":1,"flow_dst_packets_processed":0,"flow_first_seen":1643703745877296,"flow_src_last_pkt_time":1643703745877296,"flow_dst_last_pkt_time":1643703745877296,"flow_idle_time":200000000,"flow_src_min_l4_payload_len":74,"flow_dst_min_l4_payload_len":0,"flow_src_max_l4_payload_len":74,"flow_dst_max_l4_payload_len":0,"flow_src_tot_l4_payload_len":74,"flow_dst_tot_l4_payload_len":0,"midstream":0,"thread_ts_usec":1643703745877296,"l3_proto":"ip4","src_ip":"150.219.118.19","dst_ip":"192.113.193.227","src_port":54234,"dst_port":50003,"l4_proto":"udp","flow_datalink":1,"flow_max_packets":5}
00608{"packet_event_id":2,"packet_event_name":"packet-flow","thread_id":0,"packet_id":16,"source":"cfgs\/default\/pcap\/rtp.pcapng","alias":"nDPId-test","flow_id":2,"flow_packet_id":1,"flow_src_last_pkt_time":1643703745877296,"flow_dst_last_pkt_time":1643703745877296,"flow_idle_time":200000000,"pkt_datalink":1,"pkt_caplen":116,"pkt_type":2048,"pkt_l3_offset":14,"pkt_l4_offset":34,"pkt_len":116,"pkt_l4_len":82,"thread_ts_usec":1643703745877296,"pkt":"AAAAAAAAAA0A6CjdCABFAABmXqIAAH8RTaGW23YTwHHB49Paw1MAUs7pAAEARgAafnMAAAAAAAAAAAAAAAAAAAAAAAAAAAAAAAAAAAAAAAAAAAAAAAAAAAAAAAAAAAAAAAAAAAAAAAAAAAAAAAAAAAAAixk="}
00608{"packet_event_id":2,"packet_event_name":"packet-flow","thread_id":0,"packet_id":17,"source":"cfgs\/default\/pcap\/rtp.pcapng","alias":"nDPId-test","flow_id":2,"flow_packet_id":2,"flow_src_last_pkt_time":1643703745877296,"flow_dst_last_pkt_time":1643703745893698,"flow_idle_time":200000000,"pkt_datalink":1,"pkt_caplen":116,"pkt_type":2048,"pkt_l3_offset":14,"pkt_l4_offset":34,"pkt_len":116,"pkt_l4_len":82,"thread_ts_usec":1643703745893698,"pkt":"AAAAAAAAAAkAifetCABFAABm7FVAADgRxu3AccHjltt2E8NT09oAUln0AAIARgAafnM4NS4xNTQuMi4xNDUAAAAAAAAAAAAAAAAAAAAAAAAAAAAAAAAAAAAAAAAAAAAAAAAAAAAAAAAAAAAAAAAAAAAA09o="}
00973{"flow_event_id":7,"flow_event_name":"detected","thread_id":0,"packet_id":17,"source":"cfgs\/default\/pcap\/rtp.pcapng","alias":"nDPId-test","flow_id":2,"flow_state":"info","flow_src_packets_processed":1,"flow_dst_packets_processed":1,"flow_first_seen":1643703745877296,"flow_src_last_pkt_time":1643703745877296,"flow_dst_last_pkt_time":1643703745893698,"flow_idle_time":200000000,"flow_src_min_l4_payload_len":74,"flow_dst_min_l4_payload_len":0,"flow_src_max_l4_payload_len":74,"flow_dst_max_l4_payload_len":74,"flow_src_tot_l4_payload_len":74,"flow_dst_tot_l4_payload_len":74,"midstream":0,"thread_ts_usec":1643703745893698,"l3_proto":"ip4","src_ip":"150.219.118.19","dst_ip":"192.113.193.227","src_port":54234,"dst_port":50003,"l4_proto":"udp","ndpi": {"confidence": {"6":"DPI"},"proto":"Discord","proto_id":"58","proto_by_ip":"Unknown","proto_by_ip_id":0,"encrypted":1,"breed":"Fun","category_id":15,"category":"Collaborative","discord": {"client_ip":"85.154.2.145"}}}
00726{"packet_event_id":2,"packet_event_name":"packet-flow","thread_id":0,"packet_id":18,"source":"cfgs\/default\/pcap\/rtp.pcapng","alias":"nDPId-test","flow_id":2,"flow_packet_id":3,"flow_src_last_pkt_time":1643703745898377,"flow_dst_last_pkt_time":1643703745893698,"flow_idle_time":200000000,"pkt_datalink":1,"pkt_caplen":202,"pkt_type":2048,"pkt_l3_offset":14,"pkt_l4_offset":34,"pkt_len":202,"pkt_l4_len":168,"thread_ts_usec":1643703745898377,"pkt":"AAAAAAAAAA0A6CjdCABFAAC8XqQAAH8RTUmW23YTwHHB49Paw1MAqMnfkHhIttF\/PXUAGn5zvt4AATChedtqfwjhWc+hGYWjlXOtMNhOVuvkASoxB4ywo3iDuuFHRFJG0AOkJ71IgPEsVVSiSfrNiA3wWNXLbiv8K9cXcSIFnp6ocVrYvui+LopzedprSAkJNDIypDHa8q04lE3GXrfqiYWbSzVHWRR3fCDSc7ouhFdl69cEdTT20S+ecWgZ+tTXEhJtweMT7TUBgA=="}
00586{"packet_event_id":2,"packet_event_name":"packet-flow","thread_id":0,"packet_id":19,"source":"cfgs\/default\/pcap\/rtp.pcapng","alias":"nDPId-test","flow_id":2,"flow_packet_id":4,"flow_src_last_pkt_time":1643703745898718,"flow_dst_last_pkt_time":1643703745893698,"flow_idle_time":200000000,"pkt_datalink":1,"pkt_caplen":98,"pkt_type":2048,"pkt_l3_offset":14,"pkt_l4_offset":34,"pkt_len":98,"pkt_l4_len":64,"thread_ts_usec":1643703745898718,"pkt":"AAAAAAAAAA0A6CjdCABFAABUXqUAAH8RTbCW23YTwHHB49Paw1MAQCgLr80ACAAafnO\/DuYuk7Qm7AS8F\/mRjAhWf8oXJ8iKIG1vbiBG\/CH8sc3Jm2Qs1\/hdRLqg0e41AYA="}
00732{"packet_event_id":2,"packet_event_name":"packet-flow","thread_id":0,"packet_id":20,"source":"cfgs\/default\/pcap\/rtp.pcapng","alias":"nDPId-test","flow_id":2,"flow_packet_id":5,"flow_src_last_pkt_time":1643703745915963,"flow_dst_last_pkt_time":1643703745893698,"flow_idle_time":200000000,"pkt_datalink":1,"pkt_caplen":207,"pkt_type":2048,"pkt_l3_offset":14,"pkt_l4_offset":34,"pkt_len":207,"pkt_l4_len":173,"thread_ts_usec":1643703745915963,"pkt":"AAAAAAAAAA0A6CjdCABFAADBXqYAAH8RTUKW23YTwHHB49Paw1MArUaokHhIt9F\/QTUAGn5zvt4AAZh5k2ZCx7AG1wPxuzfCf8IwfzFMqVgW4L\/mJFqmRAcv8EJTXmkyrY75f6lOJMucq+rA3frXvaUL0BKpnggCk8fasluufmW8FbErfrU6zDzccizbXzvL1SCk28XBaOck\/RKMjjxlmWOhUAMPzKd7IE7GUd1q3K2nXpJZolklVyfnB7AqCWsUi9KYepAHxMOiROPvNQGA"}
00966{"flow_event_id":3,"flow_event_name":"idle","thread_id":0,"packet_id":46,"source":"cfgs\/default\/pcap\/rtp.pcapng","alias":"nDPId-test","flow_id":1,"flow_state":"finished","flow_src_packets_processed":15,"flow_dst_packets_processed":0,"flow_first_seen":1332741131936370,"flow_src_last_pkt_time":1332741132275341,"flow_dst_last_pkt_time":1332741131936370,"flow_idle_time":200000000,"flow_src_min_l4_payload_len":24,"flow_dst_min_l4_payload_len":0,"flow_src_max_l4_payload_len":1444,"flow_dst_max_l4_payload_len":0,"flow_src_tot_l4_payload_len":17808,"flow_dst_tot_l4_payload_len":0,"midstream":0,"thread_ts_usec":1643703746016700,"l3_proto":"ip4","src_ip":"10.204.220.71","dst_ip":"10.204.220.171","src_port":6000,"dst_port":6000,"l4_proto":"udp","flow_datalink":1,"flow_max_packets":5,"ndpi": {"confidence": {"6":"DPI"},"proto":"RTP","proto_id":"87","proto_by_ip":"Unknown","proto_by_ip_id":0,"encrypted":0,"breed":"Acceptable","category_id":1,"category":"Media"}}
00776{"flow_event_id":1,"flow_event_name":"new","thread_id":0,"packet_id":46,"source":"cfgs\/default\/pcap\/rtp.pcapng","alias":"nDPId-test","flow_id":3,"flow_state":"info","flow_src_packets_processed":1,"flow_dst_packets_processed":0,"flow_first_seen":1643703820776166,"flow_src_last_pkt_time":1643703820776166,"flow_dst_last_pkt_time":1643703820776166,"flow_idle_time":200000000,"flow_src_min_l4_payload_len":16,"flow_dst_min_l4_payload_len":0,"flow_src_max_l4_payload_len":16,"flow_dst_max_l4_payload_len":0,"flow_src_tot_l4_payload_len":16,"flow_dst_tot_l4_payload_len":0,"midstream":0,"thread_ts_usec":1643703820776166,"l3_proto":"ip4","src_ip":"10.140.67.167","dst_ip":"148.153.85.97","src_port":55402,"dst_port":6008,"l4_proto":"udp","flow_datalink":1,"flow_max_packets":5}
00535{"packet_event_id":2,"packet_event_name":"packet-flow","thread_id":0,"packet_id":46,"source":"cfgs\/default\/pcap\/rtp.pcapng","alias":"nDPId-test","flow_id":3,"flow_packet_id":1,"flow_src_last_pkt_time":1643703820776166,"flow_dst_last_pkt_time":1643703820776166,"flow_idle_time":200000000,"pkt_datalink":1,"pkt_caplen":62,"pkt_type":2048,"pkt_l3_offset":18,"pkt_l4_offset":38,"pkt_len":62,"pkt_l4_len":24,"thread_ts_usec":1643703820776166,"pkt":"AAAAAAAAAAcAAAAIgQAF5AgARQAALGdvQAA\/EZwkCoxDp5SZVWHYahd4ABjVkQEAAAAAAAAAAAAAAAAAARw="}
00547{"packet_event_id":2,"packet_event_name":"packet-flow","thread_id":0,"packet_id":47,"source":"cfgs\/default\/pcap\/rtp.pcapng","alias":"nDPId-test","flow_id":3,"flow_packet_id":2,"flow_src_last_pkt_time":1643703820864329,"flow_dst_last_pkt_time":1643703820776166,"flow_idle_time":200000000,"pkt_datalink":1,"pkt_caplen":70,"pkt_type":2048,"pkt_l3_offset":18,"pkt_l4_offset":38,"pkt_len":70,"pkt_l4_len":32,"thread_ts_usec":1643703820864329,"pkt":"AAAAAAAAAAcAAAAIgQAF5AgARQAANGdwQABAEZsbCoxDp5SZVWHYahd4ACCGGoFvzdIeUTH\/uAl02AAAARxIC+RVvxSYfA=="}
00544{"packet_event_id":2,"packet_event_name":"packet-flow","thread_id":0,"packet_id":48,"source":"cfgs\/default\/pcap\/rtp.pcapng","alias":"nDPId-test","flow_id":3,"flow_packet_id":3,"flow_src_last_pkt_time":1643703820864329,"flow_dst_last_pkt_time":1643703820776166,"flow_idle_time":200000000,"pkt_datalink":1,"pkt_caplen":69,"pkt_type":2048,"pkt_l3_offset":18,"pkt_l4_offset":38,"pkt_len":69,"pkt_l4_len":31,"thread_ts_usec":1643703820864329,"pkt":"AAAAAAAAAAcAAAAIgQAF5AgARQAAM2d0QABAEZsYCoxDp5SZVWHYahd4AB\/BqIFvzdMeUTW\/uAl02AAAARxIBuN5wSRY"}
00543{"packet_event_id":2,"packet_event_name":"packet-flow","thread_id":0,"packet_id":49,"source":"cfgs\/default\/pcap\/rtp.pcapng","alias":"nDPId-test","flow_id":3,"flow_packet_id":4,"flow_src_last_pkt_time":1643703820864329,"flow_dst_last_pkt_time":1643703820776166,"flow_idle_time":200000000,"pkt_datalink":1,"pkt_caplen":69,"pkt_type":2048,"pkt_l3_offset":18,"pkt_l4_offset":38,"pkt_len":69,"pkt_l4_len":31,"thread_ts_usec":1643703820864329,"pkt":"AAAAAAAAAAcAAAAIgQAF5AgARQAAM2d4QABAEZsUCoxDp5SZVWHYahd4AB+954FvzdQeUTl\/uAl02AAAARxIBuN5wSRY"}
00921{"flow_event_id":7,"flow_event_name":"detected","thread_id":0,"packet_id":49,"source":"cfgs\/default\/pcap\/rtp.pcapng","alias":"nDPId-test","flow_id":3,"flow_state":"info","flow_src_packets_processed":4,"flow_dst_packets_processed":0,"flow_first_seen":1643703820776166,"flow_src_last_pkt_time":1643703820864329,"flow_dst_last_pkt_time":1643703820776166,"flow_idle_time":200000000,"flow_src_min_l4_payload_len":16,"flow_dst_min_l4_payload_len":0,"flow_src_max_l4_payload_len":24,"flow_dst_max_l4_payload_len":0,"flow_src_tot_l4_payload_len":86,"flow_dst_tot_l4_payload_len":0,"midstream":0,"thread_ts_usec":1643703820864329,"l3_proto":"ip4","src_ip":"10.140.67.167","dst_ip":"148.153.85.97","src_port":55402,"dst_port":6008,"l4_proto":"udp","ndpi": {"confidence": {"6":"DPI"},"proto":"RTP","proto_id":"87","proto_by_ip":"Unknown","proto_by_ip_id":0,"encrypted":0,"breed":"Acceptable","category_id":1,"category":"Media"}}
00547{"packet_event_id":2,"packet_event_name":"packet-flow","thread_id":0,"packet_id":50,"source":"cfgs\/default\/pcap\/rtp.pcapng","alias":"nDPId-test","flow_id":3,"flow_packet_id":5,"flow_src_last_pkt_time":1643703820864329,"flow_dst_last_pkt_time":1643703820776166,"flow_idle_time":200000000,"pkt_datalink":1,"pkt_caplen":70,"pkt_type":2048,"pkt_l3_offset":18,"pkt_l4_offset":38,"pkt_len":70,"pkt_l4_len":32,"thread_ts_usec":1643703820864329,"pkt":"AAAAAAAAAAcAAAAIgQAF5AgARQAANGd7QABAEZsQCoxDp5SZVWHYahd4ACClNIFvzdUeUT0\/uAl02AAAARxIBuNyJ9wGQA=="}
00981{"flow_event_id":3,"flow_event_name":"idle","thread_id":0,"packet_id":75,"source":"cfgs\/default\/pcap\/rtp.pcapng","alias":"nDPId-test","flow_id":2,"flow_state":"finished","flow_src_packets_processed":11,"flow_dst_packets_processed":19,"flow_first_seen":1643703745877296,"flow_src_last_pkt_time":1643703746016700,"flow_dst_last_pkt_time":1643703746015681,"flow_idle_time":200000000,"flow_src_min_l4_payload_len":43,"flow_dst_min_l4_payload_len":0,"flow_src_max_l4_payload_len":165,"flow_dst_max_l4_payload_len":1104,"flow_src_tot_l4_payload_len":993,"flow_dst_tot_l4_payload_len":13839,"midstream":0,"thread_ts_usec":1643703821596170,"l3_proto":"ip4","src_ip":"150.219.118.19","dst_ip":"192.113.193.227","src_port":54234,"dst_port":50003,"l4_proto":"udp","flow_datalink":1,"flow_max_packets":5,"ndpi": {"confidence": {"6":"DPI"},"proto":"Discord","proto_id":"58","proto_by_ip":"Unknown","proto_by_ip_id":0,"encrypted":1,"breed":"Fun","category_id":15,"category":"Collaborative"}}
00962{"flow_event_id":3,"flow_event_name":"idle","thread_id":0,"packet_id":75,"source":"cfgs\/default\/pcap\/rtp.pcapng","alias":"nDPId-test","flow_id":3,"flow_state":"finished","flow_src_packets_processed":30,"flow_dst_packets_processed":0,"flow_first_seen":1643703820776166,"flow_src_last_pkt_time":1643703821596170,"flow_dst_last_pkt_time":1643703820776166,"flow_idle_time":200000000,"flow_src_min_l4_payload_len":16,"flow_dst_min_l4_payload_len":0,"flow_src_max_l4_payload_len":60,"flow_dst_max_l4_payload_len":0,"flow_src_tot_l4_payload_len":801,"flow_dst_tot_l4_payload_len":0,"midstream":0,"thread_ts_usec":1643703821596170,"l3_proto":"ip4","src_ip":"10.140.67.167","dst_ip":"148.153.85.97","src_port":55402,"dst_port":6008,"l4_proto":"udp","flow_datalink":1,"flow_max_packets":5,"ndpi": {"confidence": {"6":"DPI"},"proto":"RTP","proto_id":"87","proto_by_ip":"Unknown","proto_by_ip_id":0,"encrypted":0,"breed":"Acceptable","category_id":1,"category":"Media"}}
00794{"daemon_event_id":3,"daemon_event_name":"shutdown","thread_id":0,"packet_id":75,"source":"cfgs\/default\/pcap\/rtp.pcapng","alias":"nDPId-test","version":"1.6.0","ndpi_version":"4.9.0-4628-142c8f5","packets-captured":75,"packets-processed":75,"pfring_active":false,"pfring_recv":0,"pfring_drop":0,"pfring_shunt":0,"total-skipped-flows":0,"total-l4-payload-len":33441,"total-not-detected-flows":0,"total-guessed-flows":0,"total-detected-flows":3,"total-detection-updates":0,"total-updates":0,"current-active-flows":0,"total-active-flows":3,"total-idle-flows":3,"total-compressions":0,"total-compression-diff":0,"current-compression-diff":0,"global-alloc-count":0,"global-free-count":0,"global-alloc-bytes":0,"global-free-bytes":0,"total-events-serialized":28,"global_ts_usec":1643703821596170}
~~~~~~~~~~~~~~~~~~~~ SUMMARY ~~~~~~~~~~~~~~~~~~~~
~~ packets captured/processed: 75/75
~~ skipped flows.............: 0
~~ total layer4 data length..: 33441 bytes
~~ total detected protocols..: 3
~~ total active/idle flows...: 3/3
~~ total timeout flows.......: 0
~~~~~~~~~~~~~~~~~~~~~~~~~~~~~~~~~~~~~~~~~~~~~~~~~
~~ total memory allocated....: 5504561 bytes
~~ total memory freed........: 5504561 bytes
~~ total allocations/frees...: 85958/85958
~~~~~~~~~~~~~~~~~~~~~~~~~~~~~~~~~~~~~~~~~~~~~~~~~
~~ json message min len.......: 540 chars
~~ json message max len.......: 2487 chars
~~ json message avg len.......: 1513 chars
