00558{"daemon_event_id":1,"daemon_event_name":"init","thread_id":0,"packet_id":0,"source":"cfgs\/default\/pcap\/ssh.pcap","alias":"nDPId-test","version":"1.6.0","ndpi_version":"4.9.0-4628-142c8f5","max-flows-per-thread":2048,"max-idle-flows-per-thread":64,"reader-thread-count":1,"flow-scan-interval":10000000,"generic-max-idle-time":600000000,"icmp-max-idle-time":120000000,"udp-max-idle-time":180000000,"tcp-max-idle-time":7560000000,"max-packets-per-flow-to-send":5,"max-packets-per-flow-to-process":32,"max-packets-per-flow-to-analyse":32,"global_ts_usec":0}
00782{"daemon_event_id":4,"daemon_event_name":"status","thread_id":0,"packet_id":1,"source":"cfgs\/default\/pcap\/ssh.pcap","alias":"nDPId-test","version":"1.6.0","ndpi_version":"4.9.0-4628-142c8f5","packets-captured":1,"packets-processed":0,"pfring_active":false,"pfring_recv":0,"pfring_drop":0,"pfring_shunt":0,"total-skipped-flows":0,"total-l4-payload-len":0,"total-not-detected-flows":0,"total-guessed-flows":0,"total-detected-flows":0,"total-detection-updates":0,"total-updates":0,"current-active-flows":0,"total-active-flows":0,"total-idle-flows":0,"total-compressions":0,"total-compression-diff":0,"current-compression-diff":0,"global-alloc-count":0,"global-free-count":0,"global-alloc-bytes":0,"global-free-bytes":0,"total-events-serialized":2,"global_ts_usec":1320435464760244}
00769{"flow_event_id":1,"flow_event_name":"new","thread_id":0,"packet_id":1,"source":"cfgs\/default\/pcap\/ssh.pcap","alias":"nDPId-test","flow_id":1,"flow_state":"info","flow_src_packets_processed":1,"flow_dst_packets_processed":0,"flow_first_seen":1320435464760244,"flow_src_last_pkt_time":1320435464760244,"flow_dst_last_pkt_time":1320435464760244,"flow_idle_time":7580000000,"flow_src_min_l4_payload_len":0,"flow_dst_min_l4_payload_len":0,"flow_src_max_l4_payload_len":0,"flow_dst_max_l4_payload_len":0,"flow_src_tot_l4_payload_len":0,"flow_dst_tot_l4_payload_len":0,"midstream":0,"thread_ts_usec":1320435464760244,"l3_proto":"ip4","src_ip":"172.16.238.1","dst_ip":"172.16.238.168","src_port":58395,"dst_port":22,"l4_proto":"tcp","flow_datalink":1,"flow_max_packets":5}
00554{"packet_event_id":2,"packet_event_name":"packet-flow","thread_id":0,"packet_id":1,"source":"cfgs\/default\/pcap\/ssh.pcap","alias":"nDPId-test","flow_id":1,"flow_packet_id":1,"flow_src_last_pkt_time":1320435464760244,"flow_dst_last_pkt_time":1320435464760244,"flow_idle_time":7580000000,"pkt_datalink":1,"pkt_caplen":78,"pkt_type":2048,"pkt_l3_offset":14,"pkt_l4_offset":34,"pkt_len":78,"pkt_l4_len":44,"thread_ts_usec":1320435464760244,"pkt":"AAwppUXgAFBWwAAICABFAABAek9AAEAGi52sEO4BrBDuqOQbABY3Xn+qAAAAALAC\/\/+abgAAAgQFtAEDAwMBAQgKHJWv9QAAAAAEAgAA"}
00549{"packet_event_id":2,"packet_event_name":"packet-flow","thread_id":0,"packet_id":2,"source":"cfgs\/default\/pcap\/ssh.pcap","alias":"nDPId-test","flow_id":1,"flow_packet_id":2,"flow_src_last_pkt_time":1320435464760244,"flow_dst_last_pkt_time":1320435464760270,"flow_idle_time":7580000000,"pkt_datalink":1,"pkt_caplen":74,"pkt_type":2048,"pkt_l3_offset":14,"pkt_l4_offset":34,"pkt_len":74,"pkt_l4_len":40,"thread_ts_usec":1320435464760270,"pkt":"AFBWwAAIAAwppUXgCABFAAA8AABAAEAGBfGsEO6orBDuAQAW5BtConY2N15\/q6ASFqC42wAAAgQFtAQCCAoAEyL4HJWv9QEDAwY="}
00540{"packet_event_id":2,"packet_event_name":"packet-flow","thread_id":0,"packet_id":3,"source":"cfgs\/default\/pcap\/ssh.pcap","alias":"nDPId-test","flow_id":1,"flow_packet_id":3,"flow_src_last_pkt_time":1320435464760285,"flow_dst_last_pkt_time":1320435464760270,"flow_idle_time":7580000000,"pkt_datalink":1,"pkt_caplen":66,"pkt_type":2048,"pkt_l3_offset":14,"pkt_l4_offset":34,"pkt_len":66,"pkt_l4_len":32,"thread_ts_usec":1320435464760285,"pkt":"AAwppUXgAFBWwAAICABFAAA0xzVAAEAGPsOsEO4BrBDuqOQbABY3Xn+rQqJ2N4AQ\/\/\/+RgAAAQEIChyVr\/UAEyL4"}
00566{"packet_event_id":2,"packet_event_name":"packet-flow","thread_id":0,"packet_id":4,"source":"cfgs\/default\/pcap\/ssh.pcap","alias":"nDPId-test","flow_id":1,"flow_packet_id":4,"flow_src_last_pkt_time":1320435464760285,"flow_dst_last_pkt_time":1320435464768382,"flow_idle_time":7580000000,"pkt_datalink":1,"pkt_caplen":87,"pkt_type":2048,"pkt_l3_offset":14,"pkt_l4_offset":34,"pkt_len":87,"pkt_l4_len":53,"thread_ts_usec":1320435464768382,"pkt":"AFBWwAAIAAwppUXgCABFAABJVM9AAEAGsRSsEO6orBDuAQAW5BtConY3N15\/q4AYAFs9HQAAAQEICgATIwEcla\/1U1NILTIuMC1PcGVuU1NIXzUuMw0K"}
01165{"flow_event_id":7,"flow_event_name":"detected","thread_id":0,"packet_id":4,"source":"cfgs\/default\/pcap\/ssh.pcap","alias":"nDPId-test","flow_id":1,"flow_state":"info","flow_src_packets_processed":2,"flow_dst_packets_processed":2,"flow_first_seen":1320435464760244,"flow_src_last_pkt_time":1320435464760285,"flow_dst_last_pkt_time":1320435464768382,"flow_idle_time":7580000000,"flow_src_min_l4_payload_len":0,"flow_dst_min_l4_payload_len":0,"flow_src_max_l4_payload_len":0,"flow_dst_max_l4_payload_len":21,"flow_src_tot_l4_payload_len":0,"flow_dst_tot_l4_payload_len":21,"midstream":0,"thread_ts_usec":1320435464768382,"l3_proto":"ip4","src_ip":"172.16.238.1","dst_ip":"172.16.238.168","src_port":58395,"dst_port":22,"l4_proto":"tcp","ndpi": {"flow_risk": {"18": {"risk":"SSH Obsolete Cli Vers\/Cipher","severity":"High","risk_score": {"total":300,"client":210,"server":90}}},"confidence": {"6":"DPI"},"proto":"SSH","proto_id":"92","proto_by_ip":"Unknown","proto_by_ip_id":0,"encrypted":1,"breed":"Acceptable","category_id":12,"category":"RemoteAccess","ssh": {"client_signature":"SSH-2.0-OpenSSH_5.3","server_signature":"","hassh_client":"","hassh_server":""}}}
00540{"packet_event_id":2,"packet_event_name":"packet-flow","thread_id":0,"packet_id":5,"source":"cfgs\/default\/pcap\/ssh.pcap","alias":"nDPId-test","flow_id":1,"flow_packet_id":5,"flow_src_last_pkt_time":1320435464768431,"flow_dst_last_pkt_time":1320435464768382,"flow_idle_time":7580000000,"pkt_datalink":1,"pkt_caplen":66,"pkt_type":2048,"pkt_l3_offset":14,"pkt_l4_offset":34,"pkt_len":66,"pkt_l4_len":32,"thread_ts_usec":1320435464768431,"pkt":"AAwppUXgAFBWwAAICABFAAA0YDlAAEAGpb+sEO4BrBDuqOQbABY3Xn+rQqJ2TIAQ\/\/\/+HgAAAQEIChyVr\/8AEyMB"}
01173{"flow_event_id":8,"flow_event_name":"detection-update","thread_id":0,"packet_id":5,"source":"cfgs\/default\/pcap\/ssh.pcap","alias":"nDPId-test","flow_id":1,"flow_state":"info","flow_src_packets_processed":3,"flow_dst_packets_processed":2,"flow_first_seen":1320435464760244,"flow_src_last_pkt_time":1320435464768431,"flow_dst_last_pkt_time":1320435464768382,"flow_idle_time":7580000000,"flow_src_min_l4_payload_len":0,"flow_dst_min_l4_payload_len":0,"flow_src_max_l4_payload_len":0,"flow_dst_max_l4_payload_len":21,"flow_src_tot_l4_payload_len":0,"flow_dst_tot_l4_payload_len":21,"midstream":0,"thread_ts_usec":1320435464768431,"l3_proto":"ip4","src_ip":"172.16.238.1","dst_ip":"172.16.238.168","src_port":58395,"dst_port":22,"l4_proto":"tcp","ndpi": {"flow_risk": {"18": {"risk":"SSH Obsolete Cli Vers\/Cipher","severity":"High","risk_score": {"total":300,"client":210,"server":90}}},"confidence": {"6":"DPI"},"proto":"SSH","proto_id":"92","proto_by_ip":"Unknown","proto_by_ip_id":0,"encrypted":1,"breed":"Acceptable","category_id":12,"category":"RemoteAccess","ssh": {"client_signature":"SSH-2.0-OpenSSH_5.3","server_signature":"","hassh_client":"","hassh_server":""}}}
01314{"flow_event_id":8,"flow_event_name":"detection-update","thread_id":0,"packet_id":6,"source":"cfgs\/default\/pcap\/ssh.pcap","alias":"nDPId-test","flow_id":1,"flow_state":"info","flow_src_packets_processed":4,"flow_dst_packets_processed":2,"flow_first_seen":1320435464760244,"flow_src_last_pkt_time":1320435464768726,"flow_dst_last_pkt_time":1320435464768382,"flow_idle_time":7580000000,"flow_src_min_l4_payload_len":0,"flow_dst_min_l4_payload_len":0,"flow_src_max_l4_payload_len":21,"flow_dst_max_l4_payload_len":21,"flow_src_tot_l4_payload_len":21,"flow_dst_tot_l4_payload_len":21,"midstream":0,"thread_ts_usec":1320435464768726,"l3_proto":"ip4","src_ip":"172.16.238.1","dst_ip":"172.16.238.168","src_port":58395,"dst_port":22,"l4_proto":"tcp","ndpi": {"flow_risk": {"18": {"risk":"SSH Obsolete Cli Vers\/Cipher","severity":"High","risk_score": {"total":300,"client":210,"server":90}},"19": {"risk":"SSH Obsolete Ser Vers\/Cipher","severity":"Medium","risk_score": {"total":310,"client":215,"server":95}}},"confidence": {"6":"DPI"},"proto":"SSH","proto_id":"92","proto_by_ip":"Unknown","proto_by_ip_id":0,"encrypted":1,"breed":"Acceptable","category_id":12,"category":"RemoteAccess","ssh": {"client_signature":"SSH-2.0-OpenSSH_5.3","server_signature":"SSH-2.0-OpenSSH_5.6","hassh_client":"","hassh_server":""}}}
01348{"flow_event_id":8,"flow_event_name":"detection-update","thread_id":0,"packet_id":8,"source":"cfgs\/default\/pcap\/ssh.pcap","alias":"nDPId-test","flow_id":1,"flow_state":"info","flow_src_packets_processed":5,"flow_dst_packets_processed":3,"flow_first_seen":1320435464760244,"flow_src_last_pkt_time":1320435464769196,"flow_dst_last_pkt_time":1320435464769170,"flow_idle_time":7580000000,"flow_src_min_l4_payload_len":0,"flow_dst_min_l4_payload_len":0,"flow_src_max_l4_payload_len":904,"flow_dst_max_l4_payload_len":21,"flow_src_tot_l4_payload_len":925,"flow_dst_tot_l4_payload_len":21,"midstream":0,"thread_ts_usec":1320435464769196,"l3_proto":"ip4","src_ip":"172.16.238.1","dst_ip":"172.16.238.168","src_port":58395,"dst_port":22,"l4_proto":"tcp","ndpi": {"flow_risk": {"18": {"risk":"SSH Obsolete Cli Vers\/Cipher","severity":"High","risk_score": {"total":300,"client":210,"server":90}},"19": {"risk":"SSH Obsolete Ser Vers\/Cipher","severity":"Medium","risk_score": {"total":310,"client":215,"server":95}}},"confidence": {"6":"DPI"},"proto":"SSH","proto_id":"92","proto_by_ip":"Unknown","proto_by_ip_id":0,"encrypted":1,"breed":"Acceptable","category_id":12,"category":"RemoteAccess","ssh": {"client_signature":"SSH-2.0-OpenSSH_5.3","server_signature":"SSH-2.0-OpenSSH_5.6","hassh_client":"21B457A327CE7A2D4FCE5EF2C42400BD","hassh_server":""}}}
01383{"flow_event_id":8,"flow_event_name":"detection-update","thread_id":0,"packet_id":10,"source":"cfgs\/default\/pcap\/ssh.pcap","alias":"nDPId-test","flow_id":1,"flow_state":"info","flow_src_packets_processed":5,"flow_dst_packets_processed":5,"flow_first_seen":1320435464760244,"flow_src_last_pkt_time":1320435464769196,"flow_dst_last_pkt_time":1320435464770779,"flow_idle_time":7580000000,"flow_src_min_l4_payload_len":0,"flow_dst_min_l4_payload_len":0,"flow_src_max_l4_payload_len":904,"flow_dst_max_l4_payload_len":784,"flow_src_tot_l4_payload_len":925,"flow_dst_tot_l4_payload_len":805,"midstream":0,"thread_ts_usec":1320435464770779,"l3_proto":"ip4","src_ip":"172.16.238.1","dst_ip":"172.16.238.168","src_port":58395,"dst_port":22,"l4_proto":"tcp","ndpi": {"flow_risk": {"18": {"risk":"SSH Obsolete Cli Vers\/Cipher","severity":"High","risk_score": {"total":300,"client":210,"server":90}},"19": {"risk":"SSH Obsolete Ser Vers\/Cipher","severity":"Medium","risk_score": {"total":310,"client":215,"server":95}}},"confidence": {"6":"DPI"},"proto":"SSH","proto_id":"92","proto_by_ip":"Unknown","proto_by_ip_id":0,"encrypted":1,"breed":"Acceptable","category_id":12,"category":"RemoteAccess","ssh": {"client_signature":"SSH-2.0-OpenSSH_5.3","server_signature":"SSH-2.0-OpenSSH_5.6","hassh_client":"21B457A327CE7A2D4FCE5EF2C42400BD","hassh_server":"B1C6C0D56317555B85C7005A3DE29325"}}}
02425{"flow_event_id":5,"flow_event_name":"analyse","thread_id":0,"packet_id":32,"source":"cfgs\/default\/pcap\/ssh.pcap","alias":"nDPId-test","flow_id":1,"flow_state":"finished","flow_src_packets_processed":18,"flow_dst_packets_processed":14,"flow_first_seen":1320435464760244,"flow_src_last_pkt_time":1320435472330349,"flow_dst_last_pkt_time":1320435469423179,"flow_idle_time":7580000000,"flow_src_min_l4_payload_len":0,"flow_dst_min_l4_payload_len":0,"flow_src_max_l4_payload_len":904,"flow_dst_max_l4_payload_len":784,"flow_src_tot_l4_payload_len":1509,"flow_dst_tot_l4_payload_len":1885,"midstream":0,"thread_ts_usec":1320435472330349,"l3_proto":"ip4","src_ip":"172.16.238.1","dst_ip":"172.16.238.168","src_port":58395,"dst_port":22,"l4_proto":"tcp","flow_datalink":1,"flow_max_packets":5,"data_analysis": {"iat": {"min":26,"avg":394614.2,"max":2907110,"stddev":888738.9,"var":789856780288.0,"ent":2.5,"data": [26,41,8112,8146,295,788,470,140,1469,1611,306,1791,1560,1614,14729,13069,1842,42337,40496,170,257,393,251,40593,51194,91555,2632288,2632557,1868772,1869058,2907110]},"pktlen": {"min":52,"avg":158.7,"max":956,"stddev":230.1,"var":52961.8,"ent":4.1,"data": [64,60,52,73,52,73,52,956,52,836,52,76,204,52,196,772,52,68,52,100,52,100,52,116,52,132,52,196,52,132,52,196]},"bins": {"c_to_s": [12,1,1,0,3,0,0,0,0,0,0,0,0,0,0,0,0,0,0,0,0,0,0,0,0,0,0,0,1,0,0,0,0,0,0,0,0,0,0,0,0,0,0,0,0,0,0,0],"s_to_c": [8,1,2,0,1,0,0,0,0,0,0,0,0,0,0,0,0,0,0,0,0,0,1,0,1,0,0,0,0,0,0,0,0,0,0,0,0,0,0,0,0,0,0,0,0,0,0,0]},"directions": [0,1,0,1,0,0,1,0,1,1,0,0,1,0,0,1,0,0,1,0,1,1,0,0,1,1,0,0,1,1,0,0],"entropies": [4.495864868,5.031404495,4.947339535,5.395304680,4.870416641,5.379396915,4.940637589,5.147055149,4.940637589,5.183596134,4.923395157,4.404554367,6.511710644,4.985801220,6.696379662,7.508841991,4.884933472,4.511087418,4.815073490,5.981212139,4.902175903,6.028761387,4.894361019,6.251031399,4.940637589,6.350845814,4.932822704,6.810175419,4.853535175,6.303876877,4.902175426,6.814750671]},"ndpi": {"flow_risk": {"18": {"risk":"SSH Obsolete Cli Vers\/Cipher","severity":"High","risk_score": {"total":300,"client":210,"server":90}},"19": {"risk":"SSH Obsolete Ser Vers\/Cipher","severity":"Medium","risk_score": {"total":310,"client":215,"server":95}}},"confidence": {"6":"DPI"},"proto":"SSH","proto_id":"92","proto_by_ip":"Unknown","proto_by_ip_id":0,"encrypted":1,"breed":"Acceptable","category_id":12,"category":"RemoteAccess"}}
01230{"flow_event_id":2,"flow_event_name":"end","thread_id":0,"packet_id":258,"source":"cfgs\/default\/pcap\/ssh.pcap","alias":"nDPId-test","flow_id":1,"flow_state":"finished","flow_src_packets_processed":159,"flow_dst_packets_processed":99,"flow_first_seen":1320435464760244,"flow_src_last_pkt_time":1320435713237065,"flow_dst_last_pkt_time":1320435713237024,"flow_idle_time":7580000000,"flow_src_min_l4_payload_len":0,"flow_dst_min_l4_payload_len":0,"flow_src_max_l4_payload_len":904,"flow_dst_max_l4_payload_len":1280,"flow_src_tot_l4_payload_len":5109,"flow_dst_tot_l4_payload_len":13389,"midstream":0,"thread_ts_usec":1320435713237065,"l3_proto":"ip4","src_ip":"172.16.238.1","dst_ip":"172.16.238.168","src_port":58395,"dst_port":22,"l4_proto":"tcp","flow_datalink":1,"flow_max_packets":5,"ndpi": {"flow_risk": {"18": {"risk":"SSH Obsolete Cli Vers\/Cipher","severity":"High","risk_score": {"total":300,"client":210,"server":90}},"19": {"risk":"SSH Obsolete Ser Vers\/Cipher","severity":"Medium","risk_score": {"total":310,"client":215,"server":95}}},"confidence": {"6":"DPI"},"proto":"SSH","proto_id":"92","proto_by_ip":"Unknown","proto_by_ip_id":0,"encrypted":1,"breed":"Acceptable","category_id":12,"category":"RemoteAccess"}}
00795{"daemon_event_id":3,"daemon_event_name":"shutdown","thread_id":0,"packet_id":258,"source":"cfgs\/default\/pcap\/ssh.pcap","alias":"nDPId-test","version":"1.6.0","ndpi_version":"4.9.0-4628-142c8f5","packets-captured":258,"packets-processed":258,"pfring_active":false,"pfring_recv":0,"pfring_drop":0,"pfring_shunt":0,"total-skipped-flows":0,"total-l4-payload-len":18498,"total-not-detected-flows":0,"total-guessed-flows":0,"total-detected-flows":1,"total-detection-updates":4,"total-updates":0,"current-active-flows":0,"total-active-flows":1,"total-idle-flows":1,"total-compressions":0,"total-compression-diff":0,"current-compression-diff":0,"global-alloc-count":0,"global-free-count":0,"global-alloc-bytes":0,"global-free-bytes":0,"total-events-serialized":16,"global_ts_usec":1320435713237065}
~~~~~~~~~~~~~~~~~~~~ SUMMARY ~~~~~~~~~~~~~~~~~~~~
~~ packets captured/processed: 258/258
~~ skipped flows.............: 0
~~ total layer4 data length..: 18498 bytes
~~ total detected protocols..: 1
~~ total active/idle flows...: 1/1
~~ total timeout flows.......: 0
~~~~~~~~~~~~~~~~~~~~~~~~~~~~~~~~~~~~~~~~~~~~~~~~~
~~ total memory allocated....: 5507531 bytes
~~ total memory freed........: 5507531 bytes
~~ total allocations/frees...: 86124/86124
~~~~~~~~~~~~~~~~~~~~~~~~~~~~~~~~~~~~~~~~~~~~~~~~~
~~ json message min len.......: 545 chars
~~ json message max len.......: 2430 chars
~~ json message avg len.......: 1418 chars
