00570{"daemon_event_id":1,"daemon_event_name":"init","thread_id":0,"packet_id":0,"source":"cfgs\/default\/pcap\/stun_dtls_rtp.pcapng","alias":"nDPId-test","version":"1.6.0","ndpi_version":"4.9.0-4628-142c8f5","max-flows-per-thread":2048,"max-idle-flows-per-thread":64,"reader-thread-count":1,"flow-scan-interval":10000000,"generic-max-idle-time":600000000,"icmp-max-idle-time":120000000,"udp-max-idle-time":180000000,"tcp-max-idle-time":7560000000,"max-packets-per-flow-to-send":5,"max-packets-per-flow-to-process":32,"max-packets-per-flow-to-analyse":32,"global_ts_usec":0}
00794{"daemon_event_id":4,"daemon_event_name":"status","thread_id":0,"packet_id":1,"source":"cfgs\/default\/pcap\/stun_dtls_rtp.pcapng","alias":"nDPId-test","version":"1.6.0","ndpi_version":"4.9.0-4628-142c8f5","packets-captured":1,"packets-processed":0,"pfring_active":false,"pfring_recv":0,"pfring_drop":0,"pfring_shunt":0,"total-skipped-flows":0,"total-l4-payload-len":0,"total-not-detected-flows":0,"total-guessed-flows":0,"total-detected-flows":0,"total-detection-updates":0,"total-updates":0,"current-active-flows":0,"total-active-flows":0,"total-idle-flows":0,"total-compressions":0,"total-compression-diff":0,"current-compression-diff":0,"global-alloc-count":0,"global-free-count":0,"global-alloc-bytes":0,"global-free-bytes":0,"total-events-serialized":2,"global_ts_usec":1669989925164266}
00790{"flow_event_id":1,"flow_event_name":"new","thread_id":0,"packet_id":1,"source":"cfgs\/default\/pcap\/stun_dtls_rtp.pcapng","alias":"nDPId-test","flow_id":1,"flow_state":"info","flow_src_packets_processed":1,"flow_dst_packets_processed":0,"flow_first_seen":1669989925164266,"flow_src_last_pkt_time":1669989925164266,"flow_dst_last_pkt_time":1669989925164266,"flow_idle_time":200000000,"flow_src_min_l4_payload_len":116,"flow_dst_min_l4_payload_len":0,"flow_src_max_l4_payload_len":116,"flow_dst_max_l4_payload_len":0,"flow_src_tot_l4_payload_len":116,"flow_dst_tot_l4_payload_len":0,"midstream":0,"thread_ts_usec":1669989925164266,"l3_proto":"ip4","src_ip":"192.168.12.156","dst_ip":"142.250.82.76","src_port":37967,"dst_port":19305,"l4_proto":"udp","flow_datalink":1,"flow_max_packets":5}
00676{"packet_event_id":2,"packet_event_name":"packet-flow","thread_id":0,"packet_id":1,"source":"cfgs\/default\/pcap\/stun_dtls_rtp.pcapng","alias":"nDPId-test","flow_id":1,"flow_packet_id":1,"flow_src_last_pkt_time":1669989925164266,"flow_dst_last_pkt_time":1669989925164266,"flow_idle_time":200000000,"pkt_datalink":1,"pkt_caplen":158,"pkt_type":2048,"pkt_l3_offset":14,"pkt_l4_offset":34,"pkt_len":158,"pkt_l4_len":124,"thread_ts_usec":1669989925164266,"pkt":"CL6sCxduJjb1W8R1CABFAACQVjZAAEARNZzAqAycjvpSTJRPS2kAfJZwAAEAYCESpEJvNlNoU1VSSmhORmsABgAfZWEzV3RfOWFBU29vZWdvS0FBaUtBaUFERUE6OGpiNgDAVwAEAAMACoAqAAjHmPZBrcBKnwAkAARufx7\/AAgAFFXMCO6dEOYzzYk4Nclzw7fn\/+udgCgABEyaSoM="}
01098{"flow_event_id":7,"flow_event_name":"detected","thread_id":0,"packet_id":1,"source":"cfgs\/default\/pcap\/stun_dtls_rtp.pcapng","alias":"nDPId-test","flow_id":1,"flow_state":"info","flow_src_packets_processed":1,"flow_dst_packets_processed":0,"flow_first_seen":1669989925164266,"flow_src_last_pkt_time":1669989925164266,"flow_dst_last_pkt_time":1669989925164266,"flow_idle_time":200000000,"flow_src_min_l4_payload_len":116,"flow_dst_min_l4_payload_len":0,"flow_src_max_l4_payload_len":116,"flow_dst_max_l4_payload_len":0,"flow_src_tot_l4_payload_len":116,"flow_dst_tot_l4_payload_len":0,"midstream":0,"thread_ts_usec":1669989925164266,"l3_proto":"ip4","src_ip":"192.168.12.156","dst_ip":"142.250.82.76","src_port":37967,"dst_port":19305,"l4_proto":"udp","ndpi": {"flow_risk": {"5": {"risk":"Known Proto on Non Std Port","severity":"Medium","risk_score": {"total":160,"client":140,"server":20}}},"confidence": {"6":"DPI"},"proto":"STUN.GoogleCall","proto_id":"78.404","proto_by_ip":"Google","proto_by_ip_id":126,"encrypted":0,"breed":"Acceptable","category_id":10,"category":"VoIP","hostname":""}}
00654{"packet_event_id":2,"packet_event_name":"packet-flow","thread_id":0,"packet_id":2,"source":"cfgs\/default\/pcap\/stun_dtls_rtp.pcapng","alias":"nDPId-test","flow_id":1,"flow_packet_id":2,"flow_src_last_pkt_time":1669989925164266,"flow_dst_last_pkt_time":1669989925187720,"flow_idle_time":200000000,"pkt_datalink":1,"pkt_caplen":142,"pkt_type":2048,"pkt_l3_offset":14,"pkt_l4_offset":34,"pkt_len":142,"pkt_l4_len":108,"thread_ts_usec":1669989925187720,"pkt":"Jjb1W8R1CL6sCxduCABFgACAAAAAACkR4mKO+lJMwKgMnEtplE8AbJ74AQEAUCESpEJvNlNoU1VSSmhORmsABgAfZWEzV3RfOWFBU29vZWdvS0FBaUtBaUFERUE6OGpiNgAAIAAIAAHRcnwxD0EACAAUJIx1+vxTzWOyfafF9tFkzZIBE8qAKAAEKQoUxA=="}
00734{"packet_event_id":2,"packet_event_name":"packet-flow","thread_id":0,"packet_id":3,"source":"cfgs\/default\/pcap\/stun_dtls_rtp.pcapng","alias":"nDPId-test","flow_id":1,"flow_packet_id":3,"flow_src_last_pkt_time":1669989925221418,"flow_dst_last_pkt_time":1669989925187720,"flow_idle_time":200000000,"pkt_datalink":1,"pkt_caplen":199,"pkt_type":2048,"pkt_l3_offset":14,"pkt_l4_offset":34,"pkt_len":199,"pkt_l4_len":165,"thread_ts_usec":1669989925221418,"pkt":"CL6sCxduJjb1W8R1CABFAAC5VjpAAEARNW\/AqAycjvpSTJRPS2kApScvFv7\/AAAAAAAAAAAAkAEAAIQAAAAAAAAAhP79S\/RrlK87INy3ylIzfu8bizsUmZbJs1gA0ekqf6irQH0AAAAWwCvAL8ypzKjACcATwArAFACcAC8ANQEAAEQAFwAA\/wEAAQAACgAIAAYAHQAXABgACwACAQAAIwAAAA0AFAASBAMIBAQBBQMIBQUBCAYGAQIBAA4ACQAGAAEACAAHAA=="}
02145{"packet_event_id":2,"packet_event_name":"packet-flow","thread_id":0,"packet_id":4,"source":"cfgs\/default\/pcap\/stun_dtls_rtp.pcapng","alias":"nDPId-test","flow_id":1,"flow_packet_id":4,"flow_src_last_pkt_time":1669989925221418,"flow_dst_last_pkt_time":1669989925246353,"flow_idle_time":200000000,"pkt_datalink":1,"pkt_caplen":1245,"pkt_type":2048,"pkt_l3_offset":14,"pkt_l4_offset":34,"pkt_len":1245,"pkt_l4_len":1211,"thread_ts_usec":1669989925246353,"pkt":"Jjb1W8R1CL6sCxduCABFgATPAAAAACkR3hOO+lJMwKgMnEtplE8Eu\/g7Fv79AAAAAAAAAAAAUAIAAEQAAAAAAAAARP79Y4oGJZyFb5JepAe9szJjjByvKZ37cPqVErYZyM765YAAwC8AABwAFwAA\/wEAAQAACwACAQAAIwAAAA4ABQACAAgAFv79AAAAAAAAAAECvQsAArEAAQAAAAACsQACrgACqzCCAqcwggGPoAMCAQICCQC8uqOs09h3+zANBgkqhkiG9w0BAQsFADATMREwDwYDVQQDDAhoYW5nb3V0czAeFw0yMjExMzAxNzM1MThaFw0yMzEyMDExNzM1MThaMBMxETAPBgNVBAMMCGhhbmdvdXRzMIIBIjANBgkqhkiG9w0BAQEFAAOCAQ8AMIIBCgKCAQEAq1yxLV4kqNHdkASeF5xg7eBecoZkE9HEL3CyKnnV5t7toYNS4OeGhbcQbMPNSDSOnmlHbqdcw6ZEJuQgiDVPLlIYRs\/6teD1Rrh95uPxCli\/eawXofQ+85GwLd8HPu\/1Tf1KkdH7bTnI5ggNxJzvUIn7OvPEXLAxPOh7I3RCas4Cd7k+Oz1YQmbnYZfKYy3jnzIQ+h556EgecvjI9tDtX+SanJAa9c9M8yzK9YkbAGCSQV5haW7yBvttXD17QF64g2wM65j0g3uTJ7UrtyneMAht0I4sc8aCq7AhuwJnWwhakL3taKN6y6c2q98Okz0ECUeQ60147X\/ysmxI0vfS3wIDAQABMA0GCSqGSIb3DQEBCwUAA4IBAQAtFce+YJ3fArKQ4fKZHaF7w6Kn2kogyZChKZ\/Hr8mqr4iyQ2HgF5a8PPh\/BB+aDDMa7k4IZueAjh2a\/Y+Q0YKmwP4sMWrhKZjyg7loocB2Z93+BngDSUrNEnyPyOCN9ZeSj5sPLdOKtCQveKhJ+JpqKozl98tw1LmmE96d9gwb8f6Jld\/hD\/ZPjp3oucWhOyUvDDg08IOTCFjgw\/DGttdJzZkBMJyh7kfx4YrHfF2HYOOyG44BVLSsU+mtF8zjy4+slDyAC9GrxyBkpvINa2tR2uuH0fel3keaZjEPRwf6GZDs55po6e3PVX9sXBZAq9CvabFKHqC+YA5YP3U1cKkrFv79AAAAAAAAAAIBNAwAASgAAgAAAAABKAMAHSCbQVZZ8KrFVukce1QIPdZ2T96RMNZBLJbxPJsZqAz6HggEAQCRDe7GpBuvs6Fbe\/duaPnRzi+TuxO1aOrBXscZ4djas+UCamAjEbmU07x7uRr5uMpZqZI27NlR5\/7+AkrBrh6rckT+uo7sd5UZV7HyRKFUxK2YjkrS1HzkNFKp7RfB27LVg6pCeGHysEbHV8V8dPks1hAl834D9n2PtxaDwfhvehWA9hQk338ICURUX5EX+U\/IHQMBEcJVinCclbAzJDu0zMO+EESVFt0\/FVowcSbYpZ7fqrDjqh\/OFcjlRHUxdumeVRsT9idi1zgvn9NhIKP0\/enEfBqbQOpwI22cdU8fNKIJCPoeYSiIDy\/ceLYeDc6iY09Tn2ER0Y7KuhmW5eKbFv79AAAAAAAAAAMAJQ0AABkAAwAAAAAAGQIBQAASBAMIBAQBBQMIBQUBCAYGAQIBAAAW\/v0AAAAAAAAABAAMDgAAAAAEAAAAAAAA"}
00679{"packet_event_id":2,"packet_event_name":"packet-flow","thread_id":0,"packet_id":5,"source":"cfgs\/default\/pcap\/stun_dtls_rtp.pcapng","alias":"nDPId-test","flow_id":1,"flow_packet_id":5,"flow_src_last_pkt_time":1669989925331729,"flow_dst_last_pkt_time":1669989925246353,"flow_idle_time":200000000,"pkt_datalink":1,"pkt_caplen":162,"pkt_type":2048,"pkt_l3_offset":14,"pkt_l4_offset":34,"pkt_len":162,"pkt_l4_len":128,"thread_ts_usec":1669989925331729,"pkt":"CL6sCxduJjb1W8R1CABFAACUVj1AAEARNZHAqAycjvpSTJRPS2kAgIetAAEAZCESpEJHeElSOVZ4WXVGUjkABgAfZWEzV3RfOWFBU29vZWdvS0FBaUtBaUFERUE6OGpiNgDAVwAEAAMACoAqAAjHmPZBrcBKnwAlAAAAJAAEbn8e\/wAIABRPuZAhjSuP3zBrIerigzXVUm4nSYAoAAQ65t8C"}
02344{"flow_event_id":5,"flow_event_name":"analyse","thread_id":0,"packet_id":32,"source":"cfgs\/default\/pcap\/stun_dtls_rtp.pcapng","alias":"nDPId-test","flow_id":1,"flow_state":"finished","flow_src_packets_processed":18,"flow_dst_packets_processed":14,"flow_first_seen":1669989925164266,"flow_src_last_pkt_time":1669989925844909,"flow_dst_last_pkt_time":1669989925832608,"flow_idle_time":200000000,"flow_src_min_l4_payload_len":65,"flow_dst_min_l4_payload_len":0,"flow_src_max_l4_payload_len":545,"flow_dst_max_l4_payload_len":1203,"flow_src_tot_l4_payload_len":2558,"flow_dst_tot_l4_payload_len":3623,"midstream":0,"thread_ts_usec":1669989925844909,"l3_proto":"ip4","src_ip":"192.168.12.156","dst_ip":"142.250.82.76","src_port":37967,"dst_port":19305,"l4_proto":"udp","flow_datalink":1,"flow_max_packets":5,"data_analysis": {"iat": {"min":29,"avg":43515.6,"max":258068,"stddev":58201.4,"var":3387401984.0,"ent":4.0,"data": [23454,57152,58633,110311,426,107899,55,29,31904,33185,42585,42763,84060,83239,24775,643,393,2519,24830,54,50,34247,28143,7940,22933,203231,6659,19573,19853,258068,19379]},"pktlen": {"min":68,"avg":221.2,"max":1231,"stddev":244.4,"var":59721.8,"ent":4.4,"data": [144,128,185,1231,148,573,128,109,598,573,598,109,149,117,141,93,125,121,97,93,97,113,93,68,93,93,127,112,112,128,469,112]},"bins": {"c_to_s": [0,0,10,5,1,0,0,0,0,0,0,0,0,0,0,0,0,2,0,0,0,0,0,0,0,0,0,0,0,0,0,0,0,0,0,0,0,0,0,0,0,0,0,0,0,0,0,0],"s_to_c": [0,1,5,4,0,0,0,0,0,0,0,0,0,1,0,0,0,2,0,0,0,0,0,0,0,0,0,0,0,0,0,0,0,0,0,0,0,1,0,0,0,0,0,0,0,0,0,0]},"directions": [0,1,0,1,0,0,1,1,1,0,1,0,1,0,1,0,0,0,0,1,1,1,0,1,1,0,0,0,0,0,1,0],"entropies": [5.970281124,5.844405174,4.975852966,7.376402378,5.926150799,6.767900467,5.873587608,5.727212906,7.417241573,6.742666721,7.399977684,5.666547298,6.284676552,5.878243446,6.278099537,5.456246376,6.045804977,5.932724476,5.656750679,5.431894302,5.443003178,5.773984909,5.547308922,5.480338573,5.456245899,5.525803089,6.089138508,6.235580444,6.295892239,6.029528141,7.452062130,6.164150715]},"ndpi": {"flow_risk": {"5": {"risk":"Known Proto on Non Std Port","severity":"Medium","risk_score": {"total":160,"client":140,"server":20}}},"confidence": {"6":"DPI"},"proto":"STUN.GoogleCall","proto_id":"78.404","proto_by_ip":"Google","proto_by_ip_id":126,"encrypted":0,"breed":"Acceptable","category_id":10,"category":"VoIP"}}
01132{"flow_event_id":3,"flow_event_name":"idle","thread_id":0,"packet_id":39,"source":"cfgs\/default\/pcap\/stun_dtls_rtp.pcapng","alias":"nDPId-test","flow_id":1,"flow_state":"finished","flow_src_packets_processed":25,"flow_dst_packets_processed":14,"flow_first_seen":1669989925164266,"flow_src_last_pkt_time":1669989926044388,"flow_dst_last_pkt_time":1669989925832608,"flow_idle_time":200000000,"flow_src_min_l4_payload_len":61,"flow_dst_min_l4_payload_len":0,"flow_src_max_l4_payload_len":545,"flow_dst_max_l4_payload_len":1203,"flow_src_tot_l4_payload_len":3152,"flow_dst_tot_l4_payload_len":3623,"midstream":0,"thread_ts_usec":1669989926044388,"l3_proto":"ip4","src_ip":"192.168.12.156","dst_ip":"142.250.82.76","src_port":37967,"dst_port":19305,"l4_proto":"udp","flow_datalink":1,"flow_max_packets":5,"ndpi": {"flow_risk": {"5": {"risk":"Known Proto on Non Std Port","severity":"Medium","risk_score": {"total":160,"client":140,"server":20}}},"confidence": {"6":"DPI"},"proto":"STUN.GoogleCall","proto_id":"78.404","proto_by_ip":"Google","proto_by_ip_id":126,"encrypted":0,"breed":"Acceptable","category_id":10,"category":"VoIP"}}
00803{"daemon_event_id":3,"daemon_event_name":"shutdown","thread_id":0,"packet_id":39,"source":"cfgs\/default\/pcap\/stun_dtls_rtp.pcapng","alias":"nDPId-test","version":"1.6.0","ndpi_version":"4.9.0-4628-142c8f5","packets-captured":39,"packets-processed":39,"pfring_active":false,"pfring_recv":0,"pfring_drop":0,"pfring_shunt":0,"total-skipped-flows":0,"total-l4-payload-len":6775,"total-not-detected-flows":0,"total-guessed-flows":0,"total-detected-flows":1,"total-detection-updates":0,"total-updates":0,"current-active-flows":0,"total-active-flows":1,"total-idle-flows":1,"total-compressions":0,"total-compression-diff":0,"current-compression-diff":0,"global-alloc-count":0,"global-free-count":0,"global-alloc-bytes":0,"global-free-bytes":0,"total-events-serialized":12,"global_ts_usec":1669989926044388}
~~~~~~~~~~~~~~~~~~~~ SUMMARY ~~~~~~~~~~~~~~~~~~~~
~~ packets captured/processed: 39/39
~~ skipped flows.............: 0
~~ total layer4 data length..: 6775 bytes
~~ total detected protocols..: 1
~~ total active/idle flows...: 1/1
~~ total timeout flows.......: 0
~~~~~~~~~~~~~~~~~~~~~~~~~~~~~~~~~~~~~~~~~~~~~~~~~
~~ total memory allocated....: 5499128 bytes
~~ total memory freed........: 5499128 bytes
~~ total allocations/frees...: 85899/85899
~~~~~~~~~~~~~~~~~~~~~~~~~~~~~~~~~~~~~~~~~~~~~~~~~
~~ json message min len.......: 575 chars
~~ json message max len.......: 2349 chars
~~ json message avg len.......: 1432 chars
