00562{"daemon_event_id":1,"daemon_event_name":"init","thread_id":0,"packet_id":0,"source":"cfgs\/default\/pcap\/ubntac2.pcap","alias":"nDPId-test","version":"1.6.0","ndpi_version":"4.9.0-4628-142c8f5","max-flows-per-thread":2048,"max-idle-flows-per-thread":64,"reader-thread-count":1,"flow-scan-interval":10000000,"generic-max-idle-time":600000000,"icmp-max-idle-time":120000000,"udp-max-idle-time":180000000,"tcp-max-idle-time":7560000000,"max-packets-per-flow-to-send":5,"max-packets-per-flow-to-process":32,"max-packets-per-flow-to-analyse":32,"global_ts_usec":0}
00786{"daemon_event_id":4,"daemon_event_name":"status","thread_id":0,"packet_id":1,"source":"cfgs\/default\/pcap\/ubntac2.pcap","alias":"nDPId-test","version":"1.6.0","ndpi_version":"4.9.0-4628-142c8f5","packets-captured":1,"packets-processed":0,"pfring_active":false,"pfring_recv":0,"pfring_drop":0,"pfring_shunt":0,"total-skipped-flows":0,"total-l4-payload-len":0,"total-not-detected-flows":0,"total-guessed-flows":0,"total-detected-flows":0,"total-detection-updates":0,"total-updates":0,"current-active-flows":0,"total-active-flows":0,"total-idle-flows":0,"total-compressions":0,"total-compression-diff":0,"current-compression-diff":0,"global-alloc-count":0,"global-free-count":0,"global-alloc-bytes":0,"global-free-bytes":0,"total-events-serialized":2,"global_ts_usec":1486943433175002}
00781{"flow_event_id":1,"flow_event_name":"new","thread_id":0,"packet_id":1,"source":"cfgs\/default\/pcap\/ubntac2.pcap","alias":"nDPId-test","flow_id":1,"flow_state":"info","flow_src_packets_processed":1,"flow_dst_packets_processed":0,"flow_first_seen":1486943433175002,"flow_src_last_pkt_time":1486943433175002,"flow_dst_last_pkt_time":1486943433175002,"flow_idle_time":200000000,"flow_src_min_l4_payload_len":175,"flow_dst_min_l4_payload_len":0,"flow_src_max_l4_payload_len":175,"flow_dst_max_l4_payload_len":0,"flow_src_tot_l4_payload_len":175,"flow_dst_tot_l4_payload_len":0,"midstream":0,"thread_ts_usec":1486943433175002,"l3_proto":"ip4","src_ip":"192.168.1.1","dst_ip":"255.255.255.255","src_port":34085,"dst_port":10001,"l4_proto":"udp","flow_datalink":1,"flow_max_packets":5}
00759{"packet_event_id":2,"packet_event_name":"packet-flow","thread_id":0,"packet_id":1,"source":"cfgs\/default\/pcap\/ubntac2.pcap","alias":"nDPId-test","flow_id":1,"flow_packet_id":1,"flow_src_last_pkt_time":1486943433175002,"flow_dst_last_pkt_time":1486943433175002,"flow_idle_time":200000000,"pkt_datalink":1,"pkt_caplen":217,"pkt_type":2048,"pkt_l3_offset":14,"pkt_l4_offset":34,"pkt_len":217,"pkt_l4_len":183,"thread_ts_usec":1486943433175002,"pkt":"\/\/\/\/\/\/\/\/gCqojWksCABFAADLv4FAAEARuPfAqAEB\/\/\/\/\/4UlJxEAtx2vAgYAqwIACoAqqI1pK8CoAhUCAAqAKqiNaSzAqAEBAQAGgCqojWkrCgAEAADeYAsABHVibnQMAARVR1czAwA4VW5pRmlTZWN1cml0eUdhdGV3YXkuRVItZTEyMC52NC4zLjMzLjQ5MzYwODYuMTYxMjAzLjIwMzEWAA40LjMuMzMuNDkzNjA4NhUABFVHVzMXAAEAGAABABMABoAqqI1pKxIABAAAFc8bAAU0LjAuMA=="}
00984{"flow_event_id":7,"flow_event_name":"detected","thread_id":0,"packet_id":1,"source":"cfgs\/default\/pcap\/ubntac2.pcap","alias":"nDPId-test","flow_id":1,"flow_state":"info","flow_src_packets_processed":1,"flow_dst_packets_processed":0,"flow_first_seen":1486943433175002,"flow_src_last_pkt_time":1486943433175002,"flow_dst_last_pkt_time":1486943433175002,"flow_idle_time":200000000,"flow_src_min_l4_payload_len":175,"flow_dst_min_l4_payload_len":0,"flow_src_max_l4_payload_len":175,"flow_dst_max_l4_payload_len":0,"flow_src_tot_l4_payload_len":175,"flow_dst_tot_l4_payload_len":0,"midstream":0,"thread_ts_usec":1486943433175002,"l3_proto":"ip4","src_ip":"192.168.1.1","dst_ip":"255.255.255.255","src_port":34085,"dst_port":10001,"l4_proto":"udp","ndpi": {"confidence": {"6":"DPI"},"proto":"UBNTAC2","proto_id":"31","proto_by_ip":"Unknown","proto_by_ip_id":0,"encrypted":0,"breed":"Safe","category_id":14,"category":"Network","ubntac2": {"version":"UniFiSecurityGateway.ER-e120.v4"}}}
00781{"flow_event_id":1,"flow_event_name":"new","thread_id":0,"packet_id":2,"source":"cfgs\/default\/pcap\/ubntac2.pcap","alias":"nDPId-test","flow_id":2,"flow_state":"info","flow_src_packets_processed":1,"flow_dst_packets_processed":0,"flow_first_seen":1486943443357445,"flow_src_last_pkt_time":1486943443357445,"flow_dst_last_pkt_time":1486943443357445,"flow_idle_time":200000000,"flow_src_min_l4_payload_len":175,"flow_dst_min_l4_payload_len":0,"flow_src_max_l4_payload_len":175,"flow_dst_max_l4_payload_len":0,"flow_src_tot_l4_payload_len":175,"flow_dst_tot_l4_payload_len":0,"midstream":0,"thread_ts_usec":1486943443357445,"l3_proto":"ip4","src_ip":"192.168.1.1","dst_ip":"255.255.255.255","src_port":44641,"dst_port":10001,"l4_proto":"udp","flow_datalink":1,"flow_max_packets":5}
00760{"packet_event_id":2,"packet_event_name":"packet-flow","thread_id":0,"packet_id":2,"source":"cfgs\/default\/pcap\/ubntac2.pcap","alias":"nDPId-test","flow_id":2,"flow_packet_id":1,"flow_src_last_pkt_time":1486943443357445,"flow_dst_last_pkt_time":1486943443357445,"flow_idle_time":200000000,"pkt_datalink":1,"pkt_caplen":217,"pkt_type":2048,"pkt_l3_offset":14,"pkt_l4_offset":34,"pkt_len":217,"pkt_l4_len":183,"thread_ts_usec":1486943443357445,"pkt":"\/\/\/\/\/\/\/\/gCqojWksCABFAADLv4JAAEARuPbAqAEB\/\/\/\/\/65hJxEAt\/NoAgYAqwIACoAqqI1pK8CoAhUCAAqAKqiNaSzAqAEBAQAGgCqojWkrCgAEAADeagsABHVibnQMAARVR1czAwA4VW5pRmlTZWN1cml0eUdhdGV3YXkuRVItZTEyMC52NC4zLjMzLjQ5MzYwODYuMTYxMjAzLjIwMzEWAA40LjMuMzMuNDkzNjA4NhUABFVHVzMXAAEAGAABABMABoAqqI1pKxIABAAAFdAbAAU0LjAuMA=="}
00984{"flow_event_id":7,"flow_event_name":"detected","thread_id":0,"packet_id":2,"source":"cfgs\/default\/pcap\/ubntac2.pcap","alias":"nDPId-test","flow_id":2,"flow_state":"info","flow_src_packets_processed":1,"flow_dst_packets_processed":0,"flow_first_seen":1486943443357445,"flow_src_last_pkt_time":1486943443357445,"flow_dst_last_pkt_time":1486943443357445,"flow_idle_time":200000000,"flow_src_min_l4_payload_len":175,"flow_dst_min_l4_payload_len":0,"flow_src_max_l4_payload_len":175,"flow_dst_max_l4_payload_len":0,"flow_src_tot_l4_payload_len":175,"flow_dst_tot_l4_payload_len":0,"midstream":0,"thread_ts_usec":1486943443357445,"l3_proto":"ip4","src_ip":"192.168.1.1","dst_ip":"255.255.255.255","src_port":44641,"dst_port":10001,"l4_proto":"udp","ndpi": {"confidence": {"6":"DPI"},"proto":"UBNTAC2","proto_id":"31","proto_by_ip":"Unknown","proto_by_ip_id":0,"encrypted":0,"breed":"Safe","category_id":14,"category":"Network","ubntac2": {"version":"UniFiSecurityGateway.ER-e120.v4"}}}
00781{"flow_event_id":1,"flow_event_name":"new","thread_id":0,"packet_id":3,"source":"cfgs\/default\/pcap\/ubntac2.pcap","alias":"nDPId-test","flow_id":3,"flow_state":"info","flow_src_packets_processed":1,"flow_dst_packets_processed":0,"flow_first_seen":1486943453510239,"flow_src_last_pkt_time":1486943453510239,"flow_dst_last_pkt_time":1486943453510239,"flow_idle_time":200000000,"flow_src_min_l4_payload_len":175,"flow_dst_min_l4_payload_len":0,"flow_src_max_l4_payload_len":175,"flow_dst_max_l4_payload_len":0,"flow_src_tot_l4_payload_len":175,"flow_dst_tot_l4_payload_len":0,"midstream":0,"thread_ts_usec":1486943453510239,"l3_proto":"ip4","src_ip":"192.168.1.1","dst_ip":"255.255.255.255","src_port":55321,"dst_port":10001,"l4_proto":"udp","flow_datalink":1,"flow_max_packets":5}
00759{"packet_event_id":2,"packet_event_name":"packet-flow","thread_id":0,"packet_id":3,"source":"cfgs\/default\/pcap\/ubntac2.pcap","alias":"nDPId-test","flow_id":3,"flow_packet_id":1,"flow_src_last_pkt_time":1486943453510239,"flow_dst_last_pkt_time":1486943453510239,"flow_idle_time":200000000,"pkt_datalink":1,"pkt_caplen":217,"pkt_type":2048,"pkt_l3_offset":14,"pkt_l4_offset":34,"pkt_len":217,"pkt_l4_len":183,"thread_ts_usec":1486943453510239,"pkt":"\/\/\/\/\/\/\/\/gCqojWksCABFAADLv4NAAEARuPXAqAEB\/\/\/\/\/9gZJxEAt8imAgYAqwIACoAqqI1pK8CoAhUCAAqAKqiNaSzAqAEBAQAGgCqojWkrCgAEAADedAsABHVibnQMAARVR1czAwA4VW5pRmlTZWN1cml0eUdhdGV3YXkuRVItZTEyMC52NC4zLjMzLjQ5MzYwODYuMTYxMjAzLjIwMzEWAA40LjMuMzMuNDkzNjA4NhUABFVHVzMXAAEAGAABABMABoAqqI1pKxIABAAAFdEbAAU0LjAuMA=="}
00984{"flow_event_id":7,"flow_event_name":"detected","thread_id":0,"packet_id":3,"source":"cfgs\/default\/pcap\/ubntac2.pcap","alias":"nDPId-test","flow_id":3,"flow_state":"info","flow_src_packets_processed":1,"flow_dst_packets_processed":0,"flow_first_seen":1486943453510239,"flow_src_last_pkt_time":1486943453510239,"flow_dst_last_pkt_time":1486943453510239,"flow_idle_time":200000000,"flow_src_min_l4_payload_len":175,"flow_dst_min_l4_payload_len":0,"flow_src_max_l4_payload_len":175,"flow_dst_max_l4_payload_len":0,"flow_src_tot_l4_payload_len":175,"flow_dst_tot_l4_payload_len":0,"midstream":0,"thread_ts_usec":1486943453510239,"l3_proto":"ip4","src_ip":"192.168.1.1","dst_ip":"255.255.255.255","src_port":55321,"dst_port":10001,"l4_proto":"udp","ndpi": {"confidence": {"6":"DPI"},"proto":"UBNTAC2","proto_id":"31","proto_by_ip":"Unknown","proto_by_ip_id":0,"encrypted":0,"breed":"Safe","category_id":14,"category":"Network","ubntac2": {"version":"UniFiSecurityGateway.ER-e120.v4"}}}
00781{"flow_event_id":1,"flow_event_name":"new","thread_id":0,"packet_id":4,"source":"cfgs\/default\/pcap\/ubntac2.pcap","alias":"nDPId-test","flow_id":4,"flow_state":"info","flow_src_packets_processed":1,"flow_dst_packets_processed":0,"flow_first_seen":1486943463665911,"flow_src_last_pkt_time":1486943463665911,"flow_dst_last_pkt_time":1486943463665911,"flow_idle_time":200000000,"flow_src_min_l4_payload_len":175,"flow_dst_min_l4_payload_len":0,"flow_src_max_l4_payload_len":175,"flow_dst_max_l4_payload_len":0,"flow_src_tot_l4_payload_len":175,"flow_dst_tot_l4_payload_len":0,"midstream":0,"thread_ts_usec":1486943463665911,"l3_proto":"ip4","src_ip":"192.168.1.1","dst_ip":"255.255.255.255","src_port":47871,"dst_port":10001,"l4_proto":"udp","flow_datalink":1,"flow_max_packets":5}
00760{"packet_event_id":2,"packet_event_name":"packet-flow","thread_id":0,"packet_id":4,"source":"cfgs\/default\/pcap\/ubntac2.pcap","alias":"nDPId-test","flow_id":4,"flow_packet_id":1,"flow_src_last_pkt_time":1486943463665911,"flow_dst_last_pkt_time":1486943463665911,"flow_idle_time":200000000,"pkt_datalink":1,"pkt_caplen":217,"pkt_type":2048,"pkt_l3_offset":14,"pkt_l4_offset":34,"pkt_len":217,"pkt_l4_len":183,"thread_ts_usec":1486943463665911,"pkt":"\/\/\/\/\/\/\/\/gCqojWksCABFAADLv4RAAEARuPTAqAEB\/\/\/\/\/7r\/JxEAt+S2AgYAqwIACoAqqI1pK8CoAhUCAAqAKqiNaSzAqAEBAQAGgCqojWkrCgAEAADefgsABHVibnQMAARVR1czAwA4VW5pRmlTZWN1cml0eUdhdGV3YXkuRVItZTEyMC52NC4zLjMzLjQ5MzYwODYuMTYxMjAzLjIwMzEWAA40LjMuMzMuNDkzNjA4NhUABFVHVzMXAAEAGAABABMABoAqqI1pKxIABAAAFdIbAAU0LjAuMA=="}
00984{"flow_event_id":7,"flow_event_name":"detected","thread_id":0,"packet_id":4,"source":"cfgs\/default\/pcap\/ubntac2.pcap","alias":"nDPId-test","flow_id":4,"flow_state":"info","flow_src_packets_processed":1,"flow_dst_packets_processed":0,"flow_first_seen":1486943463665911,"flow_src_last_pkt_time":1486943463665911,"flow_dst_last_pkt_time":1486943463665911,"flow_idle_time":200000000,"flow_src_min_l4_payload_len":175,"flow_dst_min_l4_payload_len":0,"flow_src_max_l4_payload_len":175,"flow_dst_max_l4_payload_len":0,"flow_src_tot_l4_payload_len":175,"flow_dst_tot_l4_payload_len":0,"midstream":0,"thread_ts_usec":1486943463665911,"l3_proto":"ip4","src_ip":"192.168.1.1","dst_ip":"255.255.255.255","src_port":47871,"dst_port":10001,"l4_proto":"udp","ndpi": {"confidence": {"6":"DPI"},"proto":"UBNTAC2","proto_id":"31","proto_by_ip":"Unknown","proto_by_ip_id":0,"encrypted":0,"breed":"Safe","category_id":14,"category":"Network","ubntac2": {"version":"UniFiSecurityGateway.ER-e120.v4"}}}
00781{"flow_event_id":1,"flow_event_name":"new","thread_id":0,"packet_id":5,"source":"cfgs\/default\/pcap\/ubntac2.pcap","alias":"nDPId-test","flow_id":5,"flow_state":"info","flow_src_packets_processed":1,"flow_dst_packets_processed":0,"flow_first_seen":1486943473817118,"flow_src_last_pkt_time":1486943473817118,"flow_dst_last_pkt_time":1486943473817118,"flow_idle_time":200000000,"flow_src_min_l4_payload_len":175,"flow_dst_min_l4_payload_len":0,"flow_src_max_l4_payload_len":175,"flow_dst_max_l4_payload_len":0,"flow_src_tot_l4_payload_len":175,"flow_dst_tot_l4_payload_len":0,"midstream":0,"thread_ts_usec":1486943473817118,"l3_proto":"ip4","src_ip":"192.168.1.1","dst_ip":"255.255.255.255","src_port":59772,"dst_port":10001,"l4_proto":"udp","flow_datalink":1,"flow_max_packets":5}
00759{"packet_event_id":2,"packet_event_name":"packet-flow","thread_id":0,"packet_id":5,"source":"cfgs\/default\/pcap\/ubntac2.pcap","alias":"nDPId-test","flow_id":5,"flow_packet_id":1,"flow_src_last_pkt_time":1486943473817118,"flow_dst_last_pkt_time":1486943473817118,"flow_idle_time":200000000,"pkt_datalink":1,"pkt_caplen":217,"pkt_type":2048,"pkt_l3_offset":14,"pkt_l4_offset":34,"pkt_len":217,"pkt_l4_len":183,"thread_ts_usec":1486943473817118,"pkt":"\/\/\/\/\/\/\/\/gCqojWksCABFAADLv4VAAEARuPPAqAEB\/\/\/\/\/+l8JxEAt7UuAgYAqwIACoAqqI1pK8CoAhUCAAqAKqiNaSzAqAEBAQAGgCqojWkrCgAEAADeiQsABHVibnQMAARVR1czAwA4VW5pRmlTZWN1cml0eUdhdGV3YXkuRVItZTEyMC52NC4zLjMzLjQ5MzYwODYuMTYxMjAzLjIwMzEWAA40LjMuMzMuNDkzNjA4NhUABFVHVzMXAAEAGAABABMABoAqqI1pKxIABAAAFdMbAAU0LjAuMA=="}
00984{"flow_event_id":7,"flow_event_name":"detected","thread_id":0,"packet_id":5,"source":"cfgs\/default\/pcap\/ubntac2.pcap","alias":"nDPId-test","flow_id":5,"flow_state":"info","flow_src_packets_processed":1,"flow_dst_packets_processed":0,"flow_first_seen":1486943473817118,"flow_src_last_pkt_time":1486943473817118,"flow_dst_last_pkt_time":1486943473817118,"flow_idle_time":200000000,"flow_src_min_l4_payload_len":175,"flow_dst_min_l4_payload_len":0,"flow_src_max_l4_payload_len":175,"flow_dst_max_l4_payload_len":0,"flow_src_tot_l4_payload_len":175,"flow_dst_tot_l4_payload_len":0,"midstream":0,"thread_ts_usec":1486943473817118,"l3_proto":"ip4","src_ip":"192.168.1.1","dst_ip":"255.255.255.255","src_port":59772,"dst_port":10001,"l4_proto":"udp","ndpi": {"confidence": {"6":"DPI"},"proto":"UBNTAC2","proto_id":"31","proto_by_ip":"Unknown","proto_by_ip_id":0,"encrypted":0,"breed":"Safe","category_id":14,"category":"Network","ubntac2": {"version":"UniFiSecurityGateway.ER-e120.v4"}}}
00781{"flow_event_id":1,"flow_event_name":"new","thread_id":0,"packet_id":6,"source":"cfgs\/default\/pcap\/ubntac2.pcap","alias":"nDPId-test","flow_id":6,"flow_state":"info","flow_src_packets_processed":1,"flow_dst_packets_processed":0,"flow_first_seen":1486943483995037,"flow_src_last_pkt_time":1486943483995037,"flow_dst_last_pkt_time":1486943483995037,"flow_idle_time":200000000,"flow_src_min_l4_payload_len":175,"flow_dst_min_l4_payload_len":0,"flow_src_max_l4_payload_len":175,"flow_dst_max_l4_payload_len":0,"flow_src_tot_l4_payload_len":175,"flow_dst_tot_l4_payload_len":0,"midstream":0,"thread_ts_usec":1486943483995037,"l3_proto":"ip4","src_ip":"192.168.1.1","dst_ip":"255.255.255.255","src_port":52220,"dst_port":10001,"l4_proto":"udp","flow_datalink":1,"flow_max_packets":5}
00759{"packet_event_id":2,"packet_event_name":"packet-flow","thread_id":0,"packet_id":6,"source":"cfgs\/default\/pcap\/ubntac2.pcap","alias":"nDPId-test","flow_id":6,"flow_packet_id":1,"flow_src_last_pkt_time":1486943483995037,"flow_dst_last_pkt_time":1486943483995037,"flow_idle_time":200000000,"pkt_datalink":1,"pkt_caplen":217,"pkt_type":2048,"pkt_l3_offset":14,"pkt_l4_offset":34,"pkt_len":217,"pkt_l4_len":183,"thread_ts_usec":1486943483995037,"pkt":"\/\/\/\/\/\/\/\/gCqojWksCABFAADLv4ZAAEARuPLAqAEB\/\/\/\/\/8v8JxEAt9GkAgYAqwIACoAqqI1pK8CoAhUCAAqAKqiNaSzAqAEBAQAGgCqojWkrCgAEAADekwsABHVibnQMAARVR1czAwA4VW5pRmlTZWN1cml0eUdhdGV3YXkuRVItZTEyMC52NC4zLjMzLjQ5MzYwODYuMTYxMjAzLjIwMzEWAA40LjMuMzMuNDkzNjA4NhUABFVHVzMXAAEAGAABABMABoAqqI1pKxIABAAAFdQbAAU0LjAuMA=="}
00984{"flow_event_id":7,"flow_event_name":"detected","thread_id":0,"packet_id":6,"source":"cfgs\/default\/pcap\/ubntac2.pcap","alias":"nDPId-test","flow_id":6,"flow_state":"info","flow_src_packets_processed":1,"flow_dst_packets_processed":0,"flow_first_seen":1486943483995037,"flow_src_last_pkt_time":1486943483995037,"flow_dst_last_pkt_time":1486943483995037,"flow_idle_time":200000000,"flow_src_min_l4_payload_len":175,"flow_dst_min_l4_payload_len":0,"flow_src_max_l4_payload_len":175,"flow_dst_max_l4_payload_len":0,"flow_src_tot_l4_payload_len":175,"flow_dst_tot_l4_payload_len":0,"midstream":0,"thread_ts_usec":1486943483995037,"l3_proto":"ip4","src_ip":"192.168.1.1","dst_ip":"255.255.255.255","src_port":52220,"dst_port":10001,"l4_proto":"udp","ndpi": {"confidence": {"6":"DPI"},"proto":"UBNTAC2","proto_id":"31","proto_by_ip":"Unknown","proto_by_ip_id":0,"encrypted":0,"breed":"Safe","category_id":14,"category":"Network","ubntac2": {"version":"UniFiSecurityGateway.ER-e120.v4"}}}
00968{"flow_event_id":4,"flow_event_name":"update","thread_id":0,"packet_id":7,"source":"cfgs\/default\/pcap\/ubntac2.pcap","alias":"nDPId-test","flow_id":1,"flow_state":"finished","flow_src_packets_processed":1,"flow_dst_packets_processed":0,"flow_first_seen":1486943433175002,"flow_src_last_pkt_time":1486943433175002,"flow_dst_last_pkt_time":1486943433175002,"flow_idle_time":200000000,"flow_src_min_l4_payload_len":175,"flow_dst_min_l4_payload_len":0,"flow_src_max_l4_payload_len":175,"flow_dst_max_l4_payload_len":0,"flow_src_tot_l4_payload_len":175,"flow_dst_tot_l4_payload_len":0,"midstream":0,"thread_ts_usec":1486943483995037,"l3_proto":"ip4","src_ip":"192.168.1.1","dst_ip":"255.255.255.255","src_port":34085,"dst_port":10001,"l4_proto":"udp","flow_datalink":1,"flow_max_packets":5,"ndpi": {"confidence": {"6":"DPI"},"proto":"UBNTAC2","proto_id":"31","proto_by_ip":"Unknown","proto_by_ip_id":0,"encrypted":0,"breed":"Safe","category_id":14,"category":"Network"}}
00781{"flow_event_id":1,"flow_event_name":"new","thread_id":0,"packet_id":7,"source":"cfgs\/default\/pcap\/ubntac2.pcap","alias":"nDPId-test","flow_id":7,"flow_state":"info","flow_src_packets_processed":1,"flow_dst_packets_processed":0,"flow_first_seen":1486943494148315,"flow_src_last_pkt_time":1486943494148315,"flow_dst_last_pkt_time":1486943494148315,"flow_idle_time":200000000,"flow_src_min_l4_payload_len":175,"flow_dst_min_l4_payload_len":0,"flow_src_max_l4_payload_len":175,"flow_dst_max_l4_payload_len":0,"flow_src_tot_l4_payload_len":175,"flow_dst_tot_l4_payload_len":0,"midstream":0,"thread_ts_usec":1486943494148315,"l3_proto":"ip4","src_ip":"192.168.1.1","dst_ip":"255.255.255.255","src_port":47746,"dst_port":10001,"l4_proto":"udp","flow_datalink":1,"flow_max_packets":5}
00759{"packet_event_id":2,"packet_event_name":"packet-flow","thread_id":0,"packet_id":7,"source":"cfgs\/default\/pcap\/ubntac2.pcap","alias":"nDPId-test","flow_id":7,"flow_packet_id":1,"flow_src_last_pkt_time":1486943494148315,"flow_dst_last_pkt_time":1486943494148315,"flow_idle_time":200000000,"pkt_datalink":1,"pkt_caplen":217,"pkt_type":2048,"pkt_l3_offset":14,"pkt_l4_offset":34,"pkt_len":217,"pkt_l4_len":183,"thread_ts_usec":1486943494148315,"pkt":"\/\/\/\/\/\/\/\/gCqojWksCABFAADLv4dAAEARuPHAqAEB\/\/\/\/\/7qCJxEAt+IUAgYAqwIACoAqqI1pK8CoAhUCAAqAKqiNaSzAqAEBAQAGgCqojWkrCgAEAADenQsABHVibnQMAARVR1czAwA4VW5pRmlTZWN1cml0eUdhdGV3YXkuRVItZTEyMC52NC4zLjMzLjQ5MzYwODYuMTYxMjAzLjIwMzEWAA40LjMuMzMuNDkzNjA4NhUABFVHVzMXAAEAGAABABMABoAqqI1pKxIABAAAFdUbAAU0LjAuMA=="}
00984{"flow_event_id":7,"flow_event_name":"detected","thread_id":0,"packet_id":7,"source":"cfgs\/default\/pcap\/ubntac2.pcap","alias":"nDPId-test","flow_id":7,"flow_state":"info","flow_src_packets_processed":1,"flow_dst_packets_processed":0,"flow_first_seen":1486943494148315,"flow_src_last_pkt_time":1486943494148315,"flow_dst_last_pkt_time":1486943494148315,"flow_idle_time":200000000,"flow_src_min_l4_payload_len":175,"flow_dst_min_l4_payload_len":0,"flow_src_max_l4_payload_len":175,"flow_dst_max_l4_payload_len":0,"flow_src_tot_l4_payload_len":175,"flow_dst_tot_l4_payload_len":0,"midstream":0,"thread_ts_usec":1486943494148315,"l3_proto":"ip4","src_ip":"192.168.1.1","dst_ip":"255.255.255.255","src_port":47746,"dst_port":10001,"l4_proto":"udp","ndpi": {"confidence": {"6":"DPI"},"proto":"UBNTAC2","proto_id":"31","proto_by_ip":"Unknown","proto_by_ip_id":0,"encrypted":0,"breed":"Safe","category_id":14,"category":"Network","ubntac2": {"version":"UniFiSecurityGateway.ER-e120.v4"}}}
00968{"flow_event_id":4,"flow_event_name":"update","thread_id":0,"packet_id":8,"source":"cfgs\/default\/pcap\/ubntac2.pcap","alias":"nDPId-test","flow_id":2,"flow_state":"finished","flow_src_packets_processed":1,"flow_dst_packets_processed":0,"flow_first_seen":1486943443357445,"flow_src_last_pkt_time":1486943443357445,"flow_dst_last_pkt_time":1486943443357445,"flow_idle_time":200000000,"flow_src_min_l4_payload_len":175,"flow_dst_min_l4_payload_len":0,"flow_src_max_l4_payload_len":175,"flow_dst_max_l4_payload_len":0,"flow_src_tot_l4_payload_len":175,"flow_dst_tot_l4_payload_len":0,"midstream":0,"thread_ts_usec":1486943494148315,"l3_proto":"ip4","src_ip":"192.168.1.1","dst_ip":"255.255.255.255","src_port":44641,"dst_port":10001,"l4_proto":"udp","flow_datalink":1,"flow_max_packets":5,"ndpi": {"confidence": {"6":"DPI"},"proto":"UBNTAC2","proto_id":"31","proto_by_ip":"Unknown","proto_by_ip_id":0,"encrypted":0,"breed":"Safe","category_id":14,"category":"Network"}}
00781{"flow_event_id":1,"flow_event_name":"new","thread_id":0,"packet_id":8,"source":"cfgs\/default\/pcap\/ubntac2.pcap","alias":"nDPId-test","flow_id":8,"flow_state":"info","flow_src_packets_processed":1,"flow_dst_packets_processed":0,"flow_first_seen":1486943504301123,"flow_src_last_pkt_time":1486943504301123,"flow_dst_last_pkt_time":1486943504301123,"flow_idle_time":200000000,"flow_src_min_l4_payload_len":175,"flow_dst_min_l4_payload_len":0,"flow_src_max_l4_payload_len":175,"flow_dst_max_l4_payload_len":0,"flow_src_tot_l4_payload_len":175,"flow_dst_tot_l4_payload_len":0,"midstream":0,"thread_ts_usec":1486943504301123,"l3_proto":"ip4","src_ip":"192.168.1.1","dst_ip":"255.255.255.255","src_port":42838,"dst_port":10001,"l4_proto":"udp","flow_datalink":1,"flow_max_packets":5}
00760{"packet_event_id":2,"packet_event_name":"packet-flow","thread_id":0,"packet_id":8,"source":"cfgs\/default\/pcap\/ubntac2.pcap","alias":"nDPId-test","flow_id":8,"flow_packet_id":1,"flow_src_last_pkt_time":1486943504301123,"flow_dst_last_pkt_time":1486943504301123,"flow_idle_time":200000000,"pkt_datalink":1,"pkt_caplen":217,"pkt_type":2048,"pkt_l3_offset":14,"pkt_l4_offset":34,"pkt_len":217,"pkt_l4_len":183,"thread_ts_usec":1486943504301123,"pkt":"\/\/\/\/\/\/\/\/gCqojWksCABFAADLv4hAAEARuPDAqAEB\/\/\/\/\/6dWJxEAt\/Q2AgYAqwIACoAqqI1pK8CoAhUCAAqAKqiNaSzAqAEBAQAGgCqojWkrCgAEAADepwsABHVibnQMAARVR1czAwA4VW5pRmlTZWN1cml0eUdhdGV3YXkuRVItZTEyMC52NC4zLjMzLjQ5MzYwODYuMTYxMjAzLjIwMzEWAA40LjMuMzMuNDkzNjA4NhUABFVHVzMXAAEAGAABABMABoAqqI1pKxIABAAAFdYbAAU0LjAuMA=="}
00984{"flow_event_id":7,"flow_event_name":"detected","thread_id":0,"packet_id":8,"source":"cfgs\/default\/pcap\/ubntac2.pcap","alias":"nDPId-test","flow_id":8,"flow_state":"info","flow_src_packets_processed":1,"flow_dst_packets_processed":0,"flow_first_seen":1486943504301123,"flow_src_last_pkt_time":1486943504301123,"flow_dst_last_pkt_time":1486943504301123,"flow_idle_time":200000000,"flow_src_min_l4_payload_len":175,"flow_dst_min_l4_payload_len":0,"flow_src_max_l4_payload_len":175,"flow_dst_max_l4_payload_len":0,"flow_src_tot_l4_payload_len":175,"flow_dst_tot_l4_payload_len":0,"midstream":0,"thread_ts_usec":1486943504301123,"l3_proto":"ip4","src_ip":"192.168.1.1","dst_ip":"255.255.255.255","src_port":42838,"dst_port":10001,"l4_proto":"udp","ndpi": {"confidence": {"6":"DPI"},"proto":"UBNTAC2","proto_id":"31","proto_by_ip":"Unknown","proto_by_ip_id":0,"encrypted":0,"breed":"Safe","category_id":14,"category":"Network","ubntac2": {"version":"UniFiSecurityGateway.ER-e120.v4"}}}
00966{"flow_event_id":3,"flow_event_name":"idle","thread_id":0,"packet_id":8,"source":"cfgs\/default\/pcap\/ubntac2.pcap","alias":"nDPId-test","flow_id":5,"flow_state":"finished","flow_src_packets_processed":1,"flow_dst_packets_processed":0,"flow_first_seen":1486943473817118,"flow_src_last_pkt_time":1486943473817118,"flow_dst_last_pkt_time":1486943473817118,"flow_idle_time":200000000,"flow_src_min_l4_payload_len":175,"flow_dst_min_l4_payload_len":0,"flow_src_max_l4_payload_len":175,"flow_dst_max_l4_payload_len":0,"flow_src_tot_l4_payload_len":175,"flow_dst_tot_l4_payload_len":0,"midstream":0,"thread_ts_usec":1486943504301123,"l3_proto":"ip4","src_ip":"192.168.1.1","dst_ip":"255.255.255.255","src_port":59772,"dst_port":10001,"l4_proto":"udp","flow_datalink":1,"flow_max_packets":5,"ndpi": {"confidence": {"6":"DPI"},"proto":"UBNTAC2","proto_id":"31","proto_by_ip":"Unknown","proto_by_ip_id":0,"encrypted":0,"breed":"Safe","category_id":14,"category":"Network"}}
00966{"flow_event_id":3,"flow_event_name":"idle","thread_id":0,"packet_id":8,"source":"cfgs\/default\/pcap\/ubntac2.pcap","alias":"nDPId-test","flow_id":7,"flow_state":"finished","flow_src_packets_processed":1,"flow_dst_packets_processed":0,"flow_first_seen":1486943494148315,"flow_src_last_pkt_time":1486943494148315,"flow_dst_last_pkt_time":1486943494148315,"flow_idle_time":200000000,"flow_src_min_l4_payload_len":175,"flow_dst_min_l4_payload_len":0,"flow_src_max_l4_payload_len":175,"flow_dst_max_l4_payload_len":0,"flow_src_tot_l4_payload_len":175,"flow_dst_tot_l4_payload_len":0,"midstream":0,"thread_ts_usec":1486943504301123,"l3_proto":"ip4","src_ip":"192.168.1.1","dst_ip":"255.255.255.255","src_port":47746,"dst_port":10001,"l4_proto":"udp","flow_datalink":1,"flow_max_packets":5,"ndpi": {"confidence": {"6":"DPI"},"proto":"UBNTAC2","proto_id":"31","proto_by_ip":"Unknown","proto_by_ip_id":0,"encrypted":0,"breed":"Safe","category_id":14,"category":"Network"}}
00966{"flow_event_id":3,"flow_event_name":"idle","thread_id":0,"packet_id":8,"source":"cfgs\/default\/pcap\/ubntac2.pcap","alias":"nDPId-test","flow_id":4,"flow_state":"finished","flow_src_packets_processed":1,"flow_dst_packets_processed":0,"flow_first_seen":1486943463665911,"flow_src_last_pkt_time":1486943463665911,"flow_dst_last_pkt_time":1486943463665911,"flow_idle_time":200000000,"flow_src_min_l4_payload_len":175,"flow_dst_min_l4_payload_len":0,"flow_src_max_l4_payload_len":175,"flow_dst_max_l4_payload_len":0,"flow_src_tot_l4_payload_len":175,"flow_dst_tot_l4_payload_len":0,"midstream":0,"thread_ts_usec":1486943504301123,"l3_proto":"ip4","src_ip":"192.168.1.1","dst_ip":"255.255.255.255","src_port":47871,"dst_port":10001,"l4_proto":"udp","flow_datalink":1,"flow_max_packets":5,"ndpi": {"confidence": {"6":"DPI"},"proto":"UBNTAC2","proto_id":"31","proto_by_ip":"Unknown","proto_by_ip_id":0,"encrypted":0,"breed":"Safe","category_id":14,"category":"Network"}}
00966{"flow_event_id":3,"flow_event_name":"idle","thread_id":0,"packet_id":8,"source":"cfgs\/default\/pcap\/ubntac2.pcap","alias":"nDPId-test","flow_id":6,"flow_state":"finished","flow_src_packets_processed":1,"flow_dst_packets_processed":0,"flow_first_seen":1486943483995037,"flow_src_last_pkt_time":1486943483995037,"flow_dst_last_pkt_time":1486943483995037,"flow_idle_time":200000000,"flow_src_min_l4_payload_len":175,"flow_dst_min_l4_payload_len":0,"flow_src_max_l4_payload_len":175,"flow_dst_max_l4_payload_len":0,"flow_src_tot_l4_payload_len":175,"flow_dst_tot_l4_payload_len":0,"midstream":0,"thread_ts_usec":1486943504301123,"l3_proto":"ip4","src_ip":"192.168.1.1","dst_ip":"255.255.255.255","src_port":52220,"dst_port":10001,"l4_proto":"udp","flow_datalink":1,"flow_max_packets":5,"ndpi": {"confidence": {"6":"DPI"},"proto":"UBNTAC2","proto_id":"31","proto_by_ip":"Unknown","proto_by_ip_id":0,"encrypted":0,"breed":"Safe","category_id":14,"category":"Network"}}
00966{"flow_event_id":3,"flow_event_name":"idle","thread_id":0,"packet_id":8,"source":"cfgs\/default\/pcap\/ubntac2.pcap","alias":"nDPId-test","flow_id":1,"flow_state":"finished","flow_src_packets_processed":1,"flow_dst_packets_processed":0,"flow_first_seen":1486943433175002,"flow_src_last_pkt_time":1486943433175002,"flow_dst_last_pkt_time":1486943433175002,"flow_idle_time":200000000,"flow_src_min_l4_payload_len":175,"flow_dst_min_l4_payload_len":0,"flow_src_max_l4_payload_len":175,"flow_dst_max_l4_payload_len":0,"flow_src_tot_l4_payload_len":175,"flow_dst_tot_l4_payload_len":0,"midstream":0,"thread_ts_usec":1486943504301123,"l3_proto":"ip4","src_ip":"192.168.1.1","dst_ip":"255.255.255.255","src_port":34085,"dst_port":10001,"l4_proto":"udp","flow_datalink":1,"flow_max_packets":5,"ndpi": {"confidence": {"6":"DPI"},"proto":"UBNTAC2","proto_id":"31","proto_by_ip":"Unknown","proto_by_ip_id":0,"encrypted":0,"breed":"Safe","category_id":14,"category":"Network"}}
00966{"flow_event_id":3,"flow_event_name":"idle","thread_id":0,"packet_id":8,"source":"cfgs\/default\/pcap\/ubntac2.pcap","alias":"nDPId-test","flow_id":2,"flow_state":"finished","flow_src_packets_processed":1,"flow_dst_packets_processed":0,"flow_first_seen":1486943443357445,"flow_src_last_pkt_time":1486943443357445,"flow_dst_last_pkt_time":1486943443357445,"flow_idle_time":200000000,"flow_src_min_l4_payload_len":175,"flow_dst_min_l4_payload_len":0,"flow_src_max_l4_payload_len":175,"flow_dst_max_l4_payload_len":0,"flow_src_tot_l4_payload_len":175,"flow_dst_tot_l4_payload_len":0,"midstream":0,"thread_ts_usec":1486943504301123,"l3_proto":"ip4","src_ip":"192.168.1.1","dst_ip":"255.255.255.255","src_port":44641,"dst_port":10001,"l4_proto":"udp","flow_datalink":1,"flow_max_packets":5,"ndpi": {"confidence": {"6":"DPI"},"proto":"UBNTAC2","proto_id":"31","proto_by_ip":"Unknown","proto_by_ip_id":0,"encrypted":0,"breed":"Safe","category_id":14,"category":"Network"}}
00966{"flow_event_id":3,"flow_event_name":"idle","thread_id":0,"packet_id":8,"source":"cfgs\/default\/pcap\/ubntac2.pcap","alias":"nDPId-test","flow_id":8,"flow_state":"finished","flow_src_packets_processed":1,"flow_dst_packets_processed":0,"flow_first_seen":1486943504301123,"flow_src_last_pkt_time":1486943504301123,"flow_dst_last_pkt_time":1486943504301123,"flow_idle_time":200000000,"flow_src_min_l4_payload_len":175,"flow_dst_min_l4_payload_len":0,"flow_src_max_l4_payload_len":175,"flow_dst_max_l4_payload_len":0,"flow_src_tot_l4_payload_len":175,"flow_dst_tot_l4_payload_len":0,"midstream":0,"thread_ts_usec":1486943504301123,"l3_proto":"ip4","src_ip":"192.168.1.1","dst_ip":"255.255.255.255","src_port":42838,"dst_port":10001,"l4_proto":"udp","flow_datalink":1,"flow_max_packets":5,"ndpi": {"confidence": {"6":"DPI"},"proto":"UBNTAC2","proto_id":"31","proto_by_ip":"Unknown","proto_by_ip_id":0,"encrypted":0,"breed":"Safe","category_id":14,"category":"Network"}}
00966{"flow_event_id":3,"flow_event_name":"idle","thread_id":0,"packet_id":8,"source":"cfgs\/default\/pcap\/ubntac2.pcap","alias":"nDPId-test","flow_id":3,"flow_state":"finished","flow_src_packets_processed":1,"flow_dst_packets_processed":0,"flow_first_seen":1486943453510239,"flow_src_last_pkt_time":1486943453510239,"flow_dst_last_pkt_time":1486943453510239,"flow_idle_time":200000000,"flow_src_min_l4_payload_len":175,"flow_dst_min_l4_payload_len":0,"flow_src_max_l4_payload_len":175,"flow_dst_max_l4_payload_len":0,"flow_src_tot_l4_payload_len":175,"flow_dst_tot_l4_payload_len":0,"midstream":0,"thread_ts_usec":1486943504301123,"l3_proto":"ip4","src_ip":"192.168.1.1","dst_ip":"255.255.255.255","src_port":55321,"dst_port":10001,"l4_proto":"udp","flow_datalink":1,"flow_max_packets":5,"ndpi": {"confidence": {"6":"DPI"},"proto":"UBNTAC2","proto_id":"31","proto_by_ip":"Unknown","proto_by_ip_id":0,"encrypted":0,"breed":"Safe","category_id":14,"category":"Network"}}
00792{"daemon_event_id":3,"daemon_event_name":"shutdown","thread_id":0,"packet_id":8,"source":"cfgs\/default\/pcap\/ubntac2.pcap","alias":"nDPId-test","version":"1.6.0","ndpi_version":"4.9.0-4628-142c8f5","packets-captured":8,"packets-processed":8,"pfring_active":false,"pfring_recv":0,"pfring_drop":0,"pfring_shunt":0,"total-skipped-flows":0,"total-l4-payload-len":1400,"total-not-detected-flows":0,"total-guessed-flows":0,"total-detected-flows":8,"total-detection-updates":0,"total-updates":2,"current-active-flows":0,"total-active-flows":8,"total-idle-flows":8,"total-compressions":0,"total-compression-diff":0,"current-compression-diff":0,"global-alloc-count":0,"global-free-count":0,"global-alloc-bytes":0,"global-free-bytes":0,"total-events-serialized":37,"global_ts_usec":1486943504301123}
~~~~~~~~~~~~~~~~~~~~ SUMMARY ~~~~~~~~~~~~~~~~~~~~
~~ packets captured/processed: 8/8
~~ skipped flows.............: 0
~~ total layer4 data length..: 1400 bytes
~~ total detected protocols..: 8
~~ total active/idle flows...: 8/8
~~ total timeout flows.......: 0
~~~~~~~~~~~~~~~~~~~~~~~~~~~~~~~~~~~~~~~~~~~~~~~~~
~~ total memory allocated....: 5513321 bytes
~~ total memory freed........: 5513321 bytes
~~ total allocations/frees...: 85937/85937
~~~~~~~~~~~~~~~~~~~~~~~~~~~~~~~~~~~~~~~~~~~~~~~~~
~~ json message min len.......: 567 chars
~~ json message max len.......: 989 chars
~~ json message avg len.......: 777 chars
