00561{"daemon_event_id":1,"daemon_event_name":"init","thread_id":0,"packet_id":0,"source":"cfgs\/default\/pcap\/webdav.pcap","alias":"nDPId-test","version":"1.6.0","ndpi_version":"4.9.0-4628-142c8f5","max-flows-per-thread":2048,"max-idle-flows-per-thread":64,"reader-thread-count":1,"flow-scan-interval":10000000,"generic-max-idle-time":600000000,"icmp-max-idle-time":120000000,"udp-max-idle-time":180000000,"tcp-max-idle-time":7560000000,"max-packets-per-flow-to-send":5,"max-packets-per-flow-to-process":32,"max-packets-per-flow-to-analyse":32,"global_ts_usec":0}
00785{"daemon_event_id":4,"daemon_event_name":"status","thread_id":0,"packet_id":1,"source":"cfgs\/default\/pcap\/webdav.pcap","alias":"nDPId-test","version":"1.6.0","ndpi_version":"4.9.0-4628-142c8f5","packets-captured":1,"packets-processed":0,"pfring_active":false,"pfring_recv":0,"pfring_drop":0,"pfring_shunt":0,"total-skipped-flows":0,"total-l4-payload-len":0,"total-not-detected-flows":0,"total-guessed-flows":0,"total-detected-flows":0,"total-detection-updates":0,"total-updates":0,"current-active-flows":0,"total-active-flows":0,"total-idle-flows":0,"total-compressions":0,"total-compression-diff":0,"current-compression-diff":0,"global-alloc-count":0,"global-free-count":0,"global-alloc-bytes":0,"global-free-bytes":0,"total-events-serialized":2,"global_ts_usec":1677169246853624}
00770{"flow_event_id":1,"flow_event_name":"new","thread_id":0,"packet_id":1,"source":"cfgs\/default\/pcap\/webdav.pcap","alias":"nDPId-test","flow_id":1,"flow_state":"info","flow_src_packets_processed":1,"flow_dst_packets_processed":0,"flow_first_seen":1677169246853624,"flow_src_last_pkt_time":1677169246853624,"flow_dst_last_pkt_time":1677169246853624,"flow_idle_time":7580000000,"flow_src_min_l4_payload_len":0,"flow_dst_min_l4_payload_len":0,"flow_src_max_l4_payload_len":0,"flow_dst_max_l4_payload_len":0,"flow_src_tot_l4_payload_len":0,"flow_dst_tot_l4_payload_len":0,"midstream":0,"thread_ts_usec":1677169246853624,"l3_proto":"ip4","src_ip":"10.24.8.189","dst_ip":"104.156.149.6","src_port":50652,"dst_port":80,"l4_proto":"tcp","flow_datalink":1,"flow_max_packets":5}
00539{"packet_event_id":2,"packet_event_name":"packet-flow","thread_id":0,"packet_id":1,"source":"cfgs\/default\/pcap\/webdav.pcap","alias":"nDPId-test","flow_id":1,"flow_packet_id":1,"flow_src_last_pkt_time":1677169246853624,"flow_dst_last_pkt_time":1677169246853624,"flow_idle_time":7580000000,"pkt_datalink":1,"pkt_caplen":66,"pkt_type":2048,"pkt_l3_offset":14,"pkt_l4_offset":34,"pkt_len":66,"pkt_l4_len":32,"thread_ts_usec":1677169246853624,"pkt":"AAHH9haIEACQor51CABFAAA0mWtAAIAGUOEKGAi9aJyVBsXcAFDgPQjbAAAAAIAC+vC0YgAAAgQFtAEDAwgBAQQC"}
00531{"packet_event_id":2,"packet_event_name":"packet-flow","thread_id":0,"packet_id":2,"source":"cfgs\/default\/pcap\/webdav.pcap","alias":"nDPId-test","flow_id":1,"flow_packet_id":2,"flow_src_last_pkt_time":1677169246853624,"flow_dst_last_pkt_time":1677169246873589,"flow_idle_time":7580000000,"pkt_datalink":1,"pkt_caplen":58,"pkt_type":2048,"pkt_l3_offset":14,"pkt_l4_offset":34,"pkt_len":58,"pkt_l4_len":24,"thread_ts_usec":1677169246873589,"pkt":"EACQor51AAHH9haICABFAAAs0NgAAIAGWXxonJUGChgIvQBQxdy+mZKp4D0I3GAS+vCMJAAAAgQFtA=="}
00523{"packet_event_id":2,"packet_event_name":"packet-flow","thread_id":0,"packet_id":3,"source":"cfgs\/default\/pcap\/webdav.pcap","alias":"nDPId-test","flow_id":1,"flow_packet_id":3,"flow_src_last_pkt_time":1677169246873954,"flow_dst_last_pkt_time":1677169246873589,"flow_idle_time":7580000000,"pkt_datalink":1,"pkt_caplen":54,"pkt_type":2048,"pkt_l3_offset":14,"pkt_l4_offset":34,"pkt_len":54,"pkt_l4_len":20,"thread_ts_usec":1677169246873954,"pkt":"AAHH9haIEACQor51CABFAAAomWxAAIAGUOwKGAi9aJyVBsXcAFDgPQjcvpmSqlAQ+vCj4QAA"}
00750{"packet_event_id":2,"packet_event_name":"packet-flow","thread_id":0,"packet_id":4,"source":"cfgs\/default\/pcap\/webdav.pcap","alias":"nDPId-test","flow_id":1,"flow_packet_id":4,"flow_src_last_pkt_time":1677169246874184,"flow_dst_last_pkt_time":1677169246873589,"flow_idle_time":7580000000,"pkt_datalink":1,"pkt_caplen":222,"pkt_type":2048,"pkt_l3_offset":14,"pkt_l4_offset":34,"pkt_len":222,"pkt_l4_len":188,"thread_ts_usec":1677169246874184,"pkt":"AAHH9haIEACQor51CABFAADQmW1AAIAGUEMKGAi9aJyVBsXcAFDgPQjcvpmSqlAY+vDPfQAAUFJPUEZJTkQgL3dlYmRhdiBIVFRQLzEuMQ0KQ29ubmVjdGlvbjogS2VlcC1BbGl2ZQ0KVXNlci1BZ2VudDogTWljcm9zb2Z0LVdlYkRBVi1NaW5pUmVkaXIvMTAuMC4xOTA0NQ0KRGVwdGg6IDANCnRyYW5zbGF0ZTogZg0KQ29udGVudC1MZW5ndGg6IDANCkhvc3Q6IDEwNC4xNTYuMTQ5LjYNCg0K"}
01227{"flow_event_id":7,"flow_event_name":"detected","thread_id":0,"packet_id":4,"source":"cfgs\/default\/pcap\/webdav.pcap","alias":"nDPId-test","flow_id":1,"flow_state":"info","flow_src_packets_processed":3,"flow_dst_packets_processed":1,"flow_first_seen":1677169246853624,"flow_src_last_pkt_time":1677169246874184,"flow_dst_last_pkt_time":1677169246873589,"flow_idle_time":7580000000,"flow_src_min_l4_payload_len":0,"flow_dst_min_l4_payload_len":0,"flow_src_max_l4_payload_len":168,"flow_dst_max_l4_payload_len":0,"flow_src_tot_l4_payload_len":168,"flow_dst_tot_l4_payload_len":0,"midstream":0,"thread_ts_usec":1677169246874184,"l3_proto":"ip4","src_ip":"10.24.8.189","dst_ip":"104.156.149.6","src_port":50652,"dst_port":80,"l4_proto":"tcp","ndpi": {"flow_risk": {"12": {"risk":"HTTP\/TLS\/QUIC Numeric Hostname\/SNI","severity":"Low","risk_score": {"total":300,"client":270,"server":30}}},"confidence": {"6":"DPI"},"proto":"HTTP.WebDAV","proto_id":"7.376","proto_by_ip":"Unknown","proto_by_ip_id":0,"encrypted":0,"breed":"Acceptable","category_id":15,"category":"Collaborative","hostname":"104.156.149.6","http": {"url":"104.156.149.6\/webdav","code":0,"content_type":"","user_agent":"Microsoft-WebDAV-MiniRedir\/10.0.19045"}}}
00523{"packet_event_id":2,"packet_event_name":"packet-flow","thread_id":0,"packet_id":5,"source":"cfgs\/default\/pcap\/webdav.pcap","alias":"nDPId-test","flow_id":1,"flow_packet_id":5,"flow_src_last_pkt_time":1677169246874184,"flow_dst_last_pkt_time":1677169246874364,"flow_idle_time":7580000000,"pkt_datalink":1,"pkt_caplen":54,"pkt_type":2048,"pkt_l3_offset":14,"pkt_l4_offset":34,"pkt_len":54,"pkt_l4_len":20,"thread_ts_usec":1677169246874364,"pkt":"EACQor51AAHH9haICABFAAAo0NkAAIAGWX9onJUGChgIvQBQxdy+mZKq4D0JhFAQ+vCjOQAA"}
01124{"flow_event_id":2,"flow_event_name":"end","thread_id":0,"packet_id":14,"source":"cfgs\/default\/pcap\/webdav.pcap","alias":"nDPId-test","flow_id":1,"flow_state":"finished","flow_src_packets_processed":7,"flow_dst_packets_processed":7,"flow_first_seen":1677169246853624,"flow_src_last_pkt_time":1677169251921472,"flow_dst_last_pkt_time":1677169251921740,"flow_idle_time":7580000000,"flow_src_min_l4_payload_len":0,"flow_dst_min_l4_payload_len":0,"flow_src_max_l4_payload_len":169,"flow_dst_max_l4_payload_len":1053,"flow_src_tot_l4_payload_len":337,"flow_dst_tot_l4_payload_len":1633,"midstream":0,"thread_ts_usec":1677169251921740,"l3_proto":"ip4","src_ip":"10.24.8.189","dst_ip":"104.156.149.6","src_port":50652,"dst_port":80,"l4_proto":"tcp","flow_datalink":1,"flow_max_packets":5,"ndpi": {"flow_risk": {"12": {"risk":"HTTP\/TLS\/QUIC Numeric Hostname\/SNI","severity":"Low","risk_score": {"total":300,"client":270,"server":30}}},"confidence": {"6":"DPI"},"proto":"HTTP.WebDAV","proto_id":"7.376","proto_by_ip":"Unknown","proto_by_ip_id":0,"encrypted":0,"breed":"Acceptable","category_id":15,"category":"Collaborative"}}
00794{"daemon_event_id":3,"daemon_event_name":"shutdown","thread_id":0,"packet_id":14,"source":"cfgs\/default\/pcap\/webdav.pcap","alias":"nDPId-test","version":"1.6.0","ndpi_version":"4.9.0-4628-142c8f5","packets-captured":14,"packets-processed":14,"pfring_active":false,"pfring_recv":0,"pfring_drop":0,"pfring_shunt":0,"total-skipped-flows":0,"total-l4-payload-len":1970,"total-not-detected-flows":0,"total-guessed-flows":0,"total-detected-flows":1,"total-detection-updates":0,"total-updates":0,"current-active-flows":0,"total-active-flows":1,"total-idle-flows":1,"total-compressions":0,"total-compression-diff":0,"current-compression-diff":0,"global-alloc-count":0,"global-free-count":0,"global-alloc-bytes":0,"global-free-bytes":0,"total-events-serialized":11,"global_ts_usec":1677169251921740}
~~~~~~~~~~~~~~~~~~~~ SUMMARY ~~~~~~~~~~~~~~~~~~~~
~~ packets captured/processed: 14/14
~~ skipped flows.............: 0
~~ total layer4 data length..: 1970 bytes
~~ total detected protocols..: 1
~~ total active/idle flows...: 1/1
~~ total timeout flows.......: 0
~~~~~~~~~~~~~~~~~~~~~~~~~~~~~~~~~~~~~~~~~~~~~~~~~
~~ total memory allocated....: 5498520 bytes
~~ total memory freed........: 5498520 bytes
~~ total allocations/frees...: 85879/85879
~~~~~~~~~~~~~~~~~~~~~~~~~~~~~~~~~~~~~~~~~~~~~~~~~
~~ json message min len.......: 528 chars
~~ json message max len.......: 1232 chars
~~ json message avg len.......: 865 chars
