00558{"daemon_event_id":1,"daemon_event_name":"init","thread_id":0,"packet_id":0,"source":"cfgs\/default\/pcap\/wow.pcap","alias":"nDPId-test","version":"1.6.0","ndpi_version":"4.9.0-4628-142c8f5","max-flows-per-thread":2048,"max-idle-flows-per-thread":64,"reader-thread-count":1,"flow-scan-interval":10000000,"generic-max-idle-time":600000000,"icmp-max-idle-time":120000000,"udp-max-idle-time":180000000,"tcp-max-idle-time":7560000000,"max-packets-per-flow-to-send":5,"max-packets-per-flow-to-process":32,"max-packets-per-flow-to-analyse":32,"global_ts_usec":0}
00782{"daemon_event_id":4,"daemon_event_name":"status","thread_id":0,"packet_id":1,"source":"cfgs\/default\/pcap\/wow.pcap","alias":"nDPId-test","version":"1.6.0","ndpi_version":"4.9.0-4628-142c8f5","packets-captured":1,"packets-processed":0,"pfring_active":false,"pfring_recv":0,"pfring_drop":0,"pfring_shunt":0,"total-skipped-flows":0,"total-l4-payload-len":0,"total-not-detected-flows":0,"total-guessed-flows":0,"total-detected-flows":0,"total-detection-updates":0,"total-updates":0,"current-active-flows":0,"total-active-flows":0,"total-idle-flows":0,"total-compressions":0,"total-compression-diff":0,"current-compression-diff":0,"global-alloc-count":0,"global-free-count":0,"global-alloc-bytes":0,"global-free-bytes":0,"total-events-serialized":2,"global_ts_usec":1437858769436349}
00770{"flow_event_id":1,"flow_event_name":"new","thread_id":0,"packet_id":1,"source":"cfgs\/default\/pcap\/wow.pcap","alias":"nDPId-test","flow_id":1,"flow_state":"info","flow_src_packets_processed":1,"flow_dst_packets_processed":0,"flow_first_seen":1437858769436349,"flow_src_last_pkt_time":1437858769436349,"flow_dst_last_pkt_time":1437858769436349,"flow_idle_time":7580000000,"flow_src_min_l4_payload_len":0,"flow_dst_min_l4_payload_len":0,"flow_src_max_l4_payload_len":0,"flow_dst_max_l4_payload_len":0,"flow_src_tot_l4_payload_len":0,"flow_dst_tot_l4_payload_len":0,"midstream":0,"thread_ts_usec":1437858769436349,"l3_proto":"ip4","src_ip":"192.168.178.20","dst_ip":"12.129.222.53","src_port":39309,"dst_port":80,"l4_proto":"tcp","flow_datalink":1,"flow_max_packets":5}
00548{"packet_event_id":2,"packet_event_name":"packet-flow","thread_id":0,"packet_id":1,"source":"cfgs\/default\/pcap\/wow.pcap","alias":"nDPId-test","flow_id":1,"flow_packet_id":1,"flow_src_last_pkt_time":1437858769436349,"flow_dst_last_pkt_time":1437858769436349,"flow_idle_time":7580000000,"pkt_datalink":1,"pkt_caplen":74,"pkt_type":2048,"pkt_l3_offset":14,"pkt_l4_offset":34,"pkt_len":74,"pkt_l4_len":40,"thread_ts_usec":1437858769436349,"pkt":"JGUR0Ik6JGURQGHhCABFAAA8GJNAAIAGhLXAqLIUDIHeNZmNAFBo+hN9AAAAAKACIADawAAAAgQFtAEDAwIEAggKACnZUgAAAAA="}
00548{"packet_event_id":2,"packet_event_name":"packet-flow","thread_id":0,"packet_id":2,"source":"cfgs\/default\/pcap\/wow.pcap","alias":"nDPId-test","flow_id":1,"flow_packet_id":2,"flow_src_last_pkt_time":1437858769437258,"flow_dst_last_pkt_time":1437858769436349,"flow_idle_time":7580000000,"pkt_datalink":1,"pkt_caplen":74,"pkt_type":2048,"pkt_l3_offset":14,"pkt_l4_offset":34,"pkt_len":74,"pkt_l4_len":40,"thread_ts_usec":1437858769437258,"pkt":"JGUR0Ik6JGURQGHhCABFAAA8GJNAAIAGhLXAqLIUDIHeNZmNAFBo+hN9AAAAAKACIADawAAAAgQFtAEDAwIEAggKACnZUgAAAAA="}
00769{"flow_event_id":1,"flow_event_name":"new","thread_id":0,"packet_id":3,"source":"cfgs\/default\/pcap\/wow.pcap","alias":"nDPId-test","flow_id":2,"flow_state":"info","flow_src_packets_processed":1,"flow_dst_packets_processed":0,"flow_first_seen":1437858769451846,"flow_src_last_pkt_time":1437858769451846,"flow_dst_last_pkt_time":1437858769451846,"flow_idle_time":7580000000,"flow_src_min_l4_payload_len":0,"flow_dst_min_l4_payload_len":0,"flow_src_max_l4_payload_len":0,"flow_dst_max_l4_payload_len":0,"flow_src_tot_l4_payload_len":0,"flow_dst_tot_l4_payload_len":0,"midstream":0,"thread_ts_usec":1437858769451846,"l3_proto":"ip4","src_ip":"192.168.178.20","dst_ip":"24.105.29.21","src_port":39312,"dst_port":80,"l4_proto":"tcp","flow_datalink":1,"flow_max_packets":5}
00548{"packet_event_id":2,"packet_event_name":"packet-flow","thread_id":0,"packet_id":3,"source":"cfgs\/default\/pcap\/wow.pcap","alias":"nDPId-test","flow_id":2,"flow_packet_id":1,"flow_src_last_pkt_time":1437858769451846,"flow_dst_last_pkt_time":1437858769451846,"flow_idle_time":7580000000,"pkt_datalink":1,"pkt_caplen":74,"pkt_type":2048,"pkt_l3_offset":14,"pkt_l4_offset":34,"pkt_len":74,"pkt_l4_len":40,"thread_ts_usec":1437858769451846,"pkt":"JGUR0Ik6JGURQGHhCABFAAA8GJRAAIAGOe3AqLIUGGkdFZmQAFAEh98cAAAAAKACIAAoyAAAAgQFtAEDAwIEAggKACnZVAAAAAA="}
00548{"packet_event_id":2,"packet_event_name":"packet-flow","thread_id":0,"packet_id":4,"source":"cfgs\/default\/pcap\/wow.pcap","alias":"nDPId-test","flow_id":2,"flow_packet_id":2,"flow_src_last_pkt_time":1437858769452256,"flow_dst_last_pkt_time":1437858769451846,"flow_idle_time":7580000000,"pkt_datalink":1,"pkt_caplen":74,"pkt_type":2048,"pkt_l3_offset":14,"pkt_l4_offset":34,"pkt_len":74,"pkt_l4_len":40,"thread_ts_usec":1437858769452256,"pkt":"JGUR0Ik6JGURQGHhCABFAAA8GJRAAIAGOe3AqLIUGGkdFZmQAFAEh98cAAAAAKACIAAoyAAAAgQFtAEDAwIEAggKACnZVAAAAAA="}
00548{"packet_event_id":2,"packet_event_name":"packet-flow","thread_id":0,"packet_id":5,"source":"cfgs\/default\/pcap\/wow.pcap","alias":"nDPId-test","flow_id":1,"flow_packet_id":3,"flow_src_last_pkt_time":1437858769437258,"flow_dst_last_pkt_time":1437858769649602,"flow_idle_time":7580000000,"pkt_datalink":1,"pkt_caplen":74,"pkt_type":2048,"pkt_l3_offset":14,"pkt_l4_offset":34,"pkt_len":74,"pkt_l4_len":40,"thread_ts_usec":1437858769649602,"pkt":"JGURQGHhJGUR0Ik6CABFAAA8AABAADMG6kgMgd41wKiyFABQmY301K7baPoTfqASFqCzawAAAgQFhAQCCAqn1+VGACnZUgEDAwc="}
00536{"packet_event_id":2,"packet_event_name":"packet-flow","thread_id":0,"packet_id":6,"source":"cfgs\/default\/pcap\/wow.pcap","alias":"nDPId-test","flow_id":1,"flow_packet_id":4,"flow_src_last_pkt_time":1437858769649677,"flow_dst_last_pkt_time":1437858769649602,"flow_idle_time":7580000000,"pkt_datalink":1,"pkt_caplen":66,"pkt_type":2048,"pkt_l3_offset":14,"pkt_l4_offset":34,"pkt_len":66,"pkt_l4_len":32,"thread_ts_usec":1437858769649677,"pkt":"JGUR0Ik6JGURQGHhCABFAAA0GJVAAIAGhLvAqLIUDIHeNZmNAFBo+hN+9NSu3IAQEGjoKQAAAQEICgAp2Win1+VG"}
00536{"packet_event_id":2,"packet_event_name":"packet-flow","thread_id":0,"packet_id":7,"source":"cfgs\/default\/pcap\/wow.pcap","alias":"nDPId-test","flow_id":1,"flow_packet_id":5,"flow_src_last_pkt_time":1437858769649735,"flow_dst_last_pkt_time":1437858769649602,"flow_idle_time":7580000000,"pkt_datalink":1,"pkt_caplen":66,"pkt_type":2048,"pkt_l3_offset":14,"pkt_l4_offset":34,"pkt_len":66,"pkt_l4_len":32,"thread_ts_usec":1437858769649735,"pkt":"JGUR0Ik6JGURQGHhCABFAAA0GJVAAIAGhLvAqLIUDIHeNZmNAFBo+hN+9NSu3IAQEGjoKQAAAQEICgAp2Win1+VG"}
01204{"flow_event_id":7,"flow_event_name":"detected","thread_id":0,"packet_id":8,"source":"cfgs\/default\/pcap\/wow.pcap","alias":"nDPId-test","flow_id":1,"flow_state":"info","flow_src_packets_processed":5,"flow_dst_packets_processed":1,"flow_first_seen":1437858769436349,"flow_src_last_pkt_time":1437858769651144,"flow_dst_last_pkt_time":1437858769649602,"flow_idle_time":7580000000,"flow_src_min_l4_payload_len":0,"flow_dst_min_l4_payload_len":0,"flow_src_max_l4_payload_len":85,"flow_dst_max_l4_payload_len":0,"flow_src_tot_l4_payload_len":85,"flow_dst_tot_l4_payload_len":0,"midstream":0,"thread_ts_usec":1437858769651144,"l3_proto":"ip4","src_ip":"192.168.178.20","dst_ip":"12.129.222.53","src_port":39309,"dst_port":80,"l4_proto":"tcp","ndpi": {"flow_risk": {"11": {"risk":"HTTP Susp User-Agent","severity":"High","risk_score": {"total":310,"client":275,"server":35}}},"confidence": {"6":"DPI"},"proto":"HTTP.WorldOfWarcraft","proto_id":"7.76","proto_by_ip":"Unknown","proto_by_ip_id":0,"encrypted":0,"breed":"Fun","category_id":8,"category":"Game","hostname":"us.scan.worldofwarcraft.com","http": {"url":"us.scan.worldofwarcraft.com\/update\/Launcher.txt","code":0,"content_type":"","user_agent":""}}}
00533{"packet_event_id":2,"packet_event_name":"packet-flow","thread_id":0,"packet_id":10,"source":"cfgs\/default\/pcap\/wow.pcap","alias":"nDPId-test","flow_id":2,"flow_packet_id":3,"flow_src_last_pkt_time":1437858769452256,"flow_dst_last_pkt_time":1437858769673283,"flow_idle_time":7580000000,"pkt_datalink":1,"pkt_caplen":62,"pkt_type":2048,"pkt_l3_offset":14,"pkt_l4_offset":34,"pkt_len":62,"pkt_l4_len":28,"thread_ts_usec":1437858769673283,"pkt":"JGURQGHhJGUR0Ik6CABFAAAwGJRAAHEGSPkYaR0VwKiyFABQmZCXtfydBIffHXASIACqLAAAAgQFhAQCAAA="}
00521{"packet_event_id":2,"packet_event_name":"packet-flow","thread_id":0,"packet_id":11,"source":"cfgs\/default\/pcap\/wow.pcap","alias":"nDPId-test","flow_id":2,"flow_packet_id":4,"flow_src_last_pkt_time":1437858769673368,"flow_dst_last_pkt_time":1437858769673283,"flow_idle_time":7580000000,"pkt_datalink":1,"pkt_caplen":54,"pkt_type":2048,"pkt_l3_offset":14,"pkt_l4_offset":34,"pkt_len":54,"pkt_l4_len":20,"thread_ts_usec":1437858769673368,"pkt":"JGUR0Ik6JGURQGHhCABFAAAoGJdAAIAGOf7AqLIUGGkdFZmQAFAEh98dl7X8nlAQQjCzjwAA"}
00521{"packet_event_id":2,"packet_event_name":"packet-flow","thread_id":0,"packet_id":12,"source":"cfgs\/default\/pcap\/wow.pcap","alias":"nDPId-test","flow_id":2,"flow_packet_id":5,"flow_src_last_pkt_time":1437858769673474,"flow_dst_last_pkt_time":1437858769673283,"flow_idle_time":7580000000,"pkt_datalink":1,"pkt_caplen":54,"pkt_type":2048,"pkt_l3_offset":14,"pkt_l4_offset":34,"pkt_len":54,"pkt_l4_len":20,"thread_ts_usec":1437858769673474,"pkt":"JGUR0Ik6JGURQGHhCABFAAAoGJdAAIAGOf7AqLIUGGkdFZmQAFAEh98dl7X8nlAQQjCzjwAA"}
01195{"flow_event_id":7,"flow_event_name":"detected","thread_id":0,"packet_id":13,"source":"cfgs\/default\/pcap\/wow.pcap","alias":"nDPId-test","flow_id":2,"flow_state":"info","flow_src_packets_processed":5,"flow_dst_packets_processed":1,"flow_first_seen":1437858769451846,"flow_src_last_pkt_time":1437858769820537,"flow_dst_last_pkt_time":1437858769673283,"flow_idle_time":7580000000,"flow_src_min_l4_payload_len":0,"flow_dst_min_l4_payload_len":0,"flow_src_max_l4_payload_len":72,"flow_dst_max_l4_payload_len":0,"flow_src_tot_l4_payload_len":72,"flow_dst_tot_l4_payload_len":0,"midstream":0,"thread_ts_usec":1437858769820537,"l3_proto":"ip4","src_ip":"192.168.178.20","dst_ip":"24.105.29.21","src_port":39312,"dst_port":80,"l4_proto":"tcp","ndpi": {"flow_risk": {"11": {"risk":"HTTP Susp User-Agent","severity":"High","risk_score": {"total":310,"client":275,"server":35}}},"confidence": {"6":"DPI"},"proto":"HTTP.WorldOfWarcraft","proto_id":"7.76","proto_by_ip":"Starcraft","proto_by_ip_id":213,"encrypted":0,"breed":"Fun","category_id":8,"category":"Game","hostname":"launcher.worldofwarcraft.com","http": {"url":"launcher.worldofwarcraft.com\/alert","code":0,"content_type":"","user_agent":""}}}
01342{"flow_event_id":8,"flow_event_name":"detection-update","thread_id":0,"packet_id":16,"source":"cfgs\/default\/pcap\/wow.pcap","alias":"nDPId-test","flow_id":1,"flow_state":"info","flow_src_packets_processed":6,"flow_dst_packets_processed":3,"flow_first_seen":1437858769436349,"flow_src_last_pkt_time":1437858769651284,"flow_dst_last_pkt_time":1437858770247503,"flow_idle_time":7580000000,"flow_src_min_l4_payload_len":0,"flow_dst_min_l4_payload_len":0,"flow_src_max_l4_payload_len":85,"flow_dst_max_l4_payload_len":273,"flow_src_tot_l4_payload_len":170,"flow_dst_tot_l4_payload_len":273,"midstream":0,"thread_ts_usec":1437858770247503,"l3_proto":"ip4","src_ip":"192.168.178.20","dst_ip":"12.129.222.53","src_port":39309,"dst_port":80,"l4_proto":"tcp","ndpi": {"flow_risk": {"11": {"risk":"HTTP Susp User-Agent","severity":"High","risk_score": {"total":310,"client":275,"server":35}},"47": {"risk":"HTTP Obsolete Server","severity":"Medium","risk_score": {"total":510,"client":435,"server":75}}},"confidence": {"6":"DPI"},"proto":"HTTP.WorldOfWarcraft","proto_id":"7.76","proto_by_ip":"Unknown","proto_by_ip_id":0,"encrypted":0,"breed":"Fun","category_id":8,"category":"Game","hostname":"us.scan.worldofwarcraft.com","http": {"url":"us.scan.worldofwarcraft.com\/update\/Launcher.txt","code":200,"content_type":"text\/plain","user_agent":""}}}
00774{"flow_event_id":1,"flow_event_name":"new","thread_id":0,"packet_id":49,"source":"cfgs\/default\/pcap\/wow.pcap","alias":"nDPId-test","flow_id":3,"flow_state":"info","flow_src_packets_processed":1,"flow_dst_packets_processed":0,"flow_first_seen":1437858780584251,"flow_src_last_pkt_time":1437858780584251,"flow_dst_last_pkt_time":1437858780584251,"flow_idle_time":7580000000,"flow_src_min_l4_payload_len":0,"flow_dst_min_l4_payload_len":0,"flow_src_max_l4_payload_len":0,"flow_dst_max_l4_payload_len":0,"flow_src_tot_l4_payload_len":0,"flow_dst_tot_l4_payload_len":0,"midstream":0,"thread_ts_usec":1437858780584251,"l3_proto":"ip4","src_ip":"192.168.178.20","dst_ip":"12.129.228.153","src_port":39329,"dst_port":3724,"l4_proto":"tcp","flow_datalink":1,"flow_max_packets":5}
00549{"packet_event_id":2,"packet_event_name":"packet-flow","thread_id":0,"packet_id":49,"source":"cfgs\/default\/pcap\/wow.pcap","alias":"nDPId-test","flow_id":3,"flow_packet_id":1,"flow_src_last_pkt_time":1437858780584251,"flow_dst_last_pkt_time":1437858780584251,"flow_idle_time":7580000000,"pkt_datalink":1,"pkt_caplen":74,"pkt_type":2048,"pkt_l3_offset":14,"pkt_l4_offset":34,"pkt_len":74,"pkt_l4_len":40,"thread_ts_usec":1437858780584251,"pkt":"JGUR0Ik6JGURQGHhCABFAAA8GOFAAIAGfgPAqLIUDIHkmZmhDoyszXMNAAAAAKACIAAeTgAAAgQFtAEDAwIEAggKACndrQAAAAA="}
00549{"packet_event_id":2,"packet_event_name":"packet-flow","thread_id":0,"packet_id":50,"source":"cfgs\/default\/pcap\/wow.pcap","alias":"nDPId-test","flow_id":3,"flow_packet_id":2,"flow_src_last_pkt_time":1437858780584629,"flow_dst_last_pkt_time":1437858780584251,"flow_idle_time":7580000000,"pkt_datalink":1,"pkt_caplen":74,"pkt_type":2048,"pkt_l3_offset":14,"pkt_l4_offset":34,"pkt_len":74,"pkt_l4_len":40,"thread_ts_usec":1437858780584629,"pkt":"JGUR0Ik6JGURQGHhCABFAAA8GOFAAIAGfgPAqLIUDIHkmZmhDoyszXMNAAAAAKACIAAeTgAAAgQFtAEDAwIEAggKACndrQAAAAA="}
00550{"packet_event_id":2,"packet_event_name":"packet-flow","thread_id":0,"packet_id":51,"source":"cfgs\/default\/pcap\/wow.pcap","alias":"nDPId-test","flow_id":3,"flow_packet_id":3,"flow_src_last_pkt_time":1437858780584629,"flow_dst_last_pkt_time":1437858780796099,"flow_idle_time":7580000000,"pkt_datalink":1,"pkt_caplen":74,"pkt_type":2048,"pkt_l3_offset":14,"pkt_l4_offset":34,"pkt_len":74,"pkt_l4_len":40,"thread_ts_usec":1437858780796099,"pkt":"JGURQGHhJGUR0Ik6CABFAAA8AABAADMG4+QMgeSZwKiyFA6MmaEZw7OGrM1zDqASOJCV8gAAAgQFhAQCCApCuV\/iACndrQEDAwc="}
00538{"packet_event_id":2,"packet_event_name":"packet-flow","thread_id":0,"packet_id":52,"source":"cfgs\/default\/pcap\/wow.pcap","alias":"nDPId-test","flow_id":3,"flow_packet_id":4,"flow_src_last_pkt_time":1437858780796185,"flow_dst_last_pkt_time":1437858780796099,"flow_idle_time":7580000000,"pkt_datalink":1,"pkt_caplen":66,"pkt_type":2048,"pkt_l3_offset":14,"pkt_l4_offset":34,"pkt_len":66,"pkt_l4_len":32,"thread_ts_usec":1437858780796185,"pkt":"JGUR0Ik6JGURQGHhCABFAAA0GONAAIAGfgnAqLIUDIHkmZmhDoyszXMOGcOzh4AQEGjsoQAAAQEICgAp3cJCuV\/i"}
00538{"packet_event_id":2,"packet_event_name":"packet-flow","thread_id":0,"packet_id":53,"source":"cfgs\/default\/pcap\/wow.pcap","alias":"nDPId-test","flow_id":3,"flow_packet_id":5,"flow_src_last_pkt_time":1437858780796264,"flow_dst_last_pkt_time":1437858780796099,"flow_idle_time":7580000000,"pkt_datalink":1,"pkt_caplen":66,"pkt_type":2048,"pkt_l3_offset":14,"pkt_l4_offset":34,"pkt_len":66,"pkt_l4_len":32,"thread_ts_usec":1437858780796264,"pkt":"JGUR0Ik6JGURQGHhCABFAAA0GONAAIAGfgnAqLIUDIHkmZmhDoyszXMOGcOzh4AQEGjsoQAAAQEICgAp3cJCuV\/i"}
00925{"flow_event_id":7,"flow_event_name":"detected","thread_id":0,"packet_id":54,"source":"cfgs\/default\/pcap\/wow.pcap","alias":"nDPId-test","flow_id":3,"flow_state":"info","flow_src_packets_processed":4,"flow_dst_packets_processed":2,"flow_first_seen":1437858780584251,"flow_src_last_pkt_time":1437858780796264,"flow_dst_last_pkt_time":1437858781018803,"flow_idle_time":7580000000,"flow_src_min_l4_payload_len":0,"flow_dst_min_l4_payload_len":0,"flow_src_max_l4_payload_len":0,"flow_dst_max_l4_payload_len":50,"flow_src_tot_l4_payload_len":0,"flow_dst_tot_l4_payload_len":50,"midstream":0,"thread_ts_usec":1437858781018803,"l3_proto":"ip4","src_ip":"192.168.178.20","dst_ip":"12.129.228.153","src_port":39329,"dst_port":3724,"l4_proto":"tcp","ndpi": {"confidence": {"6":"DPI"},"proto":"WorldOfWarcraft","proto_id":"76","proto_by_ip":"Unknown","proto_by_ip_id":0,"encrypted":0,"breed":"Fun","category_id":8,"category":"Game"}}
00774{"flow_event_id":1,"flow_event_name":"new","thread_id":0,"packet_id":65,"source":"cfgs\/default\/pcap\/wow.pcap","alias":"nDPId-test","flow_id":4,"flow_state":"info","flow_src_packets_processed":1,"flow_dst_packets_processed":0,"flow_first_seen":1437858849489494,"flow_src_last_pkt_time":1437858849489494,"flow_dst_last_pkt_time":1437858849489494,"flow_idle_time":7580000000,"flow_src_min_l4_payload_len":0,"flow_dst_min_l4_payload_len":0,"flow_src_max_l4_payload_len":0,"flow_dst_max_l4_payload_len":0,"flow_src_tot_l4_payload_len":0,"flow_dst_tot_l4_payload_len":0,"midstream":0,"thread_ts_usec":1437858849489494,"l3_proto":"ip4","src_ip":"192.168.178.20","dst_ip":"12.129.228.153","src_port":39364,"dst_port":3724,"l4_proto":"tcp","flow_datalink":1,"flow_max_packets":5}
00549{"packet_event_id":2,"packet_event_name":"packet-flow","thread_id":0,"packet_id":65,"source":"cfgs\/default\/pcap\/wow.pcap","alias":"nDPId-test","flow_id":4,"flow_packet_id":1,"flow_src_last_pkt_time":1437858849489494,"flow_dst_last_pkt_time":1437858849489494,"flow_idle_time":7580000000,"pkt_datalink":1,"pkt_caplen":74,"pkt_type":2048,"pkt_l3_offset":14,"pkt_l4_offset":34,"pkt_len":74,"pkt_l4_len":40,"thread_ts_usec":1437858849489494,"pkt":"JGUR0Ik6JGURQGHhCABFAAA8GWRAAIAGfYDAqLIUDIHkmZnEDowRX7J7AAAAAKACIABfQAAAAgQFtAEDAwIEAggKACn4mAAAAAA="}
00549{"packet_event_id":2,"packet_event_name":"packet-flow","thread_id":0,"packet_id":66,"source":"cfgs\/default\/pcap\/wow.pcap","alias":"nDPId-test","flow_id":4,"flow_packet_id":2,"flow_src_last_pkt_time":1437858849489585,"flow_dst_last_pkt_time":1437858849489494,"flow_idle_time":7580000000,"pkt_datalink":1,"pkt_caplen":74,"pkt_type":2048,"pkt_l3_offset":14,"pkt_l4_offset":34,"pkt_len":74,"pkt_l4_len":40,"thread_ts_usec":1437858849489585,"pkt":"JGUR0Ik6JGURQGHhCABFAAA8GWRAAIAGfYDAqLIUDIHkmZnEDowRX7J7AAAAAKACIABfQAAAAgQFtAEDAwIEAggKACn4mAAAAAA="}
00549{"packet_event_id":2,"packet_event_name":"packet-flow","thread_id":0,"packet_id":67,"source":"cfgs\/default\/pcap\/wow.pcap","alias":"nDPId-test","flow_id":4,"flow_packet_id":3,"flow_src_last_pkt_time":1437858849489585,"flow_dst_last_pkt_time":1437858849702534,"flow_idle_time":7580000000,"pkt_datalink":1,"pkt_caplen":74,"pkt_type":2048,"pkt_l3_offset":14,"pkt_l4_offset":34,"pkt_len":74,"pkt_l4_len":40,"thread_ts_usec":1437858849702534,"pkt":"JGURQGHhJGUR0Ik6CABFAAA8AABAADMG4+QMgeSZwKiyFA6MmcRkqiOyEV+yfKASOJAOpgAAAgQFhAQCCApCum0NACn4mAEDAwc="}
00537{"packet_event_id":2,"packet_event_name":"packet-flow","thread_id":0,"packet_id":68,"source":"cfgs\/default\/pcap\/wow.pcap","alias":"nDPId-test","flow_id":4,"flow_packet_id":4,"flow_src_last_pkt_time":1437858849702632,"flow_dst_last_pkt_time":1437858849702534,"flow_idle_time":7580000000,"pkt_datalink":1,"pkt_caplen":66,"pkt_type":2048,"pkt_l3_offset":14,"pkt_l4_offset":34,"pkt_len":66,"pkt_l4_len":32,"thread_ts_usec":1437858849702632,"pkt":"JGUR0Ik6JGURQGHhCABFAAA0GWZAAIAGfYbAqLIUDIHkmZnEDowRX7J8ZKojs4AQEGhlVQAAAQEICgAp+K1Cum0N"}
00537{"packet_event_id":2,"packet_event_name":"packet-flow","thread_id":0,"packet_id":69,"source":"cfgs\/default\/pcap\/wow.pcap","alias":"nDPId-test","flow_id":4,"flow_packet_id":5,"flow_src_last_pkt_time":1437858849702756,"flow_dst_last_pkt_time":1437858849702534,"flow_idle_time":7580000000,"pkt_datalink":1,"pkt_caplen":66,"pkt_type":2048,"pkt_l3_offset":14,"pkt_l4_offset":34,"pkt_len":66,"pkt_l4_len":32,"thread_ts_usec":1437858849702756,"pkt":"JGUR0Ik6JGURQGHhCABFAAA0GWZAAIAGfYbAqLIUDIHkmZnEDowRX7J8ZKojs4AQEGhlVQAAAQEICgAp+K1Cum0N"}
00925{"flow_event_id":7,"flow_event_name":"detected","thread_id":0,"packet_id":70,"source":"cfgs\/default\/pcap\/wow.pcap","alias":"nDPId-test","flow_id":4,"flow_state":"info","flow_src_packets_processed":4,"flow_dst_packets_processed":2,"flow_first_seen":1437858849489494,"flow_src_last_pkt_time":1437858849702756,"flow_dst_last_pkt_time":1437858849924849,"flow_idle_time":7580000000,"flow_src_min_l4_payload_len":0,"flow_dst_min_l4_payload_len":0,"flow_src_max_l4_payload_len":0,"flow_dst_max_l4_payload_len":50,"flow_src_tot_l4_payload_len":0,"flow_dst_tot_l4_payload_len":50,"midstream":0,"thread_ts_usec":1437858849924849,"l3_proto":"ip4","src_ip":"192.168.178.20","dst_ip":"12.129.228.153","src_port":39364,"dst_port":3724,"l4_proto":"tcp","ndpi": {"confidence": {"6":"DPI"},"proto":"WorldOfWarcraft","proto_id":"76","proto_by_ip":"Unknown","proto_by_ip_id":0,"encrypted":0,"breed":"Fun","category_id":8,"category":"Game"}}
00789{"daemon_event_id":4,"daemon_event_name":"status","thread_id":0,"packet_id":83,"source":"cfgs\/default\/pcap\/wow.pcap","alias":"nDPId-test","version":"1.6.0","ndpi_version":"4.9.0-4628-142c8f5","packets-captured":83,"packets-processed":82,"pfring_active":false,"pfring_recv":0,"pfring_drop":0,"pfring_shunt":0,"total-skipped-flows":0,"total-l4-payload-len":4309,"total-not-detected-flows":0,"total-guessed-flows":0,"total-detected-flows":4,"total-detection-updates":1,"total-updates":0,"current-active-flows":4,"total-active-flows":4,"total-idle-flows":0,"total-compressions":0,"total-compression-diff":0,"current-compression-diff":0,"global-alloc-count":0,"global-free-count":0,"global-alloc-bytes":0,"global-free-bytes":0,"total-events-serialized":32,"global_ts_usec":1437859397750241}
00774{"flow_event_id":1,"flow_event_name":"new","thread_id":0,"packet_id":83,"source":"cfgs\/default\/pcap\/wow.pcap","alias":"nDPId-test","flow_id":5,"flow_state":"info","flow_src_packets_processed":1,"flow_dst_packets_processed":0,"flow_first_seen":1437859397750241,"flow_src_last_pkt_time":1437859397750241,"flow_dst_last_pkt_time":1437859397750241,"flow_idle_time":7580000000,"flow_src_min_l4_payload_len":0,"flow_dst_min_l4_payload_len":0,"flow_src_max_l4_payload_len":0,"flow_dst_max_l4_payload_len":0,"flow_src_tot_l4_payload_len":0,"flow_dst_tot_l4_payload_len":0,"midstream":0,"thread_ts_usec":1437859397750241,"l3_proto":"ip4","src_ip":"192.168.178.20","dst_ip":"12.129.228.152","src_port":39593,"dst_port":3724,"l4_proto":"tcp","flow_datalink":1,"flow_max_packets":5}
00549{"packet_event_id":2,"packet_event_name":"packet-flow","thread_id":0,"packet_id":83,"source":"cfgs\/default\/pcap\/wow.pcap","alias":"nDPId-test","flow_id":5,"flow_packet_id":1,"flow_src_last_pkt_time":1437859397750241,"flow_dst_last_pkt_time":1437859397750241,"flow_idle_time":7580000000,"pkt_datalink":1,"pkt_caplen":74,"pkt_type":2048,"pkt_l3_offset":14,"pkt_l4_offset":34,"pkt_len":74,"pkt_l4_len":40,"thread_ts_usec":1437859397750241,"pkt":"JGUR0Ik6JGURQGHhCABFAAA8KdNAAIAGbRLAqLIUDIHkmJqpDoyvdi+RAAAAAKACIABtBAAAAgQFtAEDAwIEAggKACrOwgAAAAA="}
00549{"packet_event_id":2,"packet_event_name":"packet-flow","thread_id":0,"packet_id":84,"source":"cfgs\/default\/pcap\/wow.pcap","alias":"nDPId-test","flow_id":5,"flow_packet_id":2,"flow_src_last_pkt_time":1437859397750308,"flow_dst_last_pkt_time":1437859397750241,"flow_idle_time":7580000000,"pkt_datalink":1,"pkt_caplen":74,"pkt_type":2048,"pkt_l3_offset":14,"pkt_l4_offset":34,"pkt_len":74,"pkt_l4_len":40,"thread_ts_usec":1437859397750308,"pkt":"JGUR0Ik6JGURQGHhCABFAAA8KdNAAIAGbRLAqLIUDIHkmJqpDoyvdi+RAAAAAKACIABtBAAAAgQFtAEDAwIEAggKACrOwgAAAAA="}
00549{"packet_event_id":2,"packet_event_name":"packet-flow","thread_id":0,"packet_id":85,"source":"cfgs\/default\/pcap\/wow.pcap","alias":"nDPId-test","flow_id":5,"flow_packet_id":3,"flow_src_last_pkt_time":1437859397750308,"flow_dst_last_pkt_time":1437859397966956,"flow_idle_time":7580000000,"pkt_datalink":1,"pkt_caplen":74,"pkt_type":2048,"pkt_l3_offset":14,"pkt_l4_offset":34,"pkt_len":74,"pkt_l4_len":40,"thread_ts_usec":1437859397966956,"pkt":"JGURQGHhJGUR0Ik6CABFAAA8AABAADMG4+UMgeSYwKiyFA6Mmqlj7+ucr3YvkqASOJA2KQAAAgQFhAQCCApCwowWACrOwgEDAwc="}
00538{"packet_event_id":2,"packet_event_name":"packet-flow","thread_id":0,"packet_id":86,"source":"cfgs\/default\/pcap\/wow.pcap","alias":"nDPId-test","flow_id":5,"flow_packet_id":4,"flow_src_last_pkt_time":1437859397967040,"flow_dst_last_pkt_time":1437859397966956,"flow_idle_time":7580000000,"pkt_datalink":1,"pkt_caplen":66,"pkt_type":2048,"pkt_l3_offset":14,"pkt_l4_offset":34,"pkt_len":66,"pkt_l4_len":32,"thread_ts_usec":1437859397967040,"pkt":"JGUR0Ik6JGURQGHhCABFAAA0KdZAAIAGbRfAqLIUDIHkmJqpDoyvdi+SY+\/rnYAQEGiM2AAAAQEICgAqztdCwowW"}
00538{"packet_event_id":2,"packet_event_name":"packet-flow","thread_id":0,"packet_id":87,"source":"cfgs\/default\/pcap\/wow.pcap","alias":"nDPId-test","flow_id":5,"flow_packet_id":5,"flow_src_last_pkt_time":1437859397967111,"flow_dst_last_pkt_time":1437859397966956,"flow_idle_time":7580000000,"pkt_datalink":1,"pkt_caplen":66,"pkt_type":2048,"pkt_l3_offset":14,"pkt_l4_offset":34,"pkt_len":66,"pkt_l4_len":32,"thread_ts_usec":1437859397967111,"pkt":"JGUR0Ik6JGURQGHhCABFAAA0KdZAAIAGbRfAqLIUDIHkmJqpDoyvdi+SY+\/rnYAQEGiM2AAAAQEICgAqztdCwowW"}
00925{"flow_event_id":7,"flow_event_name":"detected","thread_id":0,"packet_id":88,"source":"cfgs\/default\/pcap\/wow.pcap","alias":"nDPId-test","flow_id":5,"flow_state":"info","flow_src_packets_processed":4,"flow_dst_packets_processed":2,"flow_first_seen":1437859397750241,"flow_src_last_pkt_time":1437859397967111,"flow_dst_last_pkt_time":1437859398184026,"flow_idle_time":7580000000,"flow_src_min_l4_payload_len":0,"flow_dst_min_l4_payload_len":0,"flow_src_max_l4_payload_len":0,"flow_dst_max_l4_payload_len":50,"flow_src_tot_l4_payload_len":0,"flow_dst_tot_l4_payload_len":50,"midstream":0,"thread_ts_usec":1437859398184026,"l3_proto":"ip4","src_ip":"192.168.178.20","dst_ip":"12.129.228.152","src_port":39593,"dst_port":3724,"l4_proto":"tcp","ndpi": {"confidence": {"6":"DPI"},"proto":"WorldOfWarcraft","proto_id":"76","proto_by_ip":"Unknown","proto_by_ip_id":0,"encrypted":0,"breed":"Fun","category_id":8,"category":"Game"}}
00972{"flow_event_id":3,"flow_event_name":"idle","thread_id":0,"packet_id":95,"source":"cfgs\/default\/pcap\/wow.pcap","alias":"nDPId-test","flow_id":3,"flow_state":"finished","flow_src_packets_processed":10,"flow_dst_packets_processed":6,"flow_first_seen":1437858780584251,"flow_src_last_pkt_time":1437858781945900,"flow_dst_last_pkt_time":1437858782413909,"flow_idle_time":7580000000,"flow_src_min_l4_payload_len":0,"flow_dst_min_l4_payload_len":0,"flow_src_max_l4_payload_len":503,"flow_dst_max_l4_payload_len":401,"flow_src_tot_l4_payload_len":2112,"flow_dst_tot_l4_payload_len":494,"midstream":0,"thread_ts_usec":1437859398661830,"l3_proto":"ip4","src_ip":"192.168.178.20","dst_ip":"12.129.228.153","src_port":39329,"dst_port":3724,"l4_proto":"tcp","flow_datalink":1,"flow_max_packets":5,"ndpi": {"confidence": {"6":"DPI"},"proto":"WorldOfWarcraft","proto_id":"76","proto_by_ip":"Unknown","proto_by_ip_id":0,"encrypted":0,"breed":"Fun","category_id":8,"category":"Game"}}
00968{"flow_event_id":3,"flow_event_name":"idle","thread_id":0,"packet_id":95,"source":"cfgs\/default\/pcap\/wow.pcap","alias":"nDPId-test","flow_id":4,"flow_state":"finished","flow_src_packets_processed":13,"flow_dst_packets_processed":5,"flow_first_seen":1437858849489494,"flow_src_last_pkt_time":1437858850365838,"flow_dst_last_pkt_time":1437858850365461,"flow_idle_time":7580000000,"flow_src_min_l4_payload_len":0,"flow_dst_min_l4_payload_len":0,"flow_src_max_l4_payload_len":50,"flow_dst_max_l4_payload_len":50,"flow_src_tot_l4_payload_len":202,"flow_dst_tot_l4_payload_len":97,"midstream":0,"thread_ts_usec":1437859398661830,"l3_proto":"ip4","src_ip":"192.168.178.20","dst_ip":"12.129.228.153","src_port":39364,"dst_port":3724,"l4_proto":"tcp","flow_datalink":1,"flow_max_packets":5,"ndpi": {"confidence": {"6":"DPI"},"proto":"WorldOfWarcraft","proto_id":"76","proto_by_ip":"Unknown","proto_by_ip_id":0,"encrypted":0,"breed":"Fun","category_id":8,"category":"Game"}}
00967{"flow_event_id":3,"flow_event_name":"idle","thread_id":0,"packet_id":95,"source":"cfgs\/default\/pcap\/wow.pcap","alias":"nDPId-test","flow_id":5,"flow_state":"finished","flow_src_packets_processed":8,"flow_dst_packets_processed":5,"flow_first_seen":1437859397750241,"flow_src_last_pkt_time":1437859398404065,"flow_dst_last_pkt_time":1437859398661830,"flow_idle_time":7580000000,"flow_src_min_l4_payload_len":0,"flow_dst_min_l4_payload_len":0,"flow_src_max_l4_payload_len":50,"flow_dst_max_l4_payload_len":50,"flow_src_tot_l4_payload_len":184,"flow_dst_tot_l4_payload_len":93,"midstream":0,"thread_ts_usec":1437859398661830,"l3_proto":"ip4","src_ip":"192.168.178.20","dst_ip":"12.129.228.152","src_port":39593,"dst_port":3724,"l4_proto":"tcp","flow_datalink":1,"flow_max_packets":5,"ndpi": {"confidence": {"6":"DPI"},"proto":"WorldOfWarcraft","proto_id":"76","proto_by_ip":"Unknown","proto_by_ip_id":0,"encrypted":0,"breed":"Fun","category_id":8,"category":"Game"}}
01208{"flow_event_id":2,"flow_event_name":"end","thread_id":0,"packet_id":95,"source":"cfgs\/default\/pcap\/wow.pcap","alias":"nDPId-test","flow_id":1,"flow_state":"finished","flow_src_packets_processed":18,"flow_dst_packets_processed":6,"flow_first_seen":1437858769436349,"flow_src_last_pkt_time":1437858780442418,"flow_dst_last_pkt_time":1437858780442307,"flow_idle_time":7580000000,"flow_src_min_l4_payload_len":0,"flow_dst_min_l4_payload_len":0,"flow_src_max_l4_payload_len":85,"flow_dst_max_l4_payload_len":273,"flow_src_tot_l4_payload_len":170,"flow_dst_tot_l4_payload_len":546,"midstream":0,"thread_ts_usec":1437859398661830,"l3_proto":"ip4","src_ip":"192.168.178.20","dst_ip":"12.129.222.53","src_port":39309,"dst_port":80,"l4_proto":"tcp","flow_datalink":1,"flow_max_packets":5,"ndpi": {"flow_risk": {"11": {"risk":"HTTP Susp User-Agent","severity":"High","risk_score": {"total":310,"client":275,"server":35}},"47": {"risk":"HTTP Obsolete Server","severity":"Medium","risk_score": {"total":510,"client":435,"server":75}}},"confidence": {"6":"DPI"},"proto":"HTTP.WorldOfWarcraft","proto_id":"7.76","proto_by_ip":"Unknown","proto_by_ip_id":0,"encrypted":0,"breed":"Fun","category_id":8,"category":"Game"}}
01100{"flow_event_id":2,"flow_event_name":"end","thread_id":0,"packet_id":95,"source":"cfgs\/default\/pcap\/wow.pcap","alias":"nDPId-test","flow_id":2,"flow_state":"finished","flow_src_packets_processed":18,"flow_dst_packets_processed":6,"flow_first_seen":1437858769451846,"flow_src_last_pkt_time":1437858780577538,"flow_dst_last_pkt_time":1437858780577426,"flow_idle_time":7580000000,"flow_src_min_l4_payload_len":0,"flow_dst_min_l4_payload_len":0,"flow_src_max_l4_payload_len":72,"flow_dst_max_l4_payload_len":544,"flow_src_tot_l4_payload_len":144,"flow_dst_tot_l4_payload_len":544,"midstream":0,"thread_ts_usec":1437859398661830,"l3_proto":"ip4","src_ip":"192.168.178.20","dst_ip":"24.105.29.21","src_port":39312,"dst_port":80,"l4_proto":"tcp","flow_datalink":1,"flow_max_packets":5,"ndpi": {"flow_risk": {"11": {"risk":"HTTP Susp User-Agent","severity":"High","risk_score": {"total":310,"client":275,"server":35}}},"confidence": {"6":"DPI"},"proto":"HTTP.WorldOfWarcraft","proto_id":"7.76","proto_by_ip":"Starcraft","proto_by_ip_id":213,"encrypted":0,"breed":"Fun","category_id":8,"category":"Game"}}
00791{"daemon_event_id":3,"daemon_event_name":"shutdown","thread_id":0,"packet_id":95,"source":"cfgs\/default\/pcap\/wow.pcap","alias":"nDPId-test","version":"1.6.0","ndpi_version":"4.9.0-4628-142c8f5","packets-captured":95,"packets-processed":95,"pfring_active":false,"pfring_recv":0,"pfring_drop":0,"pfring_shunt":0,"total-skipped-flows":0,"total-l4-payload-len":4586,"total-not-detected-flows":0,"total-guessed-flows":0,"total-detected-flows":5,"total-detection-updates":1,"total-updates":0,"current-active-flows":0,"total-active-flows":5,"total-idle-flows":5,"total-compressions":0,"total-compression-diff":0,"current-compression-diff":0,"global-alloc-count":0,"global-free-count":0,"global-alloc-bytes":0,"global-free-bytes":0,"total-events-serialized":45,"global_ts_usec":1437859398661830}
~~~~~~~~~~~~~~~~~~~~ SUMMARY ~~~~~~~~~~~~~~~~~~~~
~~ packets captured/processed: 95/95
~~ skipped flows.............: 0
~~ total layer4 data length..: 4586 bytes
~~ total detected protocols..: 5
~~ total active/idle flows...: 5/5
~~ total timeout flows.......: 0
~~~~~~~~~~~~~~~~~~~~~~~~~~~~~~~~~~~~~~~~~~~~~~~~~
~~ total memory allocated....: 5516007 bytes
~~ total memory freed........: 5516007 bytes
~~ total allocations/frees...: 86016/86016
~~~~~~~~~~~~~~~~~~~~~~~~~~~~~~~~~~~~~~~~~~~~~~~~~
~~ json message min len.......: 526 chars
~~ json message max len.......: 1347 chars
~~ json message avg len.......: 935 chars
